62.221.168.91 - - [06/Jun/2020:06:30:01 +0000] "GET /uploads/items/533fe3c6ba954.jpg HTTP/1.0" 200 500 "https://www.shenteon.com/gdr/mercato/lista/mercato/1/livello/0/categoria/46" "Mozilla/5.0 (Windows NT 10.0; Win64; x64; rv:77.0) Gecko/20100101 Firefox/77.0"
62.221.168.91 - - [06/Jun/2020:06:30:01 +0000] "GET /js/routing?callback=fos.Router.setData HTTP/1.0" 200 1163 "https://www.shenteon.com/gdr/mercato/lista/mercato/1/livello/0/categoria/46" "Mozilla/5.0 (Windows NT 10.0; Win64; x64; rv:77.0) Gecko/20100101 Firefox/77.0"
46.165.252.196 - - [06/Jun/2020:06:30:01 +0000] "GET /cron/meteo/check HTTP/1.0" 200 565 "-" "Wget/1.14 (linux-gnu)"
62.221.168.91 - - [06/Jun/2020:06:30:01 +0000] "GET /gdr/marque/show HTTP/1.0" 200 894 "https://www.shenteon.com/gdr/mercato/lista/mercato/1/livello/0/categoria/46" "Mozilla/5.0 (Windows NT 10.0; Win64; x64; rv:77.0) Gecko/20100101 Firefox/77.0"
62.221.168.91 - - [06/Jun/2020:06:30:21 +0000] "GET /gdr/missive/ajax HTTP/1.0" 200 707 "https://www.shenteon.com/gdr/mercato/lista/mercato/1/livello/0/categoria/46" "Mozilla/5.0 (Windows NT 10.0; Win64; x64; rv:77.0) Gecko/20100101 Firefox/77.0"
62.221.168.91 - - [06/Jun/2020:06:30:24 +0000] "GET /gdr/anagrafe/index HTTP/1.0" 200 5124 "https://www.shenteon.com/gdr/mercato/lista/mercato/1/livello/0/categoria/46" "Mozilla/5.0 (Windows NT 10.0; Win64; x64; rv:77.0) Gecko/20100101 Firefox/77.0"
62.221.168.91 - - [06/Jun/2020:06:30:25 +0000] "GET /js/routing?callback=fos.Router.setData HTTP/1.0" 200 1163 "https://www.shenteon.com/gdr/anagrafe/index" "Mozilla/5.0 (Windows NT 10.0; Win64; x64; rv:77.0) Gecko/20100101 Firefox/77.0"
62.221.168.91 - - [06/Jun/2020:06:30:45 +0000] "GET /gdr/anagrafe/index?page=2 HTTP/1.0" 200 5059 "https://www.shenteon.com/gdr/anagrafe/index" "Mozilla/5.0 (Windows NT 10.0; Win64; x64; rv:77.0) Gecko/20100101 Firefox/77.0"
62.221.168.91 - - [06/Jun/2020:06:30:45 +0000] "GET /gdr/missive/ajax HTTP/1.0" 200 707 "https://www.shenteon.com/gdr/anagrafe/index" "Mozilla/5.0 (Windows NT 10.0; Win64; x64; rv:77.0) Gecko/20100101 Firefox/77.0"
62.221.168.91 - - [06/Jun/2020:06:30:45 +0000] "GET /js/routing?callback=fos.Router.setData HTTP/1.0" 200 1163 "https://www.shenteon.com/gdr/anagrafe/index?page=2" "Mozilla/5.0 (Windows NT 10.0; Win64; x64; rv:77.0) Gecko/20100101 Firefox/77.0"
62.221.168.91 - - [06/Jun/2020:06:31:06 +0000] "GET /gdr/missive/ajax HTTP/1.0" 200 707 "https://www.shenteon.com/gdr/anagrafe/index?page=2" "Mozilla/5.0 (Windows NT 10.0; Win64; x64; rv:77.0) Gecko/20100101 Firefox/77.0"
62.221.168.91 - - [06/Jun/2020:06:31:27 +0000] "GET /gdr/missive/ajax HTTP/1.0" 200 707 "https://www.shenteon.com/gdr/anagrafe/index?page=2" "Mozilla/5.0 (Windows NT 10.0; Win64; x64; rv:77.0) Gecko/20100101 Firefox/77.0"
62.221.168.91 - - [06/Jun/2020:06:31:37 +0000] "GET /gdr/anagrafe/index?page=3 HTTP/1.0" 200 5054 "https://www.shenteon.com/gdr/anagrafe/index?page=2" "Mozilla/5.0 (Windows NT 10.0; Win64; x64; rv:77.0) Gecko/20100101 Firefox/77.0"
62.221.168.91 - - [06/Jun/2020:06:31:37 +0000] "GET /uploads/race/5ea60c8fefe1e.gif HTTP/1.0" 200 498 "https://www.shenteon.com/gdr/anagrafe/index?page=3" "Mozilla/5.0 (Windows NT 10.0; Win64; x64; rv:77.0) Gecko/20100101 Firefox/77.0"
62.221.168.91 - - [06/Jun/2020:06:31:37 +0000] "GET /uploads/race/5307a803df12e.gif HTTP/1.0" 200 498 "https://www.shenteon.com/gdr/anagrafe/index?page=3" "Mozilla/5.0 (Windows NT 10.0; Win64; x64; rv:77.0) Gecko/20100101 Firefox/77.0"
62.221.168.91 - - [06/Jun/2020:06:31:37 +0000] "GET /uploads/race/529d23d10b3d9.gif HTTP/1.0" 200 498 "https://www.shenteon.com/gdr/anagrafe/index?page=3" "Mozilla/5.0 (Windows NT 10.0; Win64; x64; rv:77.0) Gecko/20100101 Firefox/77.0"
62.221.168.91 - - [06/Jun/2020:06:31:38 +0000] "GET /uploads/race/523a2c49d0d36.gif HTTP/1.0" 200 498 "https://www.shenteon.com/gdr/anagrafe/index?page=3" "Mozilla/5.0 (Windows NT 10.0; Win64; x64; rv:77.0) Gecko/20100101 Firefox/77.0"
62.221.168.91 - - [06/Jun/2020:06:31:38 +0000] "GET /js/routing?callback=fos.Router.setData HTTP/1.0" 200 1163 "https://www.shenteon.com/gdr/anagrafe/index?page=3" "Mozilla/5.0 (Windows NT 10.0; Win64; x64; rv:77.0) Gecko/20100101 Firefox/77.0"
62.221.168.91 - - [06/Jun/2020:06:31:58 +0000] "GET /gdr/missive/ajax HTTP/1.0" 200 707 "https://www.shenteon.com/gdr/anagrafe/index?page=3" "Mozilla/5.0 (Windows NT 10.0; Win64; x64; rv:77.0) Gecko/20100101 Firefox/77.0"
62.221.168.91 - - [06/Jun/2020:06:32:13 +0000] "GET /gdr/anagrafe/index?page=4 HTTP/1.0" 200 4031 "https://www.shenteon.com/gdr/anagrafe/index?page=3" "Mozilla/5.0 (Windows NT 10.0; Win64; x64; rv:77.0) Gecko/20100101 Firefox/77.0"
62.221.168.91 - - [06/Jun/2020:06:32:13 +0000] "GET /js/routing?callback=fos.Router.setData HTTP/1.0" 200 1163 "https://www.shenteon.com/gdr/anagrafe/index?page=4" "Mozilla/5.0 (Windows NT 10.0; Win64; x64; rv:77.0) Gecko/20100101 Firefox/77.0"
62.221.168.91 - - [06/Jun/2020:06:32:13 +0000] "GET /gdr/marque/show HTTP/1.0" 200 894 "https://www.shenteon.com/gdr/anagrafe/index?page=4" "Mozilla/5.0 (Windows NT 10.0; Win64; x64; rv:77.0) Gecko/20100101 Firefox/77.0"
62.221.168.91 - - [06/Jun/2020:06:32:19 +0000] "GET /gdr/avatar/Yugene HTTP/1.0" 200 4265 "https://www.shenteon.com/gdr/anagrafe/index?page=4" "Mozilla/5.0 (Windows NT 10.0; Win64; x64; rv:77.0) Gecko/20100101 Firefox/77.0"
62.221.168.91 - - [06/Jun/2020:06:32:20 +0000] "GET /uploads/race/5238af4c54294.jpeg HTTP/1.0" 200 500 "https://www.shenteon.com/gdr/avatar/Yugene" "Mozilla/5.0 (Windows NT 10.0; Win64; x64; rv:77.0) Gecko/20100101 Firefox/77.0"
62.221.168.91 - - [06/Jun/2020:06:32:20 +0000] "GET /js/routing?callback=fos.Router.setData HTTP/1.0" 200 1163 "https://www.shenteon.com/gdr/avatar/Yugene" "Mozilla/5.0 (Windows NT 10.0; Win64; x64; rv:77.0) Gecko/20100101 Firefox/77.0"
62.221.168.91 - - [06/Jun/2020:06:32:29 +0000] "GET /gdr/bacheca/index HTTP/1.0" 200 5037 "https://www.shenteon.com/gdr/avatar/Yugene" "Mozilla/5.0 (Windows NT 10.0; Win64; x64; rv:77.0) Gecko/20100101 Firefox/77.0"
62.221.168.91 - - [06/Jun/2020:06:32:29 +0000] "GET /js/c21d74b.js HTTP/1.0" 200 510 "https://www.shenteon.com/gdr/bacheca/index" "Mozilla/5.0 (Windows NT 10.0; Win64; x64; rv:77.0) Gecko/20100101 Firefox/77.0"
62.221.168.91 - - [06/Jun/2020:06:32:29 +0000] "GET /js/routing?callback=fos.Router.setData HTTP/1.0" 200 1163 "https://www.shenteon.com/gdr/bacheca/index" "Mozilla/5.0 (Windows NT 10.0; Win64; x64; rv:77.0) Gecko/20100101 Firefox/77.0"
62.221.168.91 - - [06/Jun/2020:06:32:31 +0000] "GET /gdr/bacheca/threads/categoria/1 HTTP/1.0" 200 3677 "https://www.shenteon.com/gdr/bacheca/index" "Mozilla/5.0 (Windows NT 10.0; Win64; x64; rv:77.0) Gecko/20100101 Firefox/77.0"
62.221.168.91 - - [06/Jun/2020:06:32:32 +0000] "GET /bundles/gdrgame/images/vecchio-thread.png?v1.0.65 HTTP/1.0" 200 509 "https://www.shenteon.com/gdr/bacheca/threads/categoria/1" "Mozilla/5.0 (Windows NT 10.0; Win64; x64; rv:77.0) Gecko/20100101 Firefox/77.0"
62.221.168.91 - - [06/Jun/2020:06:32:32 +0000] "GET /uploads/enclave/5252a995c8e45.png HTTP/1.0" 200 501 "https://www.shenteon.com/gdr/bacheca/threads/categoria/1" "Mozilla/5.0 (Windows NT 10.0; Win64; x64; rv:77.0) Gecko/20100101 Firefox/77.0"
62.221.168.91 - - [06/Jun/2020:06:32:32 +0000] "GET /js/routing?callback=fos.Router.setData HTTP/1.0" 200 1163 "https://www.shenteon.com/gdr/bacheca/threads/categoria/1" "Mozilla/5.0 (Windows NT 10.0; Win64; x64; rv:77.0) Gecko/20100101 Firefox/77.0"
62.221.168.91 - - [06/Jun/2020:06:32:33 +0000] "GET /gdr/bacheca/thread/show/4261 HTTP/1.0" 200 4846 "https://www.shenteon.com/gdr/bacheca/threads/categoria/1" "Mozilla/5.0 (Windows NT 10.0; Win64; x64; rv:77.0) Gecko/20100101 Firefox/77.0"
62.221.168.91 - - [06/Jun/2020:06:32:34 +0000] "GET /uploads/general/5ed42078b19ac.png?v1.0.65 HTTP/1.0" 200 501 "https://www.shenteon.com/gdr/bacheca/thread/show/4261" "Mozilla/5.0 (Windows NT 10.0; Win64; x64; rv:77.0) Gecko/20100101 Firefox/77.0"
62.221.168.91 - - [06/Jun/2020:06:32:34 +0000] "GET /js/routing?callback=fos.Router.setData HTTP/1.0" 200 1163 "https://www.shenteon.com/gdr/bacheca/thread/show/4261" "Mozilla/5.0 (Windows NT 10.0; Win64; x64; rv:77.0) Gecko/20100101 Firefox/77.0"
62.221.168.91 - - [06/Jun/2020:06:32:54 +0000] "GET /gdr/missive/ajax HTTP/1.0" 200 707 "https://www.shenteon.com/gdr/bacheca/thread/show/4261" "Mozilla/5.0 (Windows NT 10.0; Win64; x64; rv:77.0) Gecko/20100101 Firefox/77.0"
62.221.168.91 - - [06/Jun/2020:06:33:14 +0000] "GET /gdr/missive/ajax HTTP/1.0" 200 707 "https://www.shenteon.com/gdr/bacheca/thread/show/4261" "Mozilla/5.0 (Windows NT 10.0; Win64; x64; rv:77.0) Gecko/20100101 Firefox/77.0"
62.221.168.91 - - [06/Jun/2020:06:33:34 +0000] "GET /gdr/missive/ajax HTTP/1.0" 200 707 "https://www.shenteon.com/gdr/bacheca/thread/show/4261" "Mozilla/5.0 (Windows NT 10.0; Win64; x64; rv:77.0) Gecko/20100101 Firefox/77.0"
62.221.168.91 - - [06/Jun/2020:06:33:54 +0000] "GET /gdr/missive/ajax HTTP/1.0" 200 707 "https://www.shenteon.com/gdr/bacheca/thread/show/4261" "Mozilla/5.0 (Windows NT 10.0; Win64; x64; rv:77.0) Gecko/20100101 Firefox/77.0"
62.221.168.91 - - [06/Jun/2020:06:34:05 +0000] "GET /gdr/avatar/Balsiq HTTP/1.0" 200 4372 "https://www.shenteon.com/gdr/bacheca/thread/show/4261" "Mozilla/5.0 (Windows NT 10.0; Win64; x64; rv:77.0) Gecko/20100101 Firefox/77.0"
62.221.168.91 - - [06/Jun/2020:06:34:05 +0000] "GET /uploads/avatar/5eb48e11a74d5.jpg HTTP/1.0" 200 501 "https://www.shenteon.com/gdr/avatar/Balsiq" "Mozilla/5.0 (Windows NT 10.0; Win64; x64; rv:77.0) Gecko/20100101 Firefox/77.0"
62.221.168.91 - - [06/Jun/2020:06:34:05 +0000] "GET /js/routing?callback=fos.Router.setData HTTP/1.0" 200 1163 "https://www.shenteon.com/gdr/avatar/Balsiq" "Mozilla/5.0 (Windows NT 10.0; Win64; x64; rv:77.0) Gecko/20100101 Firefox/77.0"
62.221.168.91 - - [06/Jun/2020:06:34:18 +0000] "GET /gdr/editti/visualizza HTTP/1.0" 200 6510 "https://www.shenteon.com/gdr/avatar/Balsiq" "Mozilla/5.0 (Windows NT 10.0; Win64; x64; rv:77.0) Gecko/20100101 Firefox/77.0"
62.221.168.91 - - [06/Jun/2020:06:34:19 +0000] "GET /uploads/general/5ed41ccf09b50.png?v1.0.65 HTTP/1.0" 200 501 "https://www.shenteon.com/gdr/editti/visualizza" "Mozilla/5.0 (Windows NT 10.0; Win64; x64; rv:77.0) Gecko/20100101 Firefox/77.0"
62.221.168.91 - - [06/Jun/2020:06:34:19 +0000] "GET /js/routing?callback=fos.Router.setData HTTP/1.0" 200 1163 "https://www.shenteon.com/gdr/editti/visualizza" "Mozilla/5.0 (Windows NT 10.0; Win64; x64; rv:77.0) Gecko/20100101 Firefox/77.0"
62.221.168.91 - - [06/Jun/2020:06:34:20 +0000] "GET /uploads/general/5237784156108.png HTTP/1.0" 200 501 "-" "Mozilla/5.0 (Windows NT 10.0; Win64; x64; rv:77.0) Gecko/20100101 Firefox/77.0"
62.221.168.91 - - [06/Jun/2020:06:34:19 +0000] "GET /gdr/marque/show HTTP/1.0" 200 894 "https://www.shenteon.com/gdr/editti/visualizza" "Mozilla/5.0 (Windows NT 10.0; Win64; x64; rv:77.0) Gecko/20100101 Firefox/77.0"
40.77.167.144 - - [06/Jun/2020:06:34:38 +0000] "GET /ambientazione.html HTTP/1.0" 200 3360 "-" "Mozilla/5.0 (iPhone; CPU iPhone OS 7_0 like Mac OS X) AppleWebKit/537.51.1 (KHTML, like Gecko) Version/7.0 Mobile/11A465 Safari/9537.53 (compatible; bingbot/2.0; +http://www.bing.com/bingbot.htm)"
62.221.168.91 - - [06/Jun/2020:06:34:39 +0000] "GET /gdr/missive/ajax HTTP/1.0" 200 707 "https://www.shenteon.com/gdr/editti/visualizza" "Mozilla/5.0 (Windows NT 10.0; Win64; x64; rv:77.0) Gecko/20100101 Firefox/77.0"
62.221.168.91 - - [06/Jun/2020:06:34:59 +0000] "GET /gdr/missive/ajax HTTP/1.0" 200 707 "https://www.shenteon.com/gdr/editti/visualizza" "Mozilla/5.0 (Windows NT 10.0; Win64; x64; rv:77.0) Gecko/20100101 Firefox/77.0"
62.221.168.91 - - [06/Jun/2020:06:35:19 +0000] "GET /gdr/missive/ajax HTTP/1.0" 200 3805 "https://www.shenteon.com/gdr/editti/visualizza" "Mozilla/5.0 (Windows NT 10.0; Win64; x64; rv:77.0) Gecko/20100101 Firefox/77.0"
62.221.168.91 - - [06/Jun/2020:06:35:39 +0000] "GET /gdr/missive/ajax HTTP/1.0" 200 707 "https://www.shenteon.com/gdr/editti/visualizza" "Mozilla/5.0 (Windows NT 10.0; Win64; x64; rv:77.0) Gecko/20100101 Firefox/77.0"
62.221.168.91 - - [06/Jun/2020:06:35:59 +0000] "GET /gdr/missive/ajax HTTP/1.0" 200 707 "https://www.shenteon.com/gdr/editti/visualizza" "Mozilla/5.0 (Windows NT 10.0; Win64; x64; rv:77.0) Gecko/20100101 Firefox/77.0"
62.221.168.91 - - [06/Jun/2020:06:36:19 +0000] "GET /gdr/missive/ajax HTTP/1.0" 200 707 "https://www.shenteon.com/gdr/editti/visualizza" "Mozilla/5.0 (Windows NT 10.0; Win64; x64; rv:77.0) Gecko/20100101 Firefox/77.0"
62.221.168.91 - - [06/Jun/2020:06:36:19 +0000] "GET /gdr/presenti/show-in-and-out HTTP/1.0" 200 661 "https://www.shenteon.com/gdr/editti/visualizza" "Mozilla/5.0 (Windows NT 10.0; Win64; x64; rv:77.0) Gecko/20100101 Firefox/77.0"
62.221.168.91 - - [06/Jun/2020:06:36:39 +0000] "GET /gdr/missive/ajax HTTP/1.0" 200 707 "https://www.shenteon.com/gdr/editti/visualizza" "Mozilla/5.0 (Windows NT 10.0; Win64; x64; rv:77.0) Gecko/20100101 Firefox/77.0"
62.221.168.91 - - [06/Jun/2020:06:36:59 +0000] "GET /gdr/missive/ajax HTTP/1.0" 200 707 "https://www.shenteon.com/gdr/editti/visualizza" "Mozilla/5.0 (Windows NT 10.0; Win64; x64; rv:77.0) Gecko/20100101 Firefox/77.0"
62.221.168.91 - - [06/Jun/2020:06:37:19 +0000] "GET /gdr/missive/ajax HTTP/1.0" 200 707 "https://www.shenteon.com/gdr/editti/visualizza" "Mozilla/5.0 (Windows NT 10.0; Win64; x64; rv:77.0) Gecko/20100101 Firefox/77.0"
62.221.168.91 - - [06/Jun/2020:06:37:39 +0000] "GET /gdr/missive/ajax HTTP/1.0" 200 707 "https://www.shenteon.com/gdr/editti/visualizza" "Mozilla/5.0 (Windows NT 10.0; Win64; x64; rv:77.0) Gecko/20100101 Firefox/77.0"
62.221.168.91 - - [06/Jun/2020:06:37:59 +0000] "GET /gdr/missive/ajax HTTP/1.0" 200 707 "https://www.shenteon.com/gdr/editti/visualizza" "Mozilla/5.0 (Windows NT 10.0; Win64; x64; rv:77.0) Gecko/20100101 Firefox/77.0"
62.221.168.91 - - [06/Jun/2020:06:38:19 +0000] "GET /gdr/presenti/show-in-and-out HTTP/1.0" 200 661 "https://www.shenteon.com/gdr/editti/visualizza" "Mozilla/5.0 (Windows NT 10.0; Win64; x64; rv:77.0) Gecko/20100101 Firefox/77.0"
62.221.168.91 - - [06/Jun/2020:06:38:19 +0000] "GET /gdr/missive/ajax HTTP/1.0" 200 707 "https://www.shenteon.com/gdr/editti/visualizza" "Mozilla/5.0 (Windows NT 10.0; Win64; x64; rv:77.0) Gecko/20100101 Firefox/77.0"
62.221.168.91 - - [06/Jun/2020:06:38:39 +0000] "GET /gdr/missive/ajax HTTP/1.0" 200 707 "https://www.shenteon.com/gdr/editti/visualizza" "Mozilla/5.0 (Windows NT 10.0; Win64; x64; rv:77.0) Gecko/20100101 Firefox/77.0"
62.221.168.91 - - [06/Jun/2020:06:38:59 +0000] "GET /gdr/missive/ajax HTTP/1.0" 200 707 "https://www.shenteon.com/gdr/editti/visualizza" "Mozilla/5.0 (Windows NT 10.0; Win64; x64; rv:77.0) Gecko/20100101 Firefox/77.0"
62.221.168.91 - - [06/Jun/2020:06:39:19 +0000] "GET /gdr/meteo/show HTTP/1.0" 200 799 "https://www.shenteon.com/gdr/editti/visualizza" "Mozilla/5.0 (Windows NT 10.0; Win64; x64; rv:77.0) Gecko/20100101 Firefox/77.0"
62.221.168.91 - - [06/Jun/2020:06:39:19 +0000] "GET /gdr/marque/show HTTP/1.0" 200 894 "https://www.shenteon.com/gdr/editti/visualizza" "Mozilla/5.0 (Windows NT 10.0; Win64; x64; rv:77.0) Gecko/20100101 Firefox/77.0"
62.221.168.91 - - [06/Jun/2020:06:39:19 +0000] "GET /gdr/meteo/date HTTP/1.0" 200 603 "https://www.shenteon.com/gdr/editti/visualizza" "Mozilla/5.0 (Windows NT 10.0; Win64; x64; rv:77.0) Gecko/20100101 Firefox/77.0"
62.221.168.91 - - [06/Jun/2020:06:39:19 +0000] "GET /gdr/missive/ajax HTTP/1.0" 200 707 "https://www.shenteon.com/gdr/editti/visualizza" "Mozilla/5.0 (Windows NT 10.0; Win64; x64; rv:77.0) Gecko/20100101 Firefox/77.0"
62.221.168.91 - - [06/Jun/2020:06:39:39 +0000] "GET /gdr/missive/ajax HTTP/1.0" 200 707 "https://www.shenteon.com/gdr/editti/visualizza" "Mozilla/5.0 (Windows NT 10.0; Win64; x64; rv:77.0) Gecko/20100101 Firefox/77.0"
62.221.168.91 - - [06/Jun/2020:06:39:59 +0000] "GET /gdr/missive/ajax HTTP/1.0" 200 707 "https://www.shenteon.com/gdr/editti/visualizza" "Mozilla/5.0 (Windows NT 10.0; Win64; x64; rv:77.0) Gecko/20100101 Firefox/77.0"
62.221.168.91 - - [06/Jun/2020:06:40:19 +0000] "GET /gdr/presenti/show-in-and-out HTTP/1.0" 200 661 "https://www.shenteon.com/gdr/editti/visualizza" "Mozilla/5.0 (Windows NT 10.0; Win64; x64; rv:77.0) Gecko/20100101 Firefox/77.0"
62.221.168.91 - - [06/Jun/2020:06:40:19 +0000] "GET /gdr/missive/ajax HTTP/1.0" 200 707 "https://www.shenteon.com/gdr/editti/visualizza" "Mozilla/5.0 (Windows NT 10.0; Win64; x64; rv:77.0) Gecko/20100101 Firefox/77.0"
62.221.168.91 - - [06/Jun/2020:06:40:39 +0000] "GET /gdr/missive/ajax HTTP/1.0" 200 3805 "https://www.shenteon.com/gdr/editti/visualizza" "Mozilla/5.0 (Windows NT 10.0; Win64; x64; rv:77.0) Gecko/20100101 Firefox/77.0"
62.221.168.91 - - [06/Jun/2020:06:40:59 +0000] "GET /gdr/missive/ajax HTTP/1.0" 200 707 "https://www.shenteon.com/gdr/editti/visualizza" "Mozilla/5.0 (Windows NT 10.0; Win64; x64; rv:77.0) Gecko/20100101 Firefox/77.0"
62.221.168.91 - - [06/Jun/2020:06:41:19 +0000] "GET /gdr/missive/ajax HTTP/1.0" 200 707 "https://www.shenteon.com/gdr/editti/visualizza" "Mozilla/5.0 (Windows NT 10.0; Win64; x64; rv:77.0) Gecko/20100101 Firefox/77.0"
62.221.168.91 - - [06/Jun/2020:06:41:39 +0000] "GET /gdr/missive/ajax HTTP/1.0" 200 707 "https://www.shenteon.com/gdr/editti/visualizza" "Mozilla/5.0 (Windows NT 10.0; Win64; x64; rv:77.0) Gecko/20100101 Firefox/77.0"
62.221.168.91 - - [06/Jun/2020:06:41:59 +0000] "GET /gdr/missive/ajax HTTP/1.0" 200 707 "https://www.shenteon.com/gdr/editti/visualizza" "Mozilla/5.0 (Windows NT 10.0; Win64; x64; rv:77.0) Gecko/20100101 Firefox/77.0"
62.221.168.91 - - [06/Jun/2020:06:42:19 +0000] "GET /gdr/presenti/show-in-and-out HTTP/1.0" 200 661 "https://www.shenteon.com/gdr/editti/visualizza" "Mozilla/5.0 (Windows NT 10.0; Win64; x64; rv:77.0) Gecko/20100101 Firefox/77.0"
62.221.168.91 - - [06/Jun/2020:06:42:19 +0000] "GET /gdr/missive/ajax HTTP/1.0" 200 707 "https://www.shenteon.com/gdr/editti/visualizza" "Mozilla/5.0 (Windows NT 10.0; Win64; x64; rv:77.0) Gecko/20100101 Firefox/77.0"
62.221.168.91 - - [06/Jun/2020:06:42:39 +0000] "GET /gdr/missive/ajax HTTP/1.0" 200 707 "https://www.shenteon.com/gdr/editti/visualizza" "Mozilla/5.0 (Windows NT 10.0; Win64; x64; rv:77.0) Gecko/20100101 Firefox/77.0"
62.221.168.91 - - [06/Jun/2020:06:42:59 +0000] "GET /gdr/missive/ajax HTTP/1.0" 200 707 "https://www.shenteon.com/gdr/editti/visualizza" "Mozilla/5.0 (Windows NT 10.0; Win64; x64; rv:77.0) Gecko/20100101 Firefox/77.0"
62.221.168.91 - - [06/Jun/2020:06:43:19 +0000] "GET /gdr/missive/ajax HTTP/1.0" 200 707 "https://www.shenteon.com/gdr/editti/visualizza" "Mozilla/5.0 (Windows NT 10.0; Win64; x64; rv:77.0) Gecko/20100101 Firefox/77.0"
62.221.168.91 - - [06/Jun/2020:06:43:39 +0000] "GET /gdr/missive/ajax HTTP/1.0" 200 707 "https://www.shenteon.com/gdr/editti/visualizza" "Mozilla/5.0 (Windows NT 10.0; Win64; x64; rv:77.0) Gecko/20100101 Firefox/77.0"
62.221.168.91 - - [06/Jun/2020:06:43:59 +0000] "GET /gdr/missive/ajax HTTP/1.0" 200 707 "https://www.shenteon.com/gdr/editti/visualizza" "Mozilla/5.0 (Windows NT 10.0; Win64; x64; rv:77.0) Gecko/20100101 Firefox/77.0"
62.221.168.91 - - [06/Jun/2020:06:44:19 +0000] "GET /gdr/presenti/show-in-and-out HTTP/1.0" 200 661 "https://www.shenteon.com/gdr/editti/visualizza" "Mozilla/5.0 (Windows NT 10.0; Win64; x64; rv:77.0) Gecko/20100101 Firefox/77.0"
62.221.168.91 - - [06/Jun/2020:06:44:19 +0000] "GET /gdr/meteo/show HTTP/1.0" 200 799 "https://www.shenteon.com/gdr/editti/visualizza" "Mozilla/5.0 (Windows NT 10.0; Win64; x64; rv:77.0) Gecko/20100101 Firefox/77.0"
62.221.168.91 - - [06/Jun/2020:06:44:19 +0000] "GET /gdr/meteo/date HTTP/1.0" 200 603 "https://www.shenteon.com/gdr/editti/visualizza" "Mozilla/5.0 (Windows NT 10.0; Win64; x64; rv:77.0) Gecko/20100101 Firefox/77.0"
62.221.168.91 - - [06/Jun/2020:06:44:19 +0000] "GET /gdr/missive/ajax HTTP/1.0" 200 707 "https://www.shenteon.com/gdr/editti/visualizza" "Mozilla/5.0 (Windows NT 10.0; Win64; x64; rv:77.0) Gecko/20100101 Firefox/77.0"
62.221.168.91 - - [06/Jun/2020:06:44:19 +0000] "GET /gdr/marque/show HTTP/1.0" 200 894 "https://www.shenteon.com/gdr/editti/visualizza" "Mozilla/5.0 (Windows NT 10.0; Win64; x64; rv:77.0) Gecko/20100101 Firefox/77.0"
62.221.168.91 - - [06/Jun/2020:06:44:39 +0000] "GET /gdr/missive/ajax HTTP/1.0" 200 707 "https://www.shenteon.com/gdr/editti/visualizza" "Mozilla/5.0 (Windows NT 10.0; Win64; x64; rv:77.0) Gecko/20100101 Firefox/77.0"
62.221.168.91 - - [06/Jun/2020:06:44:59 +0000] "GET /gdr/missive/ajax HTTP/1.0" 200 707 "https://www.shenteon.com/gdr/editti/visualizza" "Mozilla/5.0 (Windows NT 10.0; Win64; x64; rv:77.0) Gecko/20100101 Firefox/77.0"
46.165.252.196 - - [06/Jun/2020:06:45:01 +0000] "GET /cron/meteo/check HTTP/1.0" 200 565 "-" "Wget/1.14 (linux-gnu)"
62.221.168.91 - - [06/Jun/2020:06:45:19 +0000] "GET /gdr/missive/ajax HTTP/1.0" 200 707 "https://www.shenteon.com/gdr/editti/visualizza" "Mozilla/5.0 (Windows NT 10.0; Win64; x64; rv:77.0) Gecko/20100101 Firefox/77.0"
62.221.168.91 - - [06/Jun/2020:06:45:39 +0000] "GET /gdr/missive/ajax HTTP/1.0" 200 707 "https://www.shenteon.com/gdr/editti/visualizza" "Mozilla/5.0 (Windows NT 10.0; Win64; x64; rv:77.0) Gecko/20100101 Firefox/77.0"
62.221.168.91 - - [06/Jun/2020:06:45:59 +0000] "GET /gdr/missive/ajax HTTP/1.0" 200 3805 "https://www.shenteon.com/gdr/editti/visualizza" "Mozilla/5.0 (Windows NT 10.0; Win64; x64; rv:77.0) Gecko/20100101 Firefox/77.0"
62.221.168.91 - - [06/Jun/2020:06:46:19 +0000] "GET /gdr/presenti/show-in-and-out HTTP/1.0" 200 661 "https://www.shenteon.com/gdr/editti/visualizza" "Mozilla/5.0 (Windows NT 10.0; Win64; x64; rv:77.0) Gecko/20100101 Firefox/77.0"
62.221.168.91 - - [06/Jun/2020:06:46:19 +0000] "GET /gdr/missive/ajax HTTP/1.0" 200 707 "https://www.shenteon.com/gdr/editti/visualizza" "Mozilla/5.0 (Windows NT 10.0; Win64; x64; rv:77.0) Gecko/20100101 Firefox/77.0"
62.221.168.91 - - [06/Jun/2020:06:46:39 +0000] "GET /gdr/missive/ajax HTTP/1.0" 200 707 "https://www.shenteon.com/gdr/editti/visualizza" "Mozilla/5.0 (Windows NT 10.0; Win64; x64; rv:77.0) Gecko/20100101 Firefox/77.0"
62.221.168.91 - - [06/Jun/2020:06:46:59 +0000] "GET /gdr/missive/ajax HTTP/1.0" 200 707 "https://www.shenteon.com/gdr/editti/visualizza" "Mozilla/5.0 (Windows NT 10.0; Win64; x64; rv:77.0) Gecko/20100101 Firefox/77.0"
62.221.168.91 - - [06/Jun/2020:06:47:19 +0000] "GET /gdr/missive/ajax HTTP/1.0" 200 707 "https://www.shenteon.com/gdr/editti/visualizza" "Mozilla/5.0 (Windows NT 10.0; Win64; x64; rv:77.0) Gecko/20100101 Firefox/77.0"
62.221.168.91 - - [06/Jun/2020:06:47:39 +0000] "GET /gdr/missive/ajax HTTP/1.0" 200 707 "https://www.shenteon.com/gdr/editti/visualizza" "Mozilla/5.0 (Windows NT 10.0; Win64; x64; rv:77.0) Gecko/20100101 Firefox/77.0"
51.89.204.172 - - [06/Jun/2020:06:47:58 +0000] "GET //admin/vendor/phpunit/phpunit/phpunit.xsd HTTP/1.0" 403 1249 "-" "Mozilla/5.0 (X11; Linux x86_64; rv:52.0) Gecko/20100101 Firefox/52.0"
188.11.87.79 - - [06/Jun/2020:06:47:59 +0000] "GET / HTTP/1.0" 200 4466 "-" "Mozilla/5.0 (Windows NT 6.1; WOW64) AppleWebKit/537.36 (KHTML, like Gecko) Chrome/81.0.4044.138 Safari/537.36 OPR/68.0.3618.125"
188.11.87.79 - - [06/Jun/2020:06:47:59 +0000] "GET /bundles/gdrsite/images/home/teon-giorno-nebbia.jpg?v1.0.65 HTTP/1.0" 200 519 "https://www.shenteon.com/" "Mozilla/5.0 (Windows NT 6.1; WOW64) AppleWebKit/537.36 (KHTML, like Gecko) Chrome/81.0.4044.138 Safari/537.36 OPR/68.0.3618.125"
188.11.87.79 - - [06/Jun/2020:06:47:59 +0000] "GET /uploads/meteo/54b2b10b53c70_LUNA_ROSSA_PIENA.png HTTP/1.0" 200 516 "https://www.shenteon.com/" "Mozilla/5.0 (Windows NT 6.1; WOW64) AppleWebKit/537.36 (KHTML, like Gecko) Chrome/81.0.4044.138 Safari/537.36 OPR/68.0.3618.125"
188.11.87.79 - - [06/Jun/2020:06:47:59 +0000] "GET /uploads/meteo/54b2ae58b8560_TEMPO_NEBBIA_GIORNO_NOTTE.png HTTP/1.0" 200 525 "https://www.shenteon.com/" "Mozilla/5.0 (Windows NT 6.1; WOW64) AppleWebKit/537.36 (KHTML, like Gecko) Chrome/81.0.4044.138 Safari/537.36 OPR/68.0.3618.125"
62.221.168.91 - - [06/Jun/2020:06:47:59 +0000] "GET /gdr/missive/ajax HTTP/1.0" 200 707 "https://www.shenteon.com/gdr/editti/visualizza" "Mozilla/5.0 (Windows NT 10.0; Win64; x64; rv:77.0) Gecko/20100101 Firefox/77.0"
188.11.87.79 - - [06/Jun/2020:06:48:06 +0000] "POST /login_check HTTP/1.0" 302 934 "https://www.shenteon.com/" "Mozilla/5.0 (Windows NT 6.1; WOW64) AppleWebKit/537.36 (KHTML, like Gecko) Chrome/81.0.4044.138 Safari/537.36 OPR/68.0.3618.125"
188.11.87.79 - - [06/Jun/2020:06:48:06 +0000] "GET /utente/scegli-personaggio.html HTTP/1.0" 200 3460 "https://www.shenteon.com/" "Mozilla/5.0 (Windows NT 6.1; WOW64) AppleWebKit/537.36 (KHTML, like Gecko) Chrome/81.0.4044.138 Safari/537.36 OPR/68.0.3618.125"
188.11.87.79 - - [06/Jun/2020:06:48:11 +0000] "GET /utente/scegli-personaggio/27 HTTP/1.0" 302 746 "https://www.shenteon.com/utente/scegli-personaggio.html" "Mozilla/5.0 (Windows NT 6.1; WOW64) AppleWebKit/537.36 (KHTML, like Gecko) Chrome/81.0.4044.138 Safari/537.36 OPR/68.0.3618.125"
188.11.87.79 - - [06/Jun/2020:06:48:11 +0000] "GET /gdr/ HTTP/1.0" 302 846 "https://www.shenteon.com/utente/scegli-personaggio.html" "Mozilla/5.0 (Windows NT 6.1; WOW64) AppleWebKit/537.36 (KHTML, like Gecko) Chrome/81.0.4044.138 Safari/537.36 OPR/68.0.3618.125"
188.11.87.79 - - [06/Jun/2020:06:48:12 +0000] "GET /gdr/location/posizione/2 HTTP/1.0" 302 816 "https://www.shenteon.com/utente/scegli-personaggio.html" "Mozilla/5.0 (Windows NT 6.1; WOW64) AppleWebKit/537.36 (KHTML, like Gecko) Chrome/81.0.4044.138 Safari/537.36 OPR/68.0.3618.125"
188.11.87.79 - - [06/Jun/2020:06:48:12 +0000] "GET /gdr/location/mappa HTTP/1.0" 200 4135 "https://www.shenteon.com/utente/scegli-personaggio.html" "Mozilla/5.0 (Windows NT 6.1; WOW64) AppleWebKit/537.36 (KHTML, like Gecko) Chrome/81.0.4044.138 Safari/537.36 OPR/68.0.3618.125"
188.11.87.79 - - [06/Jun/2020:06:48:13 +0000] "GET /uploads/location/52473842e1ff1_VISTA_TEON_GIORNO_NOTTE_NEBBIA.jpg HTTP/1.0" 200 534 "https://www.shenteon.com/gdr/location/mappa" "Mozilla/5.0 (Windows NT 6.1; WOW64) AppleWebKit/537.36 (KHTML, like Gecko) Chrome/81.0.4044.138 Safari/537.36 OPR/68.0.3618.125"
188.11.87.79 - - [06/Jun/2020:06:48:13 +0000] "GET /js/routing?callback=fos.Router.setData HTTP/1.0" 200 1163 "https://www.shenteon.com/gdr/location/mappa" "Mozilla/5.0 (Windows NT 6.1; WOW64) AppleWebKit/537.36 (KHTML, like Gecko) Chrome/81.0.4044.138 Safari/537.36 OPR/68.0.3618.125"
188.11.87.79 - - [06/Jun/2020:06:48:13 +0000] "GET /gdr/marque/show HTTP/1.0" 200 894 "https://www.shenteon.com/gdr/location/mappa" "Mozilla/5.0 (Windows NT 6.1; WOW64) AppleWebKit/537.36 (KHTML, like Gecko) Chrome/81.0.4044.138 Safari/537.36 OPR/68.0.3618.125"
188.11.87.79 - - [06/Jun/2020:06:48:15 +0000] "GET /gdr/presenti/index HTTP/1.0" 200 3953 "https://www.shenteon.com/gdr/location/mappa" "Mozilla/5.0 (Windows NT 6.1; WOW64) AppleWebKit/537.36 (KHTML, like Gecko) Chrome/81.0.4044.138 Safari/537.36 OPR/68.0.3618.125"
188.11.87.79 - - [06/Jun/2020:06:48:15 +0000] "GET /js/routing?callback=fos.Router.setData HTTP/1.0" 200 1163 "https://www.shenteon.com/gdr/presenti/index" "Mozilla/5.0 (Windows NT 6.1; WOW64) AppleWebKit/537.36 (KHTML, like Gecko) Chrome/81.0.4044.138 Safari/537.36 OPR/68.0.3618.125"
188.11.87.79 - - [06/Jun/2020:06:48:18 +0000] "GET /gdr/bacheca/index HTTP/1.0" 200 7290 "https://www.shenteon.com/gdr/presenti/index" "Mozilla/5.0 (Windows NT 6.1; WOW64) AppleWebKit/537.36 (KHTML, like Gecko) Chrome/81.0.4044.138 Safari/537.36 OPR/68.0.3618.125"
188.11.87.79 - - [06/Jun/2020:06:48:19 +0000] "GET /js/routing?callback=fos.Router.setData HTTP/1.0" 200 1163 "https://www.shenteon.com/gdr/bacheca/index" "Mozilla/5.0 (Windows NT 6.1; WOW64) AppleWebKit/537.36 (KHTML, like Gecko) Chrome/81.0.4044.138 Safari/537.36 OPR/68.0.3618.125"
62.221.168.91 - - [06/Jun/2020:06:48:19 +0000] "GET /gdr/presenti/show-in-and-out HTTP/1.0" 200 777 "https://www.shenteon.com/gdr/editti/visualizza" "Mozilla/5.0 (Windows NT 10.0; Win64; x64; rv:77.0) Gecko/20100101 Firefox/77.0"
62.221.168.91 - - [06/Jun/2020:06:48:19 +0000] "GET /gdr/missive/ajax HTTP/1.0" 200 707 "https://www.shenteon.com/gdr/editti/visualizza" "Mozilla/5.0 (Windows NT 10.0; Win64; x64; rv:77.0) Gecko/20100101 Firefox/77.0"
188.11.87.79 - - [06/Jun/2020:06:48:26 +0000] "GET /gdr/bacheca/threads/categoria/1 HTTP/1.0" 200 3688 "https://www.shenteon.com/gdr/bacheca/index" "Mozilla/5.0 (Windows NT 6.1; WOW64) AppleWebKit/537.36 (KHTML, like Gecko) Chrome/81.0.4044.138 Safari/537.36 OPR/68.0.3618.125"
188.11.87.79 - - [06/Jun/2020:06:48:27 +0000] "GET /js/routing?callback=fos.Router.setData HTTP/1.0" 200 1163 "https://www.shenteon.com/gdr/bacheca/threads/categoria/1" "Mozilla/5.0 (Windows NT 6.1; WOW64) AppleWebKit/537.36 (KHTML, like Gecko) Chrome/81.0.4044.138 Safari/537.36 OPR/68.0.3618.125"
188.11.87.79 - - [06/Jun/2020:06:48:29 +0000] "GET /gdr/bacheca/index HTTP/1.0" 200 7290 "https://www.shenteon.com/gdr/bacheca/threads/categoria/1" "Mozilla/5.0 (Windows NT 6.1; WOW64) AppleWebKit/537.36 (KHTML, like Gecko) Chrome/81.0.4044.138 Safari/537.36 OPR/68.0.3618.125"
188.11.87.79 - - [06/Jun/2020:06:48:30 +0000] "GET /js/routing?callback=fos.Router.setData HTTP/1.0" 200 1163 "https://www.shenteon.com/gdr/bacheca/index" "Mozilla/5.0 (Windows NT 6.1; WOW64) AppleWebKit/537.36 (KHTML, like Gecko) Chrome/81.0.4044.138 Safari/537.36 OPR/68.0.3618.125"
62.221.168.91 - - [06/Jun/2020:06:48:39 +0000] "GET /gdr/missive/ajax HTTP/1.0" 200 707 "https://www.shenteon.com/gdr/editti/visualizza" "Mozilla/5.0 (Windows NT 10.0; Win64; x64; rv:77.0) Gecko/20100101 Firefox/77.0"
188.11.87.79 - - [06/Jun/2020:06:48:40 +0000] "GET /gdr/bacheca/threads/categoria/116 HTTP/1.0" 200 4511 "https://www.shenteon.com/gdr/bacheca/index" "Mozilla/5.0 (Windows NT 6.1; WOW64) AppleWebKit/537.36 (KHTML, like Gecko) Chrome/81.0.4044.138 Safari/537.36 OPR/68.0.3618.125"
188.11.87.79 - - [06/Jun/2020:06:48:40 +0000] "GET /js/routing?callback=fos.Router.setData HTTP/1.0" 200 1163 "https://www.shenteon.com/gdr/bacheca/threads/categoria/116" "Mozilla/5.0 (Windows NT 6.1; WOW64) AppleWebKit/537.36 (KHTML, like Gecko) Chrome/81.0.4044.138 Safari/537.36 OPR/68.0.3618.125"
188.11.87.79 - - [06/Jun/2020:06:48:46 +0000] "GET /gdr/bacheca/thread/show/4210 HTTP/1.0" 200 10162 "https://www.shenteon.com/gdr/bacheca/threads/categoria/116" "Mozilla/5.0 (Windows NT 6.1; WOW64) AppleWebKit/537.36 (KHTML, like Gecko) Chrome/81.0.4044.138 Safari/537.36 OPR/68.0.3618.125"
188.11.87.79 - - [06/Jun/2020:06:48:47 +0000] "GET /js/routing?callback=fos.Router.setData HTTP/1.0" 200 1163 "https://www.shenteon.com/gdr/bacheca/thread/show/4210" "Mozilla/5.0 (Windows NT 6.1; WOW64) AppleWebKit/537.36 (KHTML, like Gecko) Chrome/81.0.4044.138 Safari/537.36 OPR/68.0.3618.125"
62.221.168.91 - - [06/Jun/2020:06:48:59 +0000] "GET /gdr/missive/ajax HTTP/1.0" 200 707 "https://www.shenteon.com/gdr/editti/visualizza" "Mozilla/5.0 (Windows NT 10.0; Win64; x64; rv:77.0) Gecko/20100101 Firefox/77.0"
188.11.87.79 - - [06/Jun/2020:06:49:07 +0000] "GET /gdr/missive/ajax HTTP/1.0" 200 707 "https://www.shenteon.com/gdr/bacheca/thread/show/4210" "Mozilla/5.0 (Windows NT 6.1; WOW64) AppleWebKit/537.36 (KHTML, like Gecko) Chrome/81.0.4044.138 Safari/537.36 OPR/68.0.3618.125"
188.11.87.79 - - [06/Jun/2020:06:49:08 +0000] "GET /gdr/bacheca/threads/categoria/116 HTTP/1.0" 200 4515 "https://www.shenteon.com/gdr/bacheca/thread/show/4210" "Mozilla/5.0 (Windows NT 6.1; WOW64) AppleWebKit/537.36 (KHTML, like Gecko) Chrome/81.0.4044.138 Safari/537.36 OPR/68.0.3618.125"
188.11.87.79 - - [06/Jun/2020:06:49:09 +0000] "GET /js/routing?callback=fos.Router.setData HTTP/1.0" 200 1163 "https://www.shenteon.com/gdr/bacheca/threads/categoria/116" "Mozilla/5.0 (Windows NT 6.1; WOW64) AppleWebKit/537.36 (KHTML, like Gecko) Chrome/81.0.4044.138 Safari/537.36 OPR/68.0.3618.125"
188.11.87.79 - - [06/Jun/2020:06:49:11 +0000] "GET /gdr/bacheca/thread/show/4263 HTTP/1.0" 200 4250 "https://www.shenteon.com/gdr/bacheca/threads/categoria/116" "Mozilla/5.0 (Windows NT 6.1; WOW64) AppleWebKit/537.36 (KHTML, like Gecko) Chrome/81.0.4044.138 Safari/537.36 OPR/68.0.3618.125"
188.11.87.79 - - [06/Jun/2020:06:49:11 +0000] "GET /js/routing?callback=fos.Router.setData HTTP/1.0" 200 1163 "https://www.shenteon.com/gdr/bacheca/thread/show/4263" "Mozilla/5.0 (Windows NT 6.1; WOW64) AppleWebKit/537.36 (KHTML, like Gecko) Chrome/81.0.4044.138 Safari/537.36 OPR/68.0.3618.125"
62.221.168.91 - - [06/Jun/2020:06:49:19 +0000] "GET /gdr/meteo/show HTTP/1.0" 200 799 "https://www.shenteon.com/gdr/editti/visualizza" "Mozilla/5.0 (Windows NT 10.0; Win64; x64; rv:77.0) Gecko/20100101 Firefox/77.0"
62.221.168.91 - - [06/Jun/2020:06:49:19 +0000] "GET /gdr/meteo/date HTTP/1.0" 200 603 "https://www.shenteon.com/gdr/editti/visualizza" "Mozilla/5.0 (Windows NT 10.0; Win64; x64; rv:77.0) Gecko/20100101 Firefox/77.0"
62.221.168.91 - - [06/Jun/2020:06:49:19 +0000] "GET /gdr/marque/show HTTP/1.0" 200 894 "https://www.shenteon.com/gdr/editti/visualizza" "Mozilla/5.0 (Windows NT 10.0; Win64; x64; rv:77.0) Gecko/20100101 Firefox/77.0"
62.221.168.91 - - [06/Jun/2020:06:49:19 +0000] "GET /gdr/missive/ajax HTTP/1.0" 200 707 "https://www.shenteon.com/gdr/editti/visualizza" "Mozilla/5.0 (Windows NT 10.0; Win64; x64; rv:77.0) Gecko/20100101 Firefox/77.0"
188.11.87.79 - - [06/Jun/2020:06:49:32 +0000] "GET /gdr/missive/ajax HTTP/1.0" 200 707 "https://www.shenteon.com/gdr/bacheca/thread/show/4263" "Mozilla/5.0 (Windows NT 6.1; WOW64) AppleWebKit/537.36 (KHTML, like Gecko) Chrome/81.0.4044.138 Safari/537.36 OPR/68.0.3618.125"
62.221.168.91 - - [06/Jun/2020:06:49:39 +0000] "GET /gdr/missive/ajax HTTP/1.0" 200 707 "https://www.shenteon.com/gdr/editti/visualizza" "Mozilla/5.0 (Windows NT 10.0; Win64; x64; rv:77.0) Gecko/20100101 Firefox/77.0"
188.11.87.79 - - [06/Jun/2020:06:49:49 +0000] "GET /gdr/bacheca/threads/categoria/116 HTTP/1.0" 200 4508 "https://www.shenteon.com/gdr/bacheca/thread/show/4263" "Mozilla/5.0 (Windows NT 6.1; WOW64) AppleWebKit/537.36 (KHTML, like Gecko) Chrome/81.0.4044.138 Safari/537.36 OPR/68.0.3618.125"
188.11.87.79 - - [06/Jun/2020:06:49:49 +0000] "GET /js/routing?callback=fos.Router.setData HTTP/1.0" 200 1163 "https://www.shenteon.com/gdr/bacheca/threads/categoria/116" "Mozilla/5.0 (Windows NT 6.1; WOW64) AppleWebKit/537.36 (KHTML, like Gecko) Chrome/81.0.4044.138 Safari/537.36 OPR/68.0.3618.125"
188.11.87.79 - - [06/Jun/2020:06:49:51 +0000] "GET /gdr/bacheca/index HTTP/1.0" 200 7289 "https://www.shenteon.com/gdr/bacheca/threads/categoria/116" "Mozilla/5.0 (Windows NT 6.1; WOW64) AppleWebKit/537.36 (KHTML, like Gecko) Chrome/81.0.4044.138 Safari/537.36 OPR/68.0.3618.125"
188.11.87.79 - - [06/Jun/2020:06:49:51 +0000] "GET /js/routing?callback=fos.Router.setData HTTP/1.0" 200 1163 "https://www.shenteon.com/gdr/bacheca/index" "Mozilla/5.0 (Windows NT 6.1; WOW64) AppleWebKit/537.36 (KHTML, like Gecko) Chrome/81.0.4044.138 Safari/537.36 OPR/68.0.3618.125"
62.221.168.91 - - [06/Jun/2020:06:49:59 +0000] "GET /gdr/missive/ajax HTTP/1.0" 200 707 "https://www.shenteon.com/gdr/editti/visualizza" "Mozilla/5.0 (Windows NT 10.0; Win64; x64; rv:77.0) Gecko/20100101 Firefox/77.0"
188.11.87.79 - - [06/Jun/2020:06:50:12 +0000] "GET /gdr/missive/ajax HTTP/1.0" 200 707 "https://www.shenteon.com/gdr/bacheca/index" "Mozilla/5.0 (Windows NT 6.1; WOW64) AppleWebKit/537.36 (KHTML, like Gecko) Chrome/81.0.4044.138 Safari/537.36 OPR/68.0.3618.125"
62.221.168.91 - - [06/Jun/2020:06:50:19 +0000] "GET /gdr/presenti/show-in-and-out HTTP/1.0" 200 777 "https://www.shenteon.com/gdr/editti/visualizza" "Mozilla/5.0 (Windows NT 10.0; Win64; x64; rv:77.0) Gecko/20100101 Firefox/77.0"
62.221.168.91 - - [06/Jun/2020:06:50:19 +0000] "GET /gdr/missive/ajax HTTP/1.0" 200 707 "https://www.shenteon.com/gdr/editti/visualizza" "Mozilla/5.0 (Windows NT 10.0; Win64; x64; rv:77.0) Gecko/20100101 Firefox/77.0"
188.11.87.79 - - [06/Jun/2020:06:50:32 +0000] "GET /gdr/missive/ajax HTTP/1.0" 200 707 "https://www.shenteon.com/gdr/bacheca/index" "Mozilla/5.0 (Windows NT 6.1; WOW64) AppleWebKit/537.36 (KHTML, like Gecko) Chrome/81.0.4044.138 Safari/537.36 OPR/68.0.3618.125"
62.221.168.91 - - [06/Jun/2020:06:50:39 +0000] "GET /gdr/missive/ajax HTTP/1.0" 200 707 "https://www.shenteon.com/gdr/editti/visualizza" "Mozilla/5.0 (Windows NT 10.0; Win64; x64; rv:77.0) Gecko/20100101 Firefox/77.0"
188.11.87.79 - - [06/Jun/2020:06:50:52 +0000] "GET /gdr/missive/ajax HTTP/1.0" 200 707 "https://www.shenteon.com/gdr/bacheca/index" "Mozilla/5.0 (Windows NT 6.1; WOW64) AppleWebKit/537.36 (KHTML, like Gecko) Chrome/81.0.4044.138 Safari/537.36 OPR/68.0.3618.125"
62.221.168.91 - - [06/Jun/2020:06:50:59 +0000] "GET /gdr/missive/ajax HTTP/1.0" 200 707 "https://www.shenteon.com/gdr/editti/visualizza" "Mozilla/5.0 (Windows NT 10.0; Win64; x64; rv:77.0) Gecko/20100101 Firefox/77.0"
188.11.87.79 - - [06/Jun/2020:06:51:11 +0000] "GET /gdr/missive/ajax HTTP/1.0" 200 707 "https://www.shenteon.com/gdr/bacheca/index" "Mozilla/5.0 (Windows NT 6.1; WOW64) AppleWebKit/537.36 (KHTML, like Gecko) Chrome/81.0.4044.138 Safari/537.36 OPR/68.0.3618.125"
176.31.40.50 - - [06/Jun/2020:06:51:14 +0000] "GET //demo/vendor/phpunit/phpunit/phpunit.xsd HTTP/1.0" 403 1249 "-" "Mozilla/5.0 (X11; Linux x86_64; rv:52.0) Gecko/20100101 Firefox/52.0"
62.221.168.91 - - [06/Jun/2020:06:51:19 +0000] "GET /gdr/missive/ajax HTTP/1.0" 200 707 "https://www.shenteon.com/gdr/editti/visualizza" "Mozilla/5.0 (Windows NT 10.0; Win64; x64; rv:77.0) Gecko/20100101 Firefox/77.0"
188.11.87.79 - - [06/Jun/2020:06:51:31 +0000] "GET /gdr/missive/ajax HTTP/1.0" 200 707 "https://www.shenteon.com/gdr/bacheca/index" "Mozilla/5.0 (Windows NT 6.1; WOW64) AppleWebKit/537.36 (KHTML, like Gecko) Chrome/81.0.4044.138 Safari/537.36 OPR/68.0.3618.125"
62.221.168.91 - - [06/Jun/2020:06:51:39 +0000] "GET /gdr/missive/ajax HTTP/1.0" 200 707 "https://www.shenteon.com/gdr/editti/visualizza" "Mozilla/5.0 (Windows NT 10.0; Win64; x64; rv:77.0) Gecko/20100101 Firefox/77.0"
188.11.87.79 - - [06/Jun/2020:06:51:52 +0000] "GET /gdr/missive/ajax HTTP/1.0" 200 707 "https://www.shenteon.com/gdr/bacheca/index" "Mozilla/5.0 (Windows NT 6.1; WOW64) AppleWebKit/537.36 (KHTML, like Gecko) Chrome/81.0.4044.138 Safari/537.36 OPR/68.0.3618.125"
188.11.87.79 - - [06/Jun/2020:06:51:52 +0000] "GET /gdr/presenti/show-in-and-out HTTP/1.0" 200 777 "https://www.shenteon.com/gdr/bacheca/index" "Mozilla/5.0 (Windows NT 6.1; WOW64) AppleWebKit/537.36 (KHTML, like Gecko) Chrome/81.0.4044.138 Safari/537.36 OPR/68.0.3618.125"
62.221.168.91 - - [06/Jun/2020:06:51:59 +0000] "GET /gdr/missive/ajax HTTP/1.0" 200 707 "https://www.shenteon.com/gdr/editti/visualizza" "Mozilla/5.0 (Windows NT 10.0; Win64; x64; rv:77.0) Gecko/20100101 Firefox/77.0"
188.11.87.79 - - [06/Jun/2020:06:52:12 +0000] "GET /gdr/missive/ajax HTTP/1.0" 200 707 "https://www.shenteon.com/gdr/bacheca/index" "Mozilla/5.0 (Windows NT 6.1; WOW64) AppleWebKit/537.36 (KHTML, like Gecko) Chrome/81.0.4044.138 Safari/537.36 OPR/68.0.3618.125"
62.221.168.91 - - [06/Jun/2020:06:52:19 +0000] "GET /gdr/presenti/show-in-and-out HTTP/1.0" 200 777 "https://www.shenteon.com/gdr/editti/visualizza" "Mozilla/5.0 (Windows NT 10.0; Win64; x64; rv:77.0) Gecko/20100101 Firefox/77.0"
62.221.168.91 - - [06/Jun/2020:06:52:19 +0000] "GET /gdr/missive/ajax HTTP/1.0" 200 707 "https://www.shenteon.com/gdr/editti/visualizza" "Mozilla/5.0 (Windows NT 10.0; Win64; x64; rv:77.0) Gecko/20100101 Firefox/77.0"
78.15.74.17 - - [06/Jun/2020:06:52:30 +0000] "POST /login_check HTTP/1.0" 302 929 "https://www.shenteon.com/" "Mozilla/5.0 (Linux; Android 9; Redmi Note 8T) AppleWebKit/537.36 (KHTML, like Gecko) Chrome/83.0.4103.96 Mobile Safari/537.36"
78.15.74.17 - - [06/Jun/2020:06:52:30 +0000] "GET /login HTTP/1.0" 200 3550 "https://www.shenteon.com/" "Mozilla/5.0 (Linux; Android 9; Redmi Note 8T) AppleWebKit/537.36 (KHTML, like Gecko) Chrome/83.0.4103.96 Mobile Safari/537.36"
188.11.87.79 - - [06/Jun/2020:06:52:31 +0000] "GET /gdr/missive/ajax HTTP/1.0" 200 707 "https://www.shenteon.com/gdr/bacheca/index" "Mozilla/5.0 (Windows NT 6.1; WOW64) AppleWebKit/537.36 (KHTML, like Gecko) Chrome/81.0.4044.138 Safari/537.36 OPR/68.0.3618.125"
78.15.74.17 - - [06/Jun/2020:06:52:32 +0000] "POST /login_check HTTP/1.0" 302 934 "https://www.shenteon.com/login" "Mozilla/5.0 (Linux; Android 9; Redmi Note 8T) AppleWebKit/537.36 (KHTML, like Gecko) Chrome/83.0.4103.96 Mobile Safari/537.36"
78.15.74.17 - - [06/Jun/2020:06:52:32 +0000] "GET /utente/scegli-personaggio.html HTTP/1.0" 200 3325 "https://www.shenteon.com/login" "Mozilla/5.0 (Linux; Android 9; Redmi Note 8T) AppleWebKit/537.36 (KHTML, like Gecko) Chrome/83.0.4103.96 Mobile Safari/537.36"
78.15.74.17 - - [06/Jun/2020:06:52:34 +0000] "GET /utente/scegli-personaggio/1898 HTTP/1.0" 302 746 "https://www.shenteon.com/utente/scegli-personaggio.html" "Mozilla/5.0 (Linux; Android 9; Redmi Note 8T) AppleWebKit/537.36 (KHTML, like Gecko) Chrome/83.0.4103.96 Mobile Safari/537.36"
78.15.74.17 - - [06/Jun/2020:06:52:35 +0000] "GET /gdr/ HTTP/1.0" 302 846 "https://www.shenteon.com/utente/scegli-personaggio.html" "Mozilla/5.0 (Linux; Android 9; Redmi Note 8T) AppleWebKit/537.36 (KHTML, like Gecko) Chrome/83.0.4103.96 Mobile Safari/537.36"
78.15.74.17 - - [06/Jun/2020:06:52:35 +0000] "GET /gdr/location/posizione/2 HTTP/1.0" 302 816 "https://www.shenteon.com/utente/scegli-personaggio.html" "Mozilla/5.0 (Linux; Android 9; Redmi Note 8T) AppleWebKit/537.36 (KHTML, like Gecko) Chrome/83.0.4103.96 Mobile Safari/537.36"
78.15.74.17 - - [06/Jun/2020:06:52:35 +0000] "GET /gdr/location/mappa HTTP/1.0" 200 4163 "https://www.shenteon.com/utente/scegli-personaggio.html" "Mozilla/5.0 (Linux; Android 9; Redmi Note 8T) AppleWebKit/537.36 (KHTML, like Gecko) Chrome/83.0.4103.96 Mobile Safari/537.36"
78.15.74.17 - - [06/Jun/2020:06:52:36 +0000] "GET /uploads/location/52473842e1ff1_VISTA_TEON_GIORNO_NOTTE_NEBBIA.jpg HTTP/1.0" 200 534 "https://www.shenteon.com/gdr/location/mappa" "Mozilla/5.0 (Linux; Android 9; Redmi Note 8T) AppleWebKit/537.36 (KHTML, like Gecko) Chrome/83.0.4103.96 Mobile Safari/537.36"
78.15.74.17 - - [06/Jun/2020:06:52:36 +0000] "GET /uploads/meteo/54b2b10b53c70_LUNA_ROSSA_PIENA.png HTTP/1.0" 200 516 "https://www.shenteon.com/gdr/location/mappa" "Mozilla/5.0 (Linux; Android 9; Redmi Note 8T) AppleWebKit/537.36 (KHTML, like Gecko) Chrome/83.0.4103.96 Mobile Safari/537.36"
78.15.74.17 - - [06/Jun/2020:06:52:36 +0000] "GET /uploads/meteo/54b2ae58b8560_TEMPO_NEBBIA_GIORNO_NOTTE.png HTTP/1.0" 200 525 "https://www.shenteon.com/gdr/location/mappa" "Mozilla/5.0 (Linux; Android 9; Redmi Note 8T) AppleWebKit/537.36 (KHTML, like Gecko) Chrome/83.0.4103.96 Mobile Safari/537.36"
78.15.74.17 - - [06/Jun/2020:06:52:36 +0000] "GET /gdr/marque/show HTTP/1.0" 200 894 "https://www.shenteon.com/gdr/location/mappa" "Mozilla/5.0 (Linux; Android 9; Redmi Note 8T) AppleWebKit/537.36 (KHTML, like Gecko) Chrome/83.0.4103.96 Mobile Safari/537.36"
62.221.168.91 - - [06/Jun/2020:06:52:39 +0000] "GET /gdr/missive/ajax HTTP/1.0" 200 707 "https://www.shenteon.com/gdr/editti/visualizza" "Mozilla/5.0 (Windows NT 10.0; Win64; x64; rv:77.0) Gecko/20100101 Firefox/77.0"
78.15.74.17 - - [06/Jun/2020:06:52:40 +0000] "GET /gdr/presenti/index HTTP/1.0" 200 3984 "https://www.shenteon.com/gdr/location/mappa" "Mozilla/5.0 (Linux; Android 9; Redmi Note 8T) AppleWebKit/537.36 (KHTML, like Gecko) Chrome/83.0.4103.96 Mobile Safari/537.36"
188.11.87.79 - - [06/Jun/2020:06:52:52 +0000] "GET /gdr/missive/ajax HTTP/1.0" 200 707 "https://www.shenteon.com/gdr/bacheca/index" "Mozilla/5.0 (Windows NT 6.1; WOW64) AppleWebKit/537.36 (KHTML, like Gecko) Chrome/81.0.4044.138 Safari/537.36 OPR/68.0.3618.125"
78.15.74.17 - - [06/Jun/2020:06:52:53 +0000] "GET /gdr/erario/index/1 HTTP/1.0" 200 4197 "https://www.shenteon.com/gdr/presenti/index" "Mozilla/5.0 (Linux; Android 9; Redmi Note 8T) AppleWebKit/537.36 (KHTML, like Gecko) Chrome/83.0.4103.96 Mobile Safari/537.36"
78.15.74.17 - - [06/Jun/2020:06:52:59 +0000] "GET /gdr/erario/index/3 HTTP/1.0" 200 4634 "https://www.shenteon.com/gdr/erario/index/1" "Mozilla/5.0 (Linux; Android 9; Redmi Note 8T) AppleWebKit/537.36 (KHTML, like Gecko) Chrome/83.0.4103.96 Mobile Safari/537.36"
78.15.74.17 - - [06/Jun/2020:06:53:00 +0000] "GET /uploads/items/5ed80916ad455.jpeg HTTP/1.0" 200 501 "https://www.shenteon.com/gdr/erario/index/3" "Mozilla/5.0 (Linux; Android 9; Redmi Note 8T) AppleWebKit/537.36 (KHTML, like Gecko) Chrome/83.0.4103.96 Mobile Safari/537.36"
78.15.74.17 - - [06/Jun/2020:06:53:00 +0000] "GET /uploads/items/5ed80959158f4.jpeg HTTP/1.0" 200 501 "https://www.shenteon.com/gdr/erario/index/3" "Mozilla/5.0 (Linux; Android 9; Redmi Note 8T) AppleWebKit/537.36 (KHTML, like Gecko) Chrome/83.0.4103.96 Mobile Safari/537.36"
78.15.74.17 - - [06/Jun/2020:06:53:00 +0000] "GET /uploads/items/5ed809b5902f6.jpeg HTTP/1.0" 200 501 "https://www.shenteon.com/gdr/erario/index/3" "Mozilla/5.0 (Linux; Android 9; Redmi Note 8T) AppleWebKit/537.36 (KHTML, like Gecko) Chrome/83.0.4103.96 Mobile Safari/537.36"
78.15.74.17 - - [06/Jun/2020:06:53:00 +0000] "GET /uploads/items/5ed8098795275.jpeg HTTP/1.0" 200 501 "https://www.shenteon.com/gdr/erario/index/3" "Mozilla/5.0 (Linux; Android 9; Redmi Note 8T) AppleWebKit/537.36 (KHTML, like Gecko) Chrome/83.0.4103.96 Mobile Safari/537.36"
78.15.74.17 - - [06/Jun/2020:06:53:00 +0000] "GET /uploads/items/5ed80eefab127.jpeg HTTP/1.0" 200 501 "https://www.shenteon.com/gdr/erario/index/3" "Mozilla/5.0 (Linux; Android 9; Redmi Note 8T) AppleWebKit/537.36 (KHTML, like Gecko) Chrome/83.0.4103.96 Mobile Safari/537.36"
78.15.74.17 - - [06/Jun/2020:06:53:00 +0000] "GET /uploads/items/5ed80f5d72342.jpeg HTTP/1.0" 200 501 "https://www.shenteon.com/gdr/erario/index/3" "Mozilla/5.0 (Linux; Android 9; Redmi Note 8T) AppleWebKit/537.36 (KHTML, like Gecko) Chrome/83.0.4103.96 Mobile Safari/537.36"
78.15.74.17 - - [06/Jun/2020:06:53:00 +0000] "GET /uploads/items/5ed80da3a662b.jpeg HTTP/1.0" 200 501 "https://www.shenteon.com/gdr/erario/index/3" "Mozilla/5.0 (Linux; Android 9; Redmi Note 8T) AppleWebKit/537.36 (KHTML, like Gecko) Chrome/83.0.4103.96 Mobile Safari/537.36"
78.15.74.17 - - [06/Jun/2020:06:53:00 +0000] "GET /uploads/items/5ed80f96ce60c.jpeg HTTP/1.0" 200 501 "https://www.shenteon.com/gdr/erario/index/3" "Mozilla/5.0 (Linux; Android 9; Redmi Note 8T) AppleWebKit/537.36 (KHTML, like Gecko) Chrome/83.0.4103.96 Mobile Safari/537.36"
78.15.74.17 - - [06/Jun/2020:06:53:00 +0000] "GET /uploads/items/5ed8229bd651c.jpg HTTP/1.0" 200 500 "https://www.shenteon.com/gdr/erario/index/3" "Mozilla/5.0 (Linux; Android 9; Redmi Note 8T) AppleWebKit/537.36 (KHTML, like Gecko) Chrome/83.0.4103.96 Mobile Safari/537.36"
78.15.74.17 - - [06/Jun/2020:06:53:00 +0000] "GET /uploads/items/5ed80dd3682dd.jpeg HTTP/1.0" 200 501 "https://www.shenteon.com/gdr/erario/index/3" "Mozilla/5.0 (Linux; Android 9; Redmi Note 8T) AppleWebKit/537.36 (KHTML, like Gecko) Chrome/83.0.4103.96 Mobile Safari/537.36"
78.15.74.17 - - [06/Jun/2020:06:53:00 +0000] "GET /uploads/items/5ed822ccdeb9c.jpg HTTP/1.0" 200 500 "https://www.shenteon.com/gdr/erario/index/3" "Mozilla/5.0 (Linux; Android 9; Redmi Note 8T) AppleWebKit/537.36 (KHTML, like Gecko) Chrome/83.0.4103.96 Mobile Safari/537.36"
78.15.74.17 - - [06/Jun/2020:06:53:00 +0000] "GET /uploads/items/5ed81968280ab.jpg HTTP/1.0" 200 500 "https://www.shenteon.com/gdr/erario/index/3" "Mozilla/5.0 (Linux; Android 9; Redmi Note 8T) AppleWebKit/537.36 (KHTML, like Gecko) Chrome/83.0.4103.96 Mobile Safari/537.36"
78.15.74.17 - - [06/Jun/2020:06:53:00 +0000] "GET /uploads/items/5ed81edcd6a0f.jpg HTTP/1.0" 200 500 "https://www.shenteon.com/gdr/erario/index/3" "Mozilla/5.0 (Linux; Android 9; Redmi Note 8T) AppleWebKit/537.36 (KHTML, like Gecko) Chrome/83.0.4103.96 Mobile Safari/537.36"
62.221.168.91 - - [06/Jun/2020:06:52:59 +0000] "GET /gdr/missive/ajax HTTP/1.0" 200 707 "https://www.shenteon.com/gdr/editti/visualizza" "Mozilla/5.0 (Windows NT 10.0; Win64; x64; rv:77.0) Gecko/20100101 Firefox/77.0"
188.11.87.79 - - [06/Jun/2020:06:53:11 +0000] "GET /gdr/missive/ajax HTTP/1.0" 200 707 "https://www.shenteon.com/gdr/bacheca/index" "Mozilla/5.0 (Windows NT 6.1; WOW64) AppleWebKit/537.36 (KHTML, like Gecko) Chrome/81.0.4044.138 Safari/537.36 OPR/68.0.3618.125"
62.221.168.91 - - [06/Jun/2020:06:53:19 +0000] "GET /gdr/missive/ajax HTTP/1.0" 200 707 "https://www.shenteon.com/gdr/editti/visualizza" "Mozilla/5.0 (Windows NT 10.0; Win64; x64; rv:77.0) Gecko/20100101 Firefox/77.0"
78.15.74.17 - - [06/Jun/2020:06:53:20 +0000] "GET /gdr/missive/ajax HTTP/1.0" 200 707 "https://www.shenteon.com/gdr/erario/index/3" "Mozilla/5.0 (Linux; Android 9; Redmi Note 8T) AppleWebKit/537.36 (KHTML, like Gecko) Chrome/83.0.4103.96 Mobile Safari/537.36"
78.15.74.17 - - [06/Jun/2020:06:53:25 +0000] "GET /gdr/erario/index/2 HTTP/1.0" 200 4122 "https://www.shenteon.com/gdr/erario/index/3" "Mozilla/5.0 (Linux; Android 9; Redmi Note 8T) AppleWebKit/537.36 (KHTML, like Gecko) Chrome/83.0.4103.96 Mobile Safari/537.36"
188.11.87.79 - - [06/Jun/2020:06:53:32 +0000] "GET /gdr/missive/ajax HTTP/1.0" 200 707 "https://www.shenteon.com/gdr/bacheca/index" "Mozilla/5.0 (Windows NT 6.1; WOW64) AppleWebKit/537.36 (KHTML, like Gecko) Chrome/81.0.4044.138 Safari/537.36 OPR/68.0.3618.125"
78.15.74.17 - - [06/Jun/2020:06:53:39 +0000] "GET /gdr/erario/index/2?page=2 HTTP/1.0" 200 4211 "https://www.shenteon.com/gdr/erario/index/2" "Mozilla/5.0 (Linux; Android 9; Redmi Note 8T) AppleWebKit/537.36 (KHTML, like Gecko) Chrome/83.0.4103.96 Mobile Safari/537.36"
62.221.168.91 - - [06/Jun/2020:06:53:39 +0000] "GET /gdr/missive/ajax HTTP/1.0" 200 707 "https://www.shenteon.com/gdr/editti/visualizza" "Mozilla/5.0 (Windows NT 10.0; Win64; x64; rv:77.0) Gecko/20100101 Firefox/77.0"
188.11.87.79 - - [06/Jun/2020:06:53:52 +0000] "GET /gdr/presenti/show-in-and-out HTTP/1.0" 200 775 "https://www.shenteon.com/gdr/bacheca/index" "Mozilla/5.0 (Windows NT 6.1; WOW64) AppleWebKit/537.36 (KHTML, like Gecko) Chrome/81.0.4044.138 Safari/537.36 OPR/68.0.3618.125"
