188.11.87.79 - - [06/Jun/2020:07:12:18 +0000] "GET /uploads/items/569379f6cac03.png HTTP/1.0" 200 499 "https://www.shenteon.com/gdr/avatar" "Mozilla/5.0 (Windows NT 6.1; WOW64) AppleWebKit/537.36 (KHTML, like Gecko) Chrome/81.0.4044.138 Safari/537.36 OPR/68.0.3618.125"
188.11.87.79 - - [06/Jun/2020:07:12:18 +0000] "GET /uploads/items/56ba043530a68.jpg HTTP/1.0" 200 500 "https://www.shenteon.com/gdr/avatar" "Mozilla/5.0 (Windows NT 6.1; WOW64) AppleWebKit/537.36 (KHTML, like Gecko) Chrome/81.0.4044.138 Safari/537.36 OPR/68.0.3618.125"
188.11.87.79 - - [06/Jun/2020:07:12:18 +0000] "GET /uploads/items/568bd4026e94e.jpg HTTP/1.0" 200 500 "https://www.shenteon.com/gdr/avatar" "Mozilla/5.0 (Windows NT 6.1; WOW64) AppleWebKit/537.36 (KHTML, like Gecko) Chrome/81.0.4044.138 Safari/537.36 OPR/68.0.3618.125"
188.11.87.79 - - [06/Jun/2020:07:12:18 +0000] "GET /uploads/items/56ba043530178.jpg HTTP/1.0" 200 500 "https://www.shenteon.com/gdr/avatar" "Mozilla/5.0 (Windows NT 6.1; WOW64) AppleWebKit/537.36 (KHTML, like Gecko) Chrome/81.0.4044.138 Safari/537.36 OPR/68.0.3618.125"
188.11.87.79 - - [06/Jun/2020:07:12:18 +0000] "GET /uploads/items/568bd27ccd065.jpg HTTP/1.0" 200 500 "https://www.shenteon.com/gdr/avatar" "Mozilla/5.0 (Windows NT 6.1; WOW64) AppleWebKit/537.36 (KHTML, like Gecko) Chrome/81.0.4044.138 Safari/537.36 OPR/68.0.3618.125"
188.11.87.79 - - [06/Jun/2020:07:12:18 +0000] "GET /uploads/items/569964b26285a.jpg HTTP/1.0" 200 500 "https://www.shenteon.com/gdr/avatar" "Mozilla/5.0 (Windows NT 6.1; WOW64) AppleWebKit/537.36 (KHTML, like Gecko) Chrome/81.0.4044.138 Safari/537.36 OPR/68.0.3618.125"
62.221.168.91 - - [06/Jun/2020:07:12:20 +0000] "GET /gdr/presenti/show-in-and-out HTTP/1.0" 200 660 "https://www.shenteon.com/gdr/editti/visualizza" "Mozilla/5.0 (Windows NT 10.0; Win64; x64; rv:77.0) Gecko/20100101 Firefox/77.0"
62.221.168.91 - - [06/Jun/2020:07:12:22 +0000] "GET /gdr/missive/ajax HTTP/1.0" 200 707 "https://www.shenteon.com/gdr/editti/visualizza" "Mozilla/5.0 (Windows NT 10.0; Win64; x64; rv:77.0) Gecko/20100101 Firefox/77.0"
188.11.87.79 - - [06/Jun/2020:07:12:23 +0000] "GET /gdr/missive/ajax HTTP/1.0" 200 707 "https://www.shenteon.com/gdr/bacheca/thread/show/4251" "Mozilla/5.0 (Windows NT 6.1; WOW64) AppleWebKit/537.36 (KHTML, like Gecko) Chrome/81.0.4044.138 Safari/537.36 OPR/68.0.3618.125"
188.11.87.79 - - [06/Jun/2020:07:12:25 +0000] "GET /gdr/missive/ajax HTTP/1.0" 200 707 "https://www.shenteon.com/gdr/avatar" "Mozilla/5.0 (Windows NT 6.1; WOW64) AppleWebKit/537.36 (KHTML, like Gecko) Chrome/81.0.4044.138 Safari/537.36 OPR/68.0.3618.125"
188.11.87.79 - - [06/Jun/2020:07:12:29 +0000] "GET /gdr/avatar/inventory/dress/Lafrast?page=5 HTTP/1.0" 200 3026 "https://www.shenteon.com/gdr/avatar" "Mozilla/5.0 (Windows NT 6.1; WOW64) AppleWebKit/537.36 (KHTML, like Gecko) Chrome/81.0.4044.138 Safari/537.36 OPR/68.0.3618.125"
188.11.87.79 - - [06/Jun/2020:07:12:30 +0000] "GET /uploads/items/531071767dafc.jpg HTTP/1.0" 200 500 "https://www.shenteon.com/gdr/avatar" "Mozilla/5.0 (Windows NT 6.1; WOW64) AppleWebKit/537.36 (KHTML, like Gecko) Chrome/81.0.4044.138 Safari/537.36 OPR/68.0.3618.125"
188.11.87.79 - - [06/Jun/2020:07:12:30 +0000] "GET /uploads/items/531071767dc9a.jpg HTTP/1.0" 200 500 "https://www.shenteon.com/gdr/avatar" "Mozilla/5.0 (Windows NT 6.1; WOW64) AppleWebKit/537.36 (KHTML, like Gecko) Chrome/81.0.4044.138 Safari/537.36 OPR/68.0.3618.125"
188.11.87.79 - - [06/Jun/2020:07:12:30 +0000] "GET /uploads/items/5317205e89c2b.jpg HTTP/1.0" 200 500 "https://www.shenteon.com/gdr/avatar" "Mozilla/5.0 (Windows NT 6.1; WOW64) AppleWebKit/537.36 (KHTML, like Gecko) Chrome/81.0.4044.138 Safari/537.36 OPR/68.0.3618.125"
188.11.87.79 - - [06/Jun/2020:07:12:30 +0000] "GET /uploads/items/5317205e89d4f.jpg HTTP/1.0" 200 500 "https://www.shenteon.com/gdr/avatar" "Mozilla/5.0 (Windows NT 6.1; WOW64) AppleWebKit/537.36 (KHTML, like Gecko) Chrome/81.0.4044.138 Safari/537.36 OPR/68.0.3618.125"
188.11.87.79 - - [06/Jun/2020:07:12:30 +0000] "GET /uploads/items/56292969ad54d.jpg HTTP/1.0" 200 500 "https://www.shenteon.com/gdr/avatar" "Mozilla/5.0 (Windows NT 6.1; WOW64) AppleWebKit/537.36 (KHTML, like Gecko) Chrome/81.0.4044.138 Safari/537.36 OPR/68.0.3618.125"
188.11.87.79 - - [06/Jun/2020:07:12:30 +0000] "GET /uploads/items/56292969ae719.png HTTP/1.0" 200 499 "https://www.shenteon.com/gdr/avatar" "Mozilla/5.0 (Windows NT 6.1; WOW64) AppleWebKit/537.36 (KHTML, like Gecko) Chrome/81.0.4044.138 Safari/537.36 OPR/68.0.3618.125"
188.11.87.79 - - [06/Jun/2020:07:12:30 +0000] "GET /uploads/items/54ccd844ab38d.jpg HTTP/1.0" 200 500 "https://www.shenteon.com/gdr/avatar" "Mozilla/5.0 (Windows NT 6.1; WOW64) AppleWebKit/537.36 (KHTML, like Gecko) Chrome/81.0.4044.138 Safari/537.36 OPR/68.0.3618.125"
188.11.87.79 - - [06/Jun/2020:07:12:30 +0000] "GET /uploads/items/54ccd844aad64.jpg HTTP/1.0" 200 500 "https://www.shenteon.com/gdr/avatar" "Mozilla/5.0 (Windows NT 6.1; WOW64) AppleWebKit/537.36 (KHTML, like Gecko) Chrome/81.0.4044.138 Safari/537.36 OPR/68.0.3618.125"
188.11.87.79 - - [06/Jun/2020:07:12:30 +0000] "GET /uploads/items/53a961b196ab4.jpg HTTP/1.0" 200 500 "https://www.shenteon.com/gdr/avatar" "Mozilla/5.0 (Windows NT 6.1; WOW64) AppleWebKit/537.36 (KHTML, like Gecko) Chrome/81.0.4044.138 Safari/537.36 OPR/68.0.3618.125"
188.11.87.79 - - [06/Jun/2020:07:12:30 +0000] "GET /uploads/items/53a961b196cc0.png HTTP/1.0" 200 499 "https://www.shenteon.com/gdr/avatar" "Mozilla/5.0 (Windows NT 6.1; WOW64) AppleWebKit/537.36 (KHTML, like Gecko) Chrome/81.0.4044.138 Safari/537.36 OPR/68.0.3618.125"
188.11.87.79 - - [06/Jun/2020:07:12:30 +0000] "GET /uploads/items/567355bb95cd5.jpg HTTP/1.0" 200 500 "https://www.shenteon.com/gdr/avatar" "Mozilla/5.0 (Windows NT 6.1; WOW64) AppleWebKit/537.36 (KHTML, like Gecko) Chrome/81.0.4044.138 Safari/537.36 OPR/68.0.3618.125"
188.11.87.79 - - [06/Jun/2020:07:12:30 +0000] "GET /uploads/items/569378f984e60.png HTTP/1.0" 200 499 "https://www.shenteon.com/gdr/avatar" "Mozilla/5.0 (Windows NT 6.1; WOW64) AppleWebKit/537.36 (KHTML, like Gecko) Chrome/81.0.4044.138 Safari/537.36 OPR/68.0.3618.125"
188.11.87.79 - - [06/Jun/2020:07:12:30 +0000] "GET /gdr/missive/ajax HTTP/1.0" 200 707 "https://www.shenteon.com/gdr/mercato/lista/mercato/1/livello/0/categoria/10?page=2" "Mozilla/5.0 (Windows NT 6.1; WOW64) AppleWebKit/537.36 (KHTML, like Gecko) Chrome/81.0.4044.138 Safari/537.36 OPR/68.0.3618.125"
188.11.87.79 - - [06/Jun/2020:07:12:37 +0000] "GET /gdr/avatar/inventory/dress/Lafrast?page=4 HTTP/1.0" 200 5205 "https://www.shenteon.com/gdr/avatar" "Mozilla/5.0 (Windows NT 6.1; WOW64) AppleWebKit/537.36 (KHTML, like Gecko) Chrome/81.0.4044.138 Safari/537.36 OPR/68.0.3618.125"
188.11.87.79 - - [06/Jun/2020:07:12:37 +0000] "GET /uploads/items/56291f323aa73.jpg HTTP/1.0" 200 500 "https://www.shenteon.com/gdr/avatar" "Mozilla/5.0 (Windows NT 6.1; WOW64) AppleWebKit/537.36 (KHTML, like Gecko) Chrome/81.0.4044.138 Safari/537.36 OPR/68.0.3618.125"
188.11.87.79 - - [06/Jun/2020:07:12:37 +0000] "GET /uploads/items/56291f323b49e.png HTTP/1.0" 200 499 "https://www.shenteon.com/gdr/avatar" "Mozilla/5.0 (Windows NT 6.1; WOW64) AppleWebKit/537.36 (KHTML, like Gecko) Chrome/81.0.4044.138 Safari/537.36 OPR/68.0.3618.125"
188.11.87.79 - - [06/Jun/2020:07:12:37 +0000] "GET /uploads/items/560efa84bec7e.jpg HTTP/1.0" 200 500 "https://www.shenteon.com/gdr/avatar" "Mozilla/5.0 (Windows NT 6.1; WOW64) AppleWebKit/537.36 (KHTML, like Gecko) Chrome/81.0.4044.138 Safari/537.36 OPR/68.0.3618.125"
188.11.87.79 - - [06/Jun/2020:07:12:37 +0000] "GET /uploads/items/560efa84bf9f1.png HTTP/1.0" 200 499 "https://www.shenteon.com/gdr/avatar" "Mozilla/5.0 (Windows NT 6.1; WOW64) AppleWebKit/537.36 (KHTML, like Gecko) Chrome/81.0.4044.138 Safari/537.36 OPR/68.0.3618.125"
188.11.87.79 - - [06/Jun/2020:07:12:37 +0000] "GET /uploads/items/56a629d48255b.jpg HTTP/1.0" 200 500 "https://www.shenteon.com/gdr/avatar" "Mozilla/5.0 (Windows NT 6.1; WOW64) AppleWebKit/537.36 (KHTML, like Gecko) Chrome/81.0.4044.138 Safari/537.36 OPR/68.0.3618.125"
188.11.87.79 - - [06/Jun/2020:07:12:37 +0000] "GET /uploads/items/569379ba37453.png HTTP/1.0" 200 499 "https://www.shenteon.com/gdr/avatar" "Mozilla/5.0 (Windows NT 6.1; WOW64) AppleWebKit/537.36 (KHTML, like Gecko) Chrome/81.0.4044.138 Safari/537.36 OPR/68.0.3618.125"
188.11.87.79 - - [06/Jun/2020:07:12:37 +0000] "GET /uploads/items/56a629d482d07.jpg HTTP/1.0" 200 500 "https://www.shenteon.com/gdr/avatar" "Mozilla/5.0 (Windows NT 6.1; WOW64) AppleWebKit/537.36 (KHTML, like Gecko) Chrome/81.0.4044.138 Safari/537.36 OPR/68.0.3618.125"
188.11.87.79 - - [06/Jun/2020:07:12:37 +0000] "GET /uploads/items/567330e79124f.jpg HTTP/1.0" 200 500 "https://www.shenteon.com/gdr/avatar" "Mozilla/5.0 (Windows NT 6.1; WOW64) AppleWebKit/537.36 (KHTML, like Gecko) Chrome/81.0.4044.138 Safari/537.36 OPR/68.0.3618.125"
188.11.87.79 - - [06/Jun/2020:07:12:37 +0000] "GET /uploads/items/56260c29014ff.jpg HTTP/1.0" 200 500 "https://www.shenteon.com/gdr/avatar" "Mozilla/5.0 (Windows NT 6.1; WOW64) AppleWebKit/537.36 (KHTML, like Gecko) Chrome/81.0.4044.138 Safari/537.36 OPR/68.0.3618.125"
188.11.87.79 - - [06/Jun/2020:07:12:37 +0000] "GET /uploads/items/56260c28f3cf1.jpg HTTP/1.0" 200 500 "https://www.shenteon.com/gdr/avatar" "Mozilla/5.0 (Windows NT 6.1; WOW64) AppleWebKit/537.36 (KHTML, like Gecko) Chrome/81.0.4044.138 Safari/537.36 OPR/68.0.3618.125"
188.11.87.79 - - [06/Jun/2020:07:12:37 +0000] "GET /uploads/items/53011a8c93e76.jpg HTTP/1.0" 200 500 "https://www.shenteon.com/gdr/avatar" "Mozilla/5.0 (Windows NT 6.1; WOW64) AppleWebKit/537.36 (KHTML, like Gecko) Chrome/81.0.4044.138 Safari/537.36 OPR/68.0.3618.125"
188.11.87.79 - - [06/Jun/2020:07:12:38 +0000] "GET /uploads/items/540a21f552f18.jpg HTTP/1.0" 200 500 "https://www.shenteon.com/gdr/avatar" "Mozilla/5.0 (Windows NT 6.1; WOW64) AppleWebKit/537.36 (KHTML, like Gecko) Chrome/81.0.4044.138 Safari/537.36 OPR/68.0.3618.125"
188.11.87.79 - - [06/Jun/2020:07:12:38 +0000] "GET /uploads/items/53011a8c93d58.jpg HTTP/1.0" 200 500 "https://www.shenteon.com/gdr/avatar" "Mozilla/5.0 (Windows NT 6.1; WOW64) AppleWebKit/537.36 (KHTML, like Gecko) Chrome/81.0.4044.138 Safari/537.36 OPR/68.0.3618.125"
188.11.87.79 - - [06/Jun/2020:07:12:38 +0000] "GET /uploads/items/540a21f55339a.png HTTP/1.0" 200 499 "https://www.shenteon.com/gdr/avatar" "Mozilla/5.0 (Windows NT 6.1; WOW64) AppleWebKit/537.36 (KHTML, like Gecko) Chrome/81.0.4044.138 Safari/537.36 OPR/68.0.3618.125"
188.11.87.79 - - [06/Jun/2020:07:12:38 +0000] "GET /uploads/items/56af1afc30492.jpg HTTP/1.0" 200 500 "https://www.shenteon.com/gdr/avatar" "Mozilla/5.0 (Windows NT 6.1; WOW64) AppleWebKit/537.36 (KHTML, like Gecko) Chrome/81.0.4044.138 Safari/537.36 OPR/68.0.3618.125"
188.11.87.79 - - [06/Jun/2020:07:12:38 +0000] "GET /uploads/items/5664a5caeb101.jpg HTTP/1.0" 200 500 "https://www.shenteon.com/gdr/avatar" "Mozilla/5.0 (Windows NT 6.1; WOW64) AppleWebKit/537.36 (KHTML, like Gecko) Chrome/81.0.4044.138 Safari/537.36 OPR/68.0.3618.125"
188.11.87.79 - - [06/Jun/2020:07:12:38 +0000] "GET /uploads/items/56af1afc30ec8.png HTTP/1.0" 200 499 "https://www.shenteon.com/gdr/avatar" "Mozilla/5.0 (Windows NT 6.1; WOW64) AppleWebKit/537.36 (KHTML, like Gecko) Chrome/81.0.4044.138 Safari/537.36 OPR/68.0.3618.125"
188.11.87.79 - - [06/Jun/2020:07:12:38 +0000] "GET /uploads/items/5664a5caec0d6.png HTTP/1.0" 200 499 "https://www.shenteon.com/gdr/avatar" "Mozilla/5.0 (Windows NT 6.1; WOW64) AppleWebKit/537.36 (KHTML, like Gecko) Chrome/81.0.4044.138 Safari/537.36 OPR/68.0.3618.125"
188.11.87.79 - - [06/Jun/2020:07:12:38 +0000] "GET /uploads/items/560eef9829b49.jpg HTTP/1.0" 200 500 "https://www.shenteon.com/gdr/avatar" "Mozilla/5.0 (Windows NT 6.1; WOW64) AppleWebKit/537.36 (KHTML, like Gecko) Chrome/81.0.4044.138 Safari/537.36 OPR/68.0.3618.125"
188.11.87.79 - - [06/Jun/2020:07:12:38 +0000] "GET /uploads/items/560eef982a8cb.png HTTP/1.0" 200 499 "https://www.shenteon.com/gdr/avatar" "Mozilla/5.0 (Windows NT 6.1; WOW64) AppleWebKit/537.36 (KHTML, like Gecko) Chrome/81.0.4044.138 Safari/537.36 OPR/68.0.3618.125"
188.11.87.79 - - [06/Jun/2020:07:12:38 +0000] "GET /uploads/items/5658df4b6f9bf.jpg HTTP/1.0" 200 500 "https://www.shenteon.com/gdr/avatar" "Mozilla/5.0 (Windows NT 6.1; WOW64) AppleWebKit/537.36 (KHTML, like Gecko) Chrome/81.0.4044.138 Safari/537.36 OPR/68.0.3618.125"
188.11.87.79 - - [06/Jun/2020:07:12:38 +0000] "GET /uploads/items/5658df4b704d6.png HTTP/1.0" 200 499 "https://www.shenteon.com/gdr/avatar" "Mozilla/5.0 (Windows NT 6.1; WOW64) AppleWebKit/537.36 (KHTML, like Gecko) Chrome/81.0.4044.138 Safari/537.36 OPR/68.0.3618.125"
188.11.87.79 - - [06/Jun/2020:07:12:38 +0000] "GET /uploads/items/5463dc19c99d4.jpg HTTP/1.0" 200 500 "https://www.shenteon.com/gdr/avatar" "Mozilla/5.0 (Windows NT 6.1; WOW64) AppleWebKit/537.36 (KHTML, like Gecko) Chrome/81.0.4044.138 Safari/537.36 OPR/68.0.3618.125"
188.11.87.79 - - [06/Jun/2020:07:12:38 +0000] "GET /uploads/items/5463dc19c9c45.jpg HTTP/1.0" 200 500 "https://www.shenteon.com/gdr/avatar" "Mozilla/5.0 (Windows NT 6.1; WOW64) AppleWebKit/537.36 (KHTML, like Gecko) Chrome/81.0.4044.138 Safari/537.36 OPR/68.0.3618.125"
188.11.87.79 - - [06/Jun/2020:07:12:38 +0000] "GET /uploads/items/5edb41a389f60.jpg HTTP/1.0" 200 500 "https://www.shenteon.com/gdr/avatar" "Mozilla/5.0 (Windows NT 6.1; WOW64) AppleWebKit/537.36 (KHTML, like Gecko) Chrome/81.0.4044.138 Safari/537.36 OPR/68.0.3618.125"
188.11.87.79 - - [06/Jun/2020:07:12:38 +0000] "GET /uploads/items/5edb41a3883ed.jpg HTTP/1.0" 200 500 "https://www.shenteon.com/gdr/avatar" "Mozilla/5.0 (Windows NT 6.1; WOW64) AppleWebKit/537.36 (KHTML, like Gecko) Chrome/81.0.4044.138 Safari/537.36 OPR/68.0.3618.125"
62.221.168.91 - - [06/Jun/2020:07:12:42 +0000] "GET /gdr/missive/ajax HTTP/1.0" 200 707 "https://www.shenteon.com/gdr/editti/visualizza" "Mozilla/5.0 (Windows NT 10.0; Win64; x64; rv:77.0) Gecko/20100101 Firefox/77.0"
188.11.87.79 - - [06/Jun/2020:07:12:43 +0000] "GET /gdr/missive/ajax HTTP/1.0" 200 707 "https://www.shenteon.com/gdr/bacheca/thread/show/4251" "Mozilla/5.0 (Windows NT 6.1; WOW64) AppleWebKit/537.36 (KHTML, like Gecko) Chrome/81.0.4044.138 Safari/537.36 OPR/68.0.3618.125"
188.11.87.79 - - [06/Jun/2020:07:12:45 +0000] "GET /gdr/missive/ajax HTTP/1.0" 200 707 "https://www.shenteon.com/gdr/avatar" "Mozilla/5.0 (Windows NT 6.1; WOW64) AppleWebKit/537.36 (KHTML, like Gecko) Chrome/81.0.4044.138 Safari/537.36 OPR/68.0.3618.125"
188.11.87.79 - - [06/Jun/2020:07:12:50 +0000] "GET /gdr/missive/ajax HTTP/1.0" 200 707 "https://www.shenteon.com/gdr/mercato/lista/mercato/1/livello/0/categoria/10?page=2" "Mozilla/5.0 (Windows NT 6.1; WOW64) AppleWebKit/537.36 (KHTML, like Gecko) Chrome/81.0.4044.138 Safari/537.36 OPR/68.0.3618.125"
188.11.87.79 - - [06/Jun/2020:07:12:50 +0000] "GET /gdr/presenti/show-in-and-out HTTP/1.0" 200 660 "https://www.shenteon.com/gdr/mercato/lista/mercato/1/livello/0/categoria/10?page=2" "Mozilla/5.0 (Windows NT 6.1; WOW64) AppleWebKit/537.36 (KHTML, like Gecko) Chrome/81.0.4044.138 Safari/537.36 OPR/68.0.3618.125"
62.221.168.91 - - [06/Jun/2020:07:13:02 +0000] "GET /gdr/missive/ajax HTTP/1.0" 200 707 "https://www.shenteon.com/gdr/editti/visualizza" "Mozilla/5.0 (Windows NT 10.0; Win64; x64; rv:77.0) Gecko/20100101 Firefox/77.0"
188.11.87.79 - - [06/Jun/2020:07:13:03 +0000] "GET /gdr/missive/ajax HTTP/1.0" 200 707 "https://www.shenteon.com/gdr/bacheca/thread/show/4251" "Mozilla/5.0 (Windows NT 6.1; WOW64) AppleWebKit/537.36 (KHTML, like Gecko) Chrome/81.0.4044.138 Safari/537.36 OPR/68.0.3618.125"
188.11.87.79 - - [06/Jun/2020:07:13:05 +0000] "GET /gdr/missive/ajax HTTP/1.0" 200 707 "https://www.shenteon.com/gdr/avatar" "Mozilla/5.0 (Windows NT 6.1; WOW64) AppleWebKit/537.36 (KHTML, like Gecko) Chrome/81.0.4044.138 Safari/537.36 OPR/68.0.3618.125"
188.11.87.79 - - [06/Jun/2020:07:13:10 +0000] "GET /gdr/missive/ajax HTTP/1.0" 200 707 "https://www.shenteon.com/gdr/mercato/lista/mercato/1/livello/0/categoria/10?page=2" "Mozilla/5.0 (Windows NT 6.1; WOW64) AppleWebKit/537.36 (KHTML, like Gecko) Chrome/81.0.4044.138 Safari/537.36 OPR/68.0.3618.125"
188.11.87.79 - - [06/Jun/2020:07:13:12 +0000] "GET /gdr/avatar/inventory/item/130535 HTTP/1.0" 200 1346 "https://www.shenteon.com/gdr/avatar" "Mozilla/5.0 (Windows NT 6.1; WOW64) AppleWebKit/537.36 (KHTML, like Gecko) Chrome/81.0.4044.138 Safari/537.36 OPR/68.0.3618.125"
188.11.87.79 - - [06/Jun/2020:07:13:12 +0000] "GET /uploads/items/5edb41a3899a5.jpg HTTP/1.0" 200 500 "https://www.shenteon.com/gdr/avatar" "Mozilla/5.0 (Windows NT 6.1; WOW64) AppleWebKit/537.36 (KHTML, like Gecko) Chrome/81.0.4044.138 Safari/537.36 OPR/68.0.3618.125"
62.221.168.91 - - [06/Jun/2020:07:13:22 +0000] "GET /gdr/missive/ajax HTTP/1.0" 200 707 "https://www.shenteon.com/gdr/editti/visualizza" "Mozilla/5.0 (Windows NT 10.0; Win64; x64; rv:77.0) Gecko/20100101 Firefox/77.0"
188.11.87.79 - - [06/Jun/2020:07:13:23 +0000] "GET /gdr/missive/ajax HTTP/1.0" 200 707 "https://www.shenteon.com/gdr/bacheca/thread/show/4251" "Mozilla/5.0 (Windows NT 6.1; WOW64) AppleWebKit/537.36 (KHTML, like Gecko) Chrome/81.0.4044.138 Safari/537.36 OPR/68.0.3618.125"
188.11.87.79 - - [06/Jun/2020:07:13:25 +0000] "GET /gdr/missive/ajax HTTP/1.0" 200 707 "https://www.shenteon.com/gdr/avatar" "Mozilla/5.0 (Windows NT 6.1; WOW64) AppleWebKit/537.36 (KHTML, like Gecko) Chrome/81.0.4044.138 Safari/537.36 OPR/68.0.3618.125"
188.11.87.79 - - [06/Jun/2020:07:13:30 +0000] "GET /gdr/missive/ajax HTTP/1.0" 200 707 "https://www.shenteon.com/gdr/mercato/lista/mercato/1/livello/0/categoria/10?page=2" "Mozilla/5.0 (Windows NT 6.1; WOW64) AppleWebKit/537.36 (KHTML, like Gecko) Chrome/81.0.4044.138 Safari/537.36 OPR/68.0.3618.125"
62.221.168.91 - - [06/Jun/2020:07:13:42 +0000] "GET /gdr/missive/ajax HTTP/1.0" 200 707 "https://www.shenteon.com/gdr/editti/visualizza" "Mozilla/5.0 (Windows NT 10.0; Win64; x64; rv:77.0) Gecko/20100101 Firefox/77.0"
188.11.87.79 - - [06/Jun/2020:07:13:43 +0000] "GET /gdr/missive/ajax HTTP/1.0" 200 707 "https://www.shenteon.com/gdr/bacheca/thread/show/4251" "Mozilla/5.0 (Windows NT 6.1; WOW64) AppleWebKit/537.36 (KHTML, like Gecko) Chrome/81.0.4044.138 Safari/537.36 OPR/68.0.3618.125"
188.11.87.79 - - [06/Jun/2020:07:13:45 +0000] "GET /gdr/missive/ajax HTTP/1.0" 200 707 "https://www.shenteon.com/gdr/avatar" "Mozilla/5.0 (Windows NT 6.1; WOW64) AppleWebKit/537.36 (KHTML, like Gecko) Chrome/81.0.4044.138 Safari/537.36 OPR/68.0.3618.125"
188.11.87.79 - - [06/Jun/2020:07:13:50 +0000] "GET /gdr/missive/ajax HTTP/1.0" 200 707 "https://www.shenteon.com/gdr/mercato/lista/mercato/1/livello/0/categoria/10?page=2" "Mozilla/5.0 (Windows NT 6.1; WOW64) AppleWebKit/537.36 (KHTML, like Gecko) Chrome/81.0.4044.138 Safari/537.36 OPR/68.0.3618.125"
62.221.168.91 - - [06/Jun/2020:07:14:02 +0000] "GET /gdr/missive/ajax HTTP/1.0" 200 707 "https://www.shenteon.com/gdr/editti/visualizza" "Mozilla/5.0 (Windows NT 10.0; Win64; x64; rv:77.0) Gecko/20100101 Firefox/77.0"
188.11.87.79 - - [06/Jun/2020:07:14:03 +0000] "GET /gdr/presenti/show-in-and-out HTTP/1.0" 200 660 "https://www.shenteon.com/gdr/bacheca/thread/show/4251" "Mozilla/5.0 (Windows NT 6.1; WOW64) AppleWebKit/537.36 (KHTML, like Gecko) Chrome/81.0.4044.138 Safari/537.36 OPR/68.0.3618.125"
188.11.87.79 - - [06/Jun/2020:07:14:03 +0000] "GET /gdr/missive/ajax HTTP/1.0" 200 707 "https://www.shenteon.com/gdr/bacheca/thread/show/4251" "Mozilla/5.0 (Windows NT 6.1; WOW64) AppleWebKit/537.36 (KHTML, like Gecko) Chrome/81.0.4044.138 Safari/537.36 OPR/68.0.3618.125"
188.11.87.79 - - [06/Jun/2020:07:14:05 +0000] "GET /gdr/presenti/show-in-and-out HTTP/1.0" 200 660 "https://www.shenteon.com/gdr/avatar" "Mozilla/5.0 (Windows NT 6.1; WOW64) AppleWebKit/537.36 (KHTML, like Gecko) Chrome/81.0.4044.138 Safari/537.36 OPR/68.0.3618.125"
188.11.87.79 - - [06/Jun/2020:07:14:05 +0000] "GET /gdr/missive/ajax HTTP/1.0" 200 707 "https://www.shenteon.com/gdr/avatar" "Mozilla/5.0 (Windows NT 6.1; WOW64) AppleWebKit/537.36 (KHTML, like Gecko) Chrome/81.0.4044.138 Safari/537.36 OPR/68.0.3618.125"
188.11.87.79 - - [06/Jun/2020:07:14:10 +0000] "GET /gdr/missive/ajax HTTP/1.0" 200 707 "https://www.shenteon.com/gdr/mercato/lista/mercato/1/livello/0/categoria/10?page=2" "Mozilla/5.0 (Windows NT 6.1; WOW64) AppleWebKit/537.36 (KHTML, like Gecko) Chrome/81.0.4044.138 Safari/537.36 OPR/68.0.3618.125"
62.221.168.91 - - [06/Jun/2020:07:14:20 +0000] "GET /gdr/presenti/show-in-and-out HTTP/1.0" 200 660 "https://www.shenteon.com/gdr/editti/visualizza" "Mozilla/5.0 (Windows NT 10.0; Win64; x64; rv:77.0) Gecko/20100101 Firefox/77.0"
62.221.168.91 - - [06/Jun/2020:07:14:20 +0000] "GET /gdr/meteo/show HTTP/1.0" 200 799 "https://www.shenteon.com/gdr/editti/visualizza" "Mozilla/5.0 (Windows NT 10.0; Win64; x64; rv:77.0) Gecko/20100101 Firefox/77.0"
62.221.168.91 - - [06/Jun/2020:07:14:20 +0000] "GET /gdr/marque/show HTTP/1.0" 200 894 "https://www.shenteon.com/gdr/editti/visualizza" "Mozilla/5.0 (Windows NT 10.0; Win64; x64; rv:77.0) Gecko/20100101 Firefox/77.0"
62.221.168.91 - - [06/Jun/2020:07:14:20 +0000] "GET /gdr/meteo/date HTTP/1.0" 200 603 "https://www.shenteon.com/gdr/editti/visualizza" "Mozilla/5.0 (Windows NT 10.0; Win64; x64; rv:77.0) Gecko/20100101 Firefox/77.0"
62.221.168.91 - - [06/Jun/2020:07:14:22 +0000] "GET /gdr/missive/ajax HTTP/1.0" 200 707 "https://www.shenteon.com/gdr/editti/visualizza" "Mozilla/5.0 (Windows NT 10.0; Win64; x64; rv:77.0) Gecko/20100101 Firefox/77.0"
188.11.87.79 - - [06/Jun/2020:07:14:23 +0000] "GET /gdr/missive/ajax HTTP/1.0" 200 707 "https://www.shenteon.com/gdr/bacheca/thread/show/4251" "Mozilla/5.0 (Windows NT 6.1; WOW64) AppleWebKit/537.36 (KHTML, like Gecko) Chrome/81.0.4044.138 Safari/537.36 OPR/68.0.3618.125"
188.11.87.79 - - [06/Jun/2020:07:14:25 +0000] "GET /gdr/missive/ajax HTTP/1.0" 200 707 "https://www.shenteon.com/gdr/avatar" "Mozilla/5.0 (Windows NT 6.1; WOW64) AppleWebKit/537.36 (KHTML, like Gecko) Chrome/81.0.4044.138 Safari/537.36 OPR/68.0.3618.125"
188.11.87.79 - - [06/Jun/2020:07:14:30 +0000] "GET /gdr/missive/ajax HTTP/1.0" 200 707 "https://www.shenteon.com/gdr/mercato/lista/mercato/1/livello/0/categoria/10?page=2" "Mozilla/5.0 (Windows NT 6.1; WOW64) AppleWebKit/537.36 (KHTML, like Gecko) Chrome/81.0.4044.138 Safari/537.36 OPR/68.0.3618.125"
62.221.168.91 - - [06/Jun/2020:07:14:42 +0000] "GET /gdr/missive/ajax HTTP/1.0" 200 707 "https://www.shenteon.com/gdr/editti/visualizza" "Mozilla/5.0 (Windows NT 10.0; Win64; x64; rv:77.0) Gecko/20100101 Firefox/77.0"
188.11.87.79 - - [06/Jun/2020:07:14:43 +0000] "GET /gdr/missive/ajax HTTP/1.0" 200 707 "https://www.shenteon.com/gdr/bacheca/thread/show/4251" "Mozilla/5.0 (Windows NT 6.1; WOW64) AppleWebKit/537.36 (KHTML, like Gecko) Chrome/81.0.4044.138 Safari/537.36 OPR/68.0.3618.125"
188.11.87.79 - - [06/Jun/2020:07:14:45 +0000] "GET /gdr/missive/ajax HTTP/1.0" 200 707 "https://www.shenteon.com/gdr/avatar" "Mozilla/5.0 (Windows NT 6.1; WOW64) AppleWebKit/537.36 (KHTML, like Gecko) Chrome/81.0.4044.138 Safari/537.36 OPR/68.0.3618.125"
188.11.87.79 - - [06/Jun/2020:07:14:50 +0000] "GET /gdr/missive/ajax HTTP/1.0" 200 707 "https://www.shenteon.com/gdr/mercato/lista/mercato/1/livello/0/categoria/10?page=2" "Mozilla/5.0 (Windows NT 6.1; WOW64) AppleWebKit/537.36 (KHTML, like Gecko) Chrome/81.0.4044.138 Safari/537.36 OPR/68.0.3618.125"
188.11.87.79 - - [06/Jun/2020:07:14:50 +0000] "GET /gdr/presenti/show-in-and-out HTTP/1.0" 200 660 "https://www.shenteon.com/gdr/mercato/lista/mercato/1/livello/0/categoria/10?page=2" "Mozilla/5.0 (Windows NT 6.1; WOW64) AppleWebKit/537.36 (KHTML, like Gecko) Chrome/81.0.4044.138 Safari/537.36 OPR/68.0.3618.125"
46.165.252.196 - - [06/Jun/2020:07:15:01 +0000] "GET /cron/meteo/check HTTP/1.0" 200 565 "-" "Wget/1.14 (linux-gnu)"
62.221.168.91 - - [06/Jun/2020:07:15:02 +0000] "GET /gdr/missive/ajax HTTP/1.0" 200 707 "https://www.shenteon.com/gdr/editti/visualizza" "Mozilla/5.0 (Windows NT 10.0; Win64; x64; rv:77.0) Gecko/20100101 Firefox/77.0"
188.11.87.79 - - [06/Jun/2020:07:15:03 +0000] "GET /gdr/missive/ajax HTTP/1.0" 200 707 "https://www.shenteon.com/gdr/bacheca/thread/show/4251" "Mozilla/5.0 (Windows NT 6.1; WOW64) AppleWebKit/537.36 (KHTML, like Gecko) Chrome/81.0.4044.138 Safari/537.36 OPR/68.0.3618.125"
188.11.87.79 - - [06/Jun/2020:07:15:05 +0000] "GET /gdr/missive/ajax HTTP/1.0" 200 707 "https://www.shenteon.com/gdr/avatar" "Mozilla/5.0 (Windows NT 6.1; WOW64) AppleWebKit/537.36 (KHTML, like Gecko) Chrome/81.0.4044.138 Safari/537.36 OPR/68.0.3618.125"
188.11.87.79 - - [06/Jun/2020:07:15:10 +0000] "GET /gdr/missive/ajax HTTP/1.0" 200 707 "https://www.shenteon.com/gdr/mercato/lista/mercato/1/livello/0/categoria/10?page=2" "Mozilla/5.0 (Windows NT 6.1; WOW64) AppleWebKit/537.36 (KHTML, like Gecko) Chrome/81.0.4044.138 Safari/537.36 OPR/68.0.3618.125"
62.221.168.91 - - [06/Jun/2020:07:15:22 +0000] "GET /gdr/missive/ajax HTTP/1.0" 200 707 "https://www.shenteon.com/gdr/editti/visualizza" "Mozilla/5.0 (Windows NT 10.0; Win64; x64; rv:77.0) Gecko/20100101 Firefox/77.0"
188.11.87.79 - - [06/Jun/2020:07:15:23 +0000] "GET /gdr/missive/ajax HTTP/1.0" 200 707 "https://www.shenteon.com/gdr/bacheca/thread/show/4251" "Mozilla/5.0 (Windows NT 6.1; WOW64) AppleWebKit/537.36 (KHTML, like Gecko) Chrome/81.0.4044.138 Safari/537.36 OPR/68.0.3618.125"
188.11.87.79 - - [06/Jun/2020:07:15:25 +0000] "GET /gdr/missive/ajax HTTP/1.0" 200 707 "https://www.shenteon.com/gdr/avatar" "Mozilla/5.0 (Windows NT 6.1; WOW64) AppleWebKit/537.36 (KHTML, like Gecko) Chrome/81.0.4044.138 Safari/537.36 OPR/68.0.3618.125"
188.11.87.79 - - [06/Jun/2020:07:15:30 +0000] "GET /gdr/missive/ajax HTTP/1.0" 200 707 "https://www.shenteon.com/gdr/mercato/lista/mercato/1/livello/0/categoria/10?page=2" "Mozilla/5.0 (Windows NT 6.1; WOW64) AppleWebKit/537.36 (KHTML, like Gecko) Chrome/81.0.4044.138 Safari/537.36 OPR/68.0.3618.125"
62.221.168.91 - - [06/Jun/2020:07:15:42 +0000] "GET /gdr/missive/ajax HTTP/1.0" 200 707 "https://www.shenteon.com/gdr/editti/visualizza" "Mozilla/5.0 (Windows NT 10.0; Win64; x64; rv:77.0) Gecko/20100101 Firefox/77.0"
188.11.87.79 - - [06/Jun/2020:07:15:43 +0000] "GET /gdr/missive/ajax HTTP/1.0" 200 707 "https://www.shenteon.com/gdr/bacheca/thread/show/4251" "Mozilla/5.0 (Windows NT 6.1; WOW64) AppleWebKit/537.36 (KHTML, like Gecko) Chrome/81.0.4044.138 Safari/537.36 OPR/68.0.3618.125"
188.11.87.79 - - [06/Jun/2020:07:15:45 +0000] "GET /gdr/missive/ajax HTTP/1.0" 200 707 "https://www.shenteon.com/gdr/avatar" "Mozilla/5.0 (Windows NT 6.1; WOW64) AppleWebKit/537.36 (KHTML, like Gecko) Chrome/81.0.4044.138 Safari/537.36 OPR/68.0.3618.125"
188.11.87.79 - - [06/Jun/2020:07:15:50 +0000] "GET /gdr/missive/ajax HTTP/1.0" 200 707 "https://www.shenteon.com/gdr/mercato/lista/mercato/1/livello/0/categoria/10?page=2" "Mozilla/5.0 (Windows NT 6.1; WOW64) AppleWebKit/537.36 (KHTML, like Gecko) Chrome/81.0.4044.138 Safari/537.36 OPR/68.0.3618.125"
62.221.168.91 - - [06/Jun/2020:07:16:02 +0000] "GET /gdr/missive/ajax HTTP/1.0" 200 707 "https://www.shenteon.com/gdr/editti/visualizza" "Mozilla/5.0 (Windows NT 10.0; Win64; x64; rv:77.0) Gecko/20100101 Firefox/77.0"
188.11.87.79 - - [06/Jun/2020:07:16:03 +0000] "GET /gdr/missive/ajax HTTP/1.0" 200 707 "https://www.shenteon.com/gdr/bacheca/thread/show/4251" "Mozilla/5.0 (Windows NT 6.1; WOW64) AppleWebKit/537.36 (KHTML, like Gecko) Chrome/81.0.4044.138 Safari/537.36 OPR/68.0.3618.125"
188.11.87.79 - - [06/Jun/2020:07:16:03 +0000] "GET /gdr/meteo/show HTTP/1.0" 200 799 "https://www.shenteon.com/gdr/bacheca/thread/show/4251" "Mozilla/5.0 (Windows NT 6.1; WOW64) AppleWebKit/537.36 (KHTML, like Gecko) Chrome/81.0.4044.138 Safari/537.36 OPR/68.0.3618.125"
188.11.87.79 - - [06/Jun/2020:07:16:03 +0000] "GET /gdr/presenti/show-in-and-out HTTP/1.0" 200 660 "https://www.shenteon.com/gdr/bacheca/thread/show/4251" "Mozilla/5.0 (Windows NT 6.1; WOW64) AppleWebKit/537.36 (KHTML, like Gecko) Chrome/81.0.4044.138 Safari/537.36 OPR/68.0.3618.125"
188.11.87.79 - - [06/Jun/2020:07:16:03 +0000] "GET /gdr/marque/show HTTP/1.0" 200 894 "https://www.shenteon.com/gdr/bacheca/thread/show/4251" "Mozilla/5.0 (Windows NT 6.1; WOW64) AppleWebKit/537.36 (KHTML, like Gecko) Chrome/81.0.4044.138 Safari/537.36 OPR/68.0.3618.125"
188.11.87.79 - - [06/Jun/2020:07:16:05 +0000] "GET /gdr/missive/ajax HTTP/1.0" 200 707 "https://www.shenteon.com/gdr/avatar" "Mozilla/5.0 (Windows NT 6.1; WOW64) AppleWebKit/537.36 (KHTML, like Gecko) Chrome/81.0.4044.138 Safari/537.36 OPR/68.0.3618.125"
188.11.87.79 - - [06/Jun/2020:07:16:03 +0000] "GET /gdr/meteo/date HTTP/1.0" 200 603 "https://www.shenteon.com/gdr/bacheca/thread/show/4251" "Mozilla/5.0 (Windows NT 6.1; WOW64) AppleWebKit/537.36 (KHTML, like Gecko) Chrome/81.0.4044.138 Safari/537.36 OPR/68.0.3618.125"
188.11.87.79 - - [06/Jun/2020:07:16:06 +0000] "GET /gdr/presenti/show-in-and-out HTTP/1.0" 200 660 "https://www.shenteon.com/gdr/avatar" "Mozilla/5.0 (Windows NT 6.1; WOW64) AppleWebKit/537.36 (KHTML, like Gecko) Chrome/81.0.4044.138 Safari/537.36 OPR/68.0.3618.125"
188.11.87.79 - - [06/Jun/2020:07:16:10 +0000] "GET /gdr/missive/ajax HTTP/1.0" 200 707 "https://www.shenteon.com/gdr/mercato/lista/mercato/1/livello/0/categoria/10?page=2" "Mozilla/5.0 (Windows NT 6.1; WOW64) AppleWebKit/537.36 (KHTML, like Gecko) Chrome/81.0.4044.138 Safari/537.36 OPR/68.0.3618.125"
62.221.168.91 - - [06/Jun/2020:07:16:20 +0000] "GET /gdr/presenti/show-in-and-out HTTP/1.0" 200 660 "https://www.shenteon.com/gdr/editti/visualizza" "Mozilla/5.0 (Windows NT 10.0; Win64; x64; rv:77.0) Gecko/20100101 Firefox/77.0"
62.221.168.91 - - [06/Jun/2020:07:16:22 +0000] "GET /gdr/missive/ajax HTTP/1.0" 200 707 "https://www.shenteon.com/gdr/editti/visualizza" "Mozilla/5.0 (Windows NT 10.0; Win64; x64; rv:77.0) Gecko/20100101 Firefox/77.0"
188.11.87.79 - - [06/Jun/2020:07:16:23 +0000] "GET /gdr/missive/ajax HTTP/1.0" 200 707 "https://www.shenteon.com/gdr/bacheca/thread/show/4251" "Mozilla/5.0 (Windows NT 6.1; WOW64) AppleWebKit/537.36 (KHTML, like Gecko) Chrome/81.0.4044.138 Safari/537.36 OPR/68.0.3618.125"
188.11.87.79 - - [06/Jun/2020:07:16:25 +0000] "GET /gdr/missive/ajax HTTP/1.0" 200 707 "https://www.shenteon.com/gdr/avatar" "Mozilla/5.0 (Windows NT 6.1; WOW64) AppleWebKit/537.36 (KHTML, like Gecko) Chrome/81.0.4044.138 Safari/537.36 OPR/68.0.3618.125"
188.11.87.79 - - [06/Jun/2020:07:16:30 +0000] "GET /gdr/missive/ajax HTTP/1.0" 200 3805 "https://www.shenteon.com/gdr/mercato/lista/mercato/1/livello/0/categoria/10?page=2" "Mozilla/5.0 (Windows NT 6.1; WOW64) AppleWebKit/537.36 (KHTML, like Gecko) Chrome/81.0.4044.138 Safari/537.36 OPR/68.0.3618.125"
62.221.168.91 - - [06/Jun/2020:07:16:42 +0000] "GET /gdr/missive/ajax HTTP/1.0" 200 707 "https://www.shenteon.com/gdr/editti/visualizza" "Mozilla/5.0 (Windows NT 10.0; Win64; x64; rv:77.0) Gecko/20100101 Firefox/77.0"
188.11.87.79 - - [06/Jun/2020:07:16:43 +0000] "GET /gdr/missive/ajax HTTP/1.0" 200 707 "https://www.shenteon.com/gdr/bacheca/thread/show/4251" "Mozilla/5.0 (Windows NT 6.1; WOW64) AppleWebKit/537.36 (KHTML, like Gecko) Chrome/81.0.4044.138 Safari/537.36 OPR/68.0.3618.125"
188.11.87.79 - - [06/Jun/2020:07:16:45 +0000] "GET /gdr/missive/ajax HTTP/1.0" 200 707 "https://www.shenteon.com/gdr/avatar" "Mozilla/5.0 (Windows NT 6.1; WOW64) AppleWebKit/537.36 (KHTML, like Gecko) Chrome/81.0.4044.138 Safari/537.36 OPR/68.0.3618.125"
188.11.87.79 - - [06/Jun/2020:07:16:50 +0000] "GET /gdr/missive/ajax HTTP/1.0" 200 707 "https://www.shenteon.com/gdr/mercato/lista/mercato/1/livello/0/categoria/10?page=2" "Mozilla/5.0 (Windows NT 6.1; WOW64) AppleWebKit/537.36 (KHTML, like Gecko) Chrome/81.0.4044.138 Safari/537.36 OPR/68.0.3618.125"
188.11.87.79 - - [06/Jun/2020:07:16:50 +0000] "GET /gdr/meteo/date HTTP/1.0" 200 603 "https://www.shenteon.com/gdr/mercato/lista/mercato/1/livello/0/categoria/10?page=2" "Mozilla/5.0 (Windows NT 6.1; WOW64) AppleWebKit/537.36 (KHTML, like Gecko) Chrome/81.0.4044.138 Safari/537.36 OPR/68.0.3618.125"
188.11.87.79 - - [06/Jun/2020:07:16:50 +0000] "GET /gdr/meteo/show HTTP/1.0" 200 799 "https://www.shenteon.com/gdr/mercato/lista/mercato/1/livello/0/categoria/10?page=2" "Mozilla/5.0 (Windows NT 6.1; WOW64) AppleWebKit/537.36 (KHTML, like Gecko) Chrome/81.0.4044.138 Safari/537.36 OPR/68.0.3618.125"
188.11.87.79 - - [06/Jun/2020:07:16:50 +0000] "GET /gdr/presenti/show-in-and-out HTTP/1.0" 200 660 "https://www.shenteon.com/gdr/mercato/lista/mercato/1/livello/0/categoria/10?page=2" "Mozilla/5.0 (Windows NT 6.1; WOW64) AppleWebKit/537.36 (KHTML, like Gecko) Chrome/81.0.4044.138 Safari/537.36 OPR/68.0.3618.125"
62.221.168.91 - - [06/Jun/2020:07:17:02 +0000] "GET /gdr/missive/ajax HTTP/1.0" 200 707 "https://www.shenteon.com/gdr/editti/visualizza" "Mozilla/5.0 (Windows NT 10.0; Win64; x64; rv:77.0) Gecko/20100101 Firefox/77.0"
188.11.87.79 - - [06/Jun/2020:07:17:03 +0000] "GET /gdr/missive/ajax HTTP/1.0" 200 707 "https://www.shenteon.com/gdr/bacheca/thread/show/4251" "Mozilla/5.0 (Windows NT 6.1; WOW64) AppleWebKit/537.36 (KHTML, like Gecko) Chrome/81.0.4044.138 Safari/537.36 OPR/68.0.3618.125"
188.11.87.79 - - [06/Jun/2020:07:17:05 +0000] "GET /gdr/missive/ajax HTTP/1.0" 200 707 "https://www.shenteon.com/gdr/avatar" "Mozilla/5.0 (Windows NT 6.1; WOW64) AppleWebKit/537.36 (KHTML, like Gecko) Chrome/81.0.4044.138 Safari/537.36 OPR/68.0.3618.125"
188.11.87.79 - - [06/Jun/2020:07:17:05 +0000] "GET /gdr/meteo/show HTTP/1.0" 200 799 "https://www.shenteon.com/gdr/avatar" "Mozilla/5.0 (Windows NT 6.1; WOW64) AppleWebKit/537.36 (KHTML, like Gecko) Chrome/81.0.4044.138 Safari/537.36 OPR/68.0.3618.125"
188.11.87.79 - - [06/Jun/2020:07:17:05 +0000] "GET /gdr/meteo/date HTTP/1.0" 200 603 "https://www.shenteon.com/gdr/avatar" "Mozilla/5.0 (Windows NT 6.1; WOW64) AppleWebKit/537.36 (KHTML, like Gecko) Chrome/81.0.4044.138 Safari/537.36 OPR/68.0.3618.125"
188.11.87.79 - - [06/Jun/2020:07:17:10 +0000] "GET /gdr/missive/ajax HTTP/1.0" 200 707 "https://www.shenteon.com/gdr/mercato/lista/mercato/1/livello/0/categoria/10?page=2" "Mozilla/5.0 (Windows NT 6.1; WOW64) AppleWebKit/537.36 (KHTML, like Gecko) Chrome/81.0.4044.138 Safari/537.36 OPR/68.0.3618.125"
62.221.168.91 - - [06/Jun/2020:07:17:22 +0000] "GET /gdr/missive/ajax HTTP/1.0" 200 707 "https://www.shenteon.com/gdr/editti/visualizza" "Mozilla/5.0 (Windows NT 10.0; Win64; x64; rv:77.0) Gecko/20100101 Firefox/77.0"
188.11.87.79 - - [06/Jun/2020:07:17:23 +0000] "GET /gdr/missive/ajax HTTP/1.0" 200 707 "https://www.shenteon.com/gdr/bacheca/thread/show/4251" "Mozilla/5.0 (Windows NT 6.1; WOW64) AppleWebKit/537.36 (KHTML, like Gecko) Chrome/81.0.4044.138 Safari/537.36 OPR/68.0.3618.125"
188.11.87.79 - - [06/Jun/2020:07:17:25 +0000] "GET /gdr/missive/ajax HTTP/1.0" 200 707 "https://www.shenteon.com/gdr/avatar" "Mozilla/5.0 (Windows NT 6.1; WOW64) AppleWebKit/537.36 (KHTML, like Gecko) Chrome/81.0.4044.138 Safari/537.36 OPR/68.0.3618.125"
188.11.87.79 - - [06/Jun/2020:07:17:30 +0000] "GET /gdr/missive/ajax HTTP/1.0" 200 707 "https://www.shenteon.com/gdr/mercato/lista/mercato/1/livello/0/categoria/10?page=2" "Mozilla/5.0 (Windows NT 6.1; WOW64) AppleWebKit/537.36 (KHTML, like Gecko) Chrome/81.0.4044.138 Safari/537.36 OPR/68.0.3618.125"
62.221.168.91 - - [06/Jun/2020:07:17:42 +0000] "GET /gdr/missive/ajax HTTP/1.0" 200 707 "https://www.shenteon.com/gdr/editti/visualizza" "Mozilla/5.0 (Windows NT 10.0; Win64; x64; rv:77.0) Gecko/20100101 Firefox/77.0"
188.11.87.79 - - [06/Jun/2020:07:17:43 +0000] "GET /gdr/missive/ajax HTTP/1.0" 200 707 "https://www.shenteon.com/gdr/bacheca/thread/show/4251" "Mozilla/5.0 (Windows NT 6.1; WOW64) AppleWebKit/537.36 (KHTML, like Gecko) Chrome/81.0.4044.138 Safari/537.36 OPR/68.0.3618.125"
151.73.208.26 - - [06/Jun/2020:07:17:44 +0000] "GET / HTTP/1.0" 200 4465 "-" "Mozilla/5.0 (Windows NT 10.0; Win64; x64) AppleWebKit/537.36 (KHTML, like Gecko) Chrome/83.0.4103.97 Safari/537.36"
151.73.208.26 - - [06/Jun/2020:07:17:44 +0000] "GET /bundles/gdrsite/images/home/teon-giorno-nebbia.jpg?v1.0.65 HTTP/1.0" 200 519 "https://www.shenteon.com/" "Mozilla/5.0 (Windows NT 10.0; Win64; x64) AppleWebKit/537.36 (KHTML, like Gecko) Chrome/83.0.4103.97 Safari/537.36"
151.73.208.26 - - [06/Jun/2020:07:17:44 +0000] "GET /uploads/meteo/54b2b10b53c70_LUNA_ROSSA_PIENA.png HTTP/1.0" 200 516 "https://www.shenteon.com/" "Mozilla/5.0 (Windows NT 10.0; Win64; x64) AppleWebKit/537.36 (KHTML, like Gecko) Chrome/83.0.4103.97 Safari/537.36"
151.73.208.26 - - [06/Jun/2020:07:17:44 +0000] "GET /uploads/meteo/54b2ae58b8560_TEMPO_NEBBIA_GIORNO_NOTTE.png HTTP/1.0" 200 525 "https://www.shenteon.com/" "Mozilla/5.0 (Windows NT 10.0; Win64; x64) AppleWebKit/537.36 (KHTML, like Gecko) Chrome/83.0.4103.97 Safari/537.36"
188.11.87.79 - - [06/Jun/2020:07:17:45 +0000] "GET /gdr/missive/ajax HTTP/1.0" 200 707 "https://www.shenteon.com/gdr/avatar" "Mozilla/5.0 (Windows NT 6.1; WOW64) AppleWebKit/537.36 (KHTML, like Gecko) Chrome/81.0.4044.138 Safari/537.36 OPR/68.0.3618.125"
151.73.208.26 - - [06/Jun/2020:07:17:46 +0000] "POST /login_check HTTP/1.0" 302 934 "https://www.shenteon.com/" "Mozilla/5.0 (Windows NT 10.0; Win64; x64) AppleWebKit/537.36 (KHTML, like Gecko) Chrome/83.0.4103.97 Safari/537.36"
151.73.208.26 - - [06/Jun/2020:07:17:46 +0000] "GET /utente/scegli-personaggio.html HTTP/1.0" 200 3327 "https://www.shenteon.com/" "Mozilla/5.0 (Windows NT 10.0; Win64; x64) AppleWebKit/537.36 (KHTML, like Gecko) Chrome/83.0.4103.97 Safari/537.36"
151.73.208.26 - - [06/Jun/2020:07:17:48 +0000] "GET /utente/scegli-personaggio/1947 HTTP/1.0" 302 746 "https://www.shenteon.com/utente/scegli-personaggio.html" "Mozilla/5.0 (Windows NT 10.0; Win64; x64) AppleWebKit/537.36 (KHTML, like Gecko) Chrome/83.0.4103.97 Safari/537.36"
151.73.208.26 - - [06/Jun/2020:07:17:49 +0000] "GET /gdr/ HTTP/1.0" 302 846 "https://www.shenteon.com/utente/scegli-personaggio.html" "Mozilla/5.0 (Windows NT 10.0; Win64; x64) AppleWebKit/537.36 (KHTML, like Gecko) Chrome/83.0.4103.97 Safari/537.36"
151.73.208.26 - - [06/Jun/2020:07:17:49 +0000] "GET /gdr/location/posizione/2 HTTP/1.0" 302 816 "https://www.shenteon.com/utente/scegli-personaggio.html" "Mozilla/5.0 (Windows NT 10.0; Win64; x64) AppleWebKit/537.36 (KHTML, like Gecko) Chrome/83.0.4103.97 Safari/537.36"
151.73.208.26 - - [06/Jun/2020:07:17:49 +0000] "GET /gdr/location/mappa HTTP/1.0" 200 4204 "https://www.shenteon.com/utente/scegli-personaggio.html" "Mozilla/5.0 (Windows NT 10.0; Win64; x64) AppleWebKit/537.36 (KHTML, like Gecko) Chrome/83.0.4103.97 Safari/537.36"
151.73.208.26 - - [06/Jun/2020:07:17:50 +0000] "GET /uploads/location/52473842e1ff1_VISTA_TEON_GIORNO_NOTTE_NEBBIA.jpg HTTP/1.0" 200 534 "https://www.shenteon.com/gdr/location/mappa" "Mozilla/5.0 (Windows NT 10.0; Win64; x64) AppleWebKit/537.36 (KHTML, like Gecko) Chrome/83.0.4103.97 Safari/537.36"
151.73.208.26 - - [06/Jun/2020:07:17:50 +0000] "GET /js/routing?callback=fos.Router.setData HTTP/1.0" 200 1163 "https://www.shenteon.com/gdr/location/mappa" "Mozilla/5.0 (Windows NT 10.0; Win64; x64) AppleWebKit/537.36 (KHTML, like Gecko) Chrome/83.0.4103.97 Safari/537.36"
151.73.208.26 - - [06/Jun/2020:07:17:50 +0000] "GET /gdr/marque/show HTTP/1.0" 200 894 "https://www.shenteon.com/gdr/location/mappa" "Mozilla/5.0 (Windows NT 10.0; Win64; x64) AppleWebKit/537.36 (KHTML, like Gecko) Chrome/83.0.4103.97 Safari/537.36"
188.11.87.79 - - [06/Jun/2020:07:17:50 +0000] "GET /gdr/missive/ajax HTTP/1.0" 200 707 "https://www.shenteon.com/gdr/mercato/lista/mercato/1/livello/0/categoria/10?page=2" "Mozilla/5.0 (Windows NT 6.1; WOW64) AppleWebKit/537.36 (KHTML, like Gecko) Chrome/81.0.4044.138 Safari/537.36 OPR/68.0.3618.125"
151.73.208.26 - - [06/Jun/2020:07:17:52 +0000] "GET /gdr/presenti/index HTTP/1.0" 200 4040 "https://www.shenteon.com/gdr/location/mappa" "Mozilla/5.0 (Windows NT 10.0; Win64; x64) AppleWebKit/537.36 (KHTML, like Gecko) Chrome/83.0.4103.97 Safari/537.36"
151.73.208.26 - - [06/Jun/2020:07:17:52 +0000] "GET /js/routing?callback=fos.Router.setData HTTP/1.0" 200 1163 "https://www.shenteon.com/gdr/presenti/index" "Mozilla/5.0 (Windows NT 10.0; Win64; x64) AppleWebKit/537.36 (KHTML, like Gecko) Chrome/83.0.4103.97 Safari/537.36"
151.73.208.26 - - [06/Jun/2020:07:17:56 +0000] "GET /gdr/bacheca/index HTTP/1.0" 200 5136 "https://www.shenteon.com/gdr/presenti/index" "Mozilla/5.0 (Windows NT 10.0; Win64; x64) AppleWebKit/537.36 (KHTML, like Gecko) Chrome/83.0.4103.97 Safari/537.36"
151.73.208.26 - - [06/Jun/2020:07:17:56 +0000] "GET /js/routing?callback=fos.Router.setData HTTP/1.0" 200 1163 "https://www.shenteon.com/gdr/bacheca/index" "Mozilla/5.0 (Windows NT 10.0; Win64; x64) AppleWebKit/537.36 (KHTML, like Gecko) Chrome/83.0.4103.97 Safari/537.36"
78.15.74.17 - - [06/Jun/2020:07:17:57 +0000] "GET /gdr/missive/ajax HTTP/1.0" 302 929 "https://www.shenteon.com/gdr/avatar" "Mozilla/5.0 (Linux; Android 9; Redmi Note 8T) AppleWebKit/537.36 (KHTML, like Gecko) Chrome/83.0.4103.96 Mobile Safari/537.36"
78.15.74.17 - - [06/Jun/2020:07:17:57 +0000] "GET /login HTTP/1.0" 200 3495 "https://www.shenteon.com/gdr/avatar" "Mozilla/5.0 (Linux; Android 9; Redmi Note 8T) AppleWebKit/537.36 (KHTML, like Gecko) Chrome/83.0.4103.96 Mobile Safari/537.36"
78.15.74.17 - - [06/Jun/2020:07:17:57 +0000] "GET /js/e732951.js?_=1591426449894 HTTP/1.0" 200 510 "https://www.shenteon.com/gdr/avatar" "Mozilla/5.0 (Linux; Android 9; Redmi Note 8T) AppleWebKit/537.36 (KHTML, like Gecko) Chrome/83.0.4103.96 Mobile Safari/537.36"
78.15.74.17 - - [06/Jun/2020:07:17:58 +0000] "GET /js/d9efc4e.js?_=1591426449895 HTTP/1.0" 200 510 "https://www.shenteon.com/gdr/avatar" "Mozilla/5.0 (Linux; Android 9; Redmi Note 8T) AppleWebKit/537.36 (KHTML, like Gecko) Chrome/83.0.4103.96 Mobile Safari/537.36"
62.221.168.91 - - [06/Jun/2020:07:18:02 +0000] "GET /gdr/missive/ajax HTTP/1.0" 200 707 "https://www.shenteon.com/gdr/editti/visualizza" "Mozilla/5.0 (Windows NT 10.0; Win64; x64; rv:77.0) Gecko/20100101 Firefox/77.0"
188.11.87.79 - - [06/Jun/2020:07:18:03 +0000] "GET /gdr/missive/ajax HTTP/1.0" 200 707 "https://www.shenteon.com/gdr/bacheca/thread/show/4251" "Mozilla/5.0 (Windows NT 6.1; WOW64) AppleWebKit/537.36 (KHTML, like Gecko) Chrome/81.0.4044.138 Safari/537.36 OPR/68.0.3618.125"
188.11.87.79 - - [06/Jun/2020:07:18:03 +0000] "GET /gdr/presenti/show-in-and-out HTTP/1.0" 200 776 "https://www.shenteon.com/gdr/bacheca/thread/show/4251" "Mozilla/5.0 (Windows NT 6.1; WOW64) AppleWebKit/537.36 (KHTML, like Gecko) Chrome/81.0.4044.138 Safari/537.36 OPR/68.0.3618.125"
151.73.208.26 - - [06/Jun/2020:07:18:05 +0000] "GET /gdr/location/mappa HTTP/1.0" 200 4204 "https://www.shenteon.com/gdr/bacheca/index" "Mozilla/5.0 (Windows NT 10.0; Win64; x64) AppleWebKit/537.36 (KHTML, like Gecko) Chrome/83.0.4103.97 Safari/537.36"
151.73.208.26 - - [06/Jun/2020:07:18:06 +0000] "GET /js/routing?callback=fos.Router.setData HTTP/1.0" 200 1163 "https://www.shenteon.com/gdr/location/mappa" "Mozilla/5.0 (Windows NT 10.0; Win64; x64) AppleWebKit/537.36 (KHTML, like Gecko) Chrome/83.0.4103.97 Safari/537.36"
188.11.87.79 - - [06/Jun/2020:07:18:05 +0000] "GET /gdr/missive/ajax HTTP/1.0" 200 707 "https://www.shenteon.com/gdr/avatar" "Mozilla/5.0 (Windows NT 6.1; WOW64) AppleWebKit/537.36 (KHTML, like Gecko) Chrome/81.0.4044.138 Safari/537.36 OPR/68.0.3618.125"
151.73.208.26 - - [06/Jun/2020:07:18:07 +0000] "GET /gdr/location/posizione/5 HTTP/1.0" 302 876 "https://www.shenteon.com/gdr/location/mappa" "Mozilla/5.0 (Windows NT 10.0; Win64; x64) AppleWebKit/537.36 (KHTML, like Gecko) Chrome/83.0.4103.97 Safari/537.36"
188.11.87.79 - - [06/Jun/2020:07:18:05 +0000] "GET /gdr/presenti/show-in-and-out HTTP/1.0" 200 776 "https://www.shenteon.com/gdr/avatar" "Mozilla/5.0 (Windows NT 6.1; WOW64) AppleWebKit/537.36 (KHTML, like Gecko) Chrome/81.0.4044.138 Safari/537.36 OPR/68.0.3618.125"
151.73.208.26 - - [06/Jun/2020:07:18:07 +0000] "GET /gdr/location/mappa-locations/5 HTTP/1.0" 200 7126 "https://www.shenteon.com/gdr/location/mappa" "Mozilla/5.0 (Windows NT 10.0; Win64; x64) AppleWebKit/537.36 (KHTML, like Gecko) Chrome/83.0.4103.97 Safari/537.36"
151.73.208.26 - - [06/Jun/2020:07:18:07 +0000] "GET /uploads/location/524738cf7f913_VISTA_TEON_GIORNO_NOTTE_NEBBIA.jpg HTTP/1.0" 200 534 "https://www.shenteon.com/gdr/location/mappa-locations/5" "Mozilla/5.0 (Windows NT 10.0; Win64; x64) AppleWebKit/537.36 (KHTML, like Gecko) Chrome/83.0.4103.97 Safari/537.36"
151.73.208.26 - - [06/Jun/2020:07:18:07 +0000] "GET /uploads/location/5edac8c71d0b1_APERTA_BASE_new.png HTTP/1.0" 200 518 "https://www.shenteon.com/gdr/location/mappa-locations/5" "Mozilla/5.0 (Windows NT 10.0; Win64; x64) AppleWebKit/537.36 (KHTML, like Gecko) Chrome/83.0.4103.97 Safari/537.36"
151.73.208.26 - - [06/Jun/2020:07:18:07 +0000] "GET /uploads/location/5edac8d53dbe3_APERTA_BASE_new.png HTTP/1.0" 200 518 "https://www.shenteon.com/gdr/location/mappa-locations/5" "Mozilla/5.0 (Windows NT 10.0; Win64; x64) AppleWebKit/537.36 (KHTML, like Gecko) Chrome/83.0.4103.97 Safari/537.36"
151.73.208.26 - - [06/Jun/2020:07:18:07 +0000] "GET /uploads/location/5edac8b69b51f_APERTA_BASE_new.png HTTP/1.0" 200 518 "https://www.shenteon.com/gdr/location/mappa-locations/5" "Mozilla/5.0 (Windows NT 10.0; Win64; x64) AppleWebKit/537.36 (KHTML, like Gecko) Chrome/83.0.4103.97 Safari/537.36"
151.73.208.26 - - [06/Jun/2020:07:18:07 +0000] "GET /uploads/location/5ead45623f84c_chat-aperta.png HTTP/1.0" 200 514 "https://www.shenteon.com/gdr/location/mappa-locations/5" "Mozilla/5.0 (Windows NT 10.0; Win64; x64) AppleWebKit/537.36 (KHTML, like Gecko) Chrome/83.0.4103.97 Safari/537.36"
151.73.208.26 - - [06/Jun/2020:07:18:07 +0000] "GET /uploads/location/5edac8e60a497_APERTA_BASE_new.png HTTP/1.0" 200 518 "https://www.shenteon.com/gdr/location/mappa-locations/5" "Mozilla/5.0 (Windows NT 10.0; Win64; x64) AppleWebKit/537.36 (KHTML, like Gecko) Chrome/83.0.4103.97 Safari/537.36"
151.73.208.26 - - [06/Jun/2020:07:18:07 +0000] "GET /uploads/location/5edac8fe2fd71_APERTA_BASE_new.png HTTP/1.0" 200 518 "https://www.shenteon.com/gdr/location/mappa-locations/5" "Mozilla/5.0 (Windows NT 10.0; Win64; x64) AppleWebKit/537.36 (KHTML, like Gecko) Chrome/83.0.4103.97 Safari/537.36"
151.73.208.26 - - [06/Jun/2020:07:18:07 +0000] "GET /js/routing?callback=fos.Router.setData HTTP/1.0" 200 1163 "https://www.shenteon.com/gdr/location/mappa-locations/5" "Mozilla/5.0 (Windows NT 10.0; Win64; x64) AppleWebKit/537.36 (KHTML, like Gecko) Chrome/83.0.4103.97 Safari/537.36"
151.73.208.26 - - [06/Jun/2020:07:18:10 +0000] "GET /gdr/lavoro/lista HTTP/1.0" 200 3725 "https://www.shenteon.com/gdr/location/mappa-locations/5" "Mozilla/5.0 (Windows NT 10.0; Win64; x64) AppleWebKit/537.36 (KHTML, like Gecko) Chrome/83.0.4103.97 Safari/537.36"
151.73.208.26 - - [06/Jun/2020:07:18:10 +0000] "GET /bundles/gdrgame/images/casa_lavori.jpg?v1.0.65 HTTP/1.0" 200 507 "https://www.shenteon.com/gdr/lavoro/lista" "Mozilla/5.0 (Windows NT 10.0; Win64; x64) AppleWebKit/537.36 (KHTML, like Gecko) Chrome/83.0.4103.97 Safari/537.36"
151.73.208.26 - - [06/Jun/2020:07:18:10 +0000] "GET /js/routing?callback=fos.Router.setData HTTP/1.0" 200 1163 "https://www.shenteon.com/gdr/lavoro/lista" "Mozilla/5.0 (Windows NT 10.0; Win64; x64) AppleWebKit/537.36 (KHTML, like Gecko) Chrome/83.0.4103.97 Safari/537.36"
188.11.87.79 - - [06/Jun/2020:07:18:10 +0000] "GET /gdr/missive/ajax HTTP/1.0" 200 707 "https://www.shenteon.com/gdr/mercato/lista/mercato/1/livello/0/categoria/10?page=2" "Mozilla/5.0 (Windows NT 6.1; WOW64) AppleWebKit/537.36 (KHTML, like Gecko) Chrome/81.0.4044.138 Safari/537.36 OPR/68.0.3618.125"
78.15.74.17 - - [06/Jun/2020:07:18:17 +0000] "GET /gdr/missive/ajax HTTP/1.0" 302 871 "https://www.shenteon.com/gdr/avatar" "Mozilla/5.0 (Linux; Android 9; Redmi Note 8T) AppleWebKit/537.36 (KHTML, like Gecko) Chrome/83.0.4103.96 Mobile Safari/537.36"
78.15.74.17 - - [06/Jun/2020:07:18:17 +0000] "GET /login HTTP/1.0" 200 3495 "https://www.shenteon.com/gdr/avatar" "Mozilla/5.0 (Linux; Android 9; Redmi Note 8T) AppleWebKit/537.36 (KHTML, like Gecko) Chrome/83.0.4103.96 Mobile Safari/537.36"
78.15.74.17 - - [06/Jun/2020:07:18:17 +0000] "GET /js/e732951.js?_=1591427878564 HTTP/1.0" 200 510 "https://www.shenteon.com/gdr/avatar" "Mozilla/5.0 (Linux; Android 9; Redmi Note 8T) AppleWebKit/537.36 (KHTML, like Gecko) Chrome/83.0.4103.96 Mobile Safari/537.36"
78.15.74.17 - - [06/Jun/2020:07:18:17 +0000] "GET /js/d9efc4e.js?_=1591427878565 HTTP/1.0" 200 510 "https://www.shenteon.com/gdr/avatar" "Mozilla/5.0 (Linux; Android 9; Redmi Note 8T) AppleWebKit/537.36 (KHTML, like Gecko) Chrome/83.0.4103.96 Mobile Safari/537.36"
151.73.208.26 - - [06/Jun/2020:07:18:19 +0000] "GET /gdr/lavoro/scegli/12 HTTP/1.0" 302 806 "https://www.shenteon.com/gdr/lavoro/lista" "Mozilla/5.0 (Windows NT 10.0; Win64; x64) AppleWebKit/537.36 (KHTML, like Gecko) Chrome/83.0.4103.97 Safari/537.36"
151.73.208.26 - - [06/Jun/2020:07:18:19 +0000] "GET /gdr/lavoro/lista HTTP/1.0" 200 3693 "https://www.shenteon.com/gdr/lavoro/lista" "Mozilla/5.0 (Windows NT 10.0; Win64; x64) AppleWebKit/537.36 (KHTML, like Gecko) Chrome/83.0.4103.97 Safari/537.36"
151.73.208.26 - - [06/Jun/2020:07:18:19 +0000] "GET /js/routing?callback=fos.Router.setData HTTP/1.0" 200 1163 "https://www.shenteon.com/gdr/lavoro/lista" "Mozilla/5.0 (Windows NT 10.0; Win64; x64) AppleWebKit/537.36 (KHTML, like Gecko) Chrome/83.0.4103.97 Safari/537.36"
62.221.168.91 - - [06/Jun/2020:07:18:20 +0000] "GET /gdr/presenti/show-in-and-out HTTP/1.0" 200 776 "https://www.shenteon.com/gdr/editti/visualizza" "Mozilla/5.0 (Windows NT 10.0; Win64; x64; rv:77.0) Gecko/20100101 Firefox/77.0"
62.221.168.91 - - [06/Jun/2020:07:18:22 +0000] "GET /gdr/missive/ajax HTTP/1.0" 200 707 "https://www.shenteon.com/gdr/editti/visualizza" "Mozilla/5.0 (Windows NT 10.0; Win64; x64; rv:77.0) Gecko/20100101 Firefox/77.0"
