188.11.87.79 - - [06/Jun/2020:07:24:05 +0000] "GET /gdr/missive/ajax HTTP/1.0" 200 707 "https://www.shenteon.com/gdr/avatar" "Mozilla/5.0 (Windows NT 6.1; WOW64) AppleWebKit/537.36 (KHTML, like Gecko) Chrome/81.0.4044.138 Safari/537.36 OPR/68.0.3618.125"
188.11.87.79 - - [06/Jun/2020:07:24:05 +0000] "GET /gdr/presenti/show-in-and-out HTTP/1.0" 200 660 "https://www.shenteon.com/gdr/avatar" "Mozilla/5.0 (Windows NT 6.1; WOW64) AppleWebKit/537.36 (KHTML, like Gecko) Chrome/81.0.4044.138 Safari/537.36 OPR/68.0.3618.125"
62.221.168.91 - - [06/Jun/2020:07:24:09 +0000] "GET /gdr/missive/ajax HTTP/1.0" 200 707 "https://www.shenteon.com/gdr/presenti/index" "Mozilla/5.0 (Windows NT 10.0; Win64; x64; rv:77.0) Gecko/20100101 Firefox/77.0"
188.11.87.79 - - [06/Jun/2020:07:24:10 +0000] "GET /gdr/missive/ajax HTTP/1.0" 200 707 "https://www.shenteon.com/gdr/mercato/lista/mercato/1/livello/0/categoria/10?page=2" "Mozilla/5.0 (Windows NT 6.1; WOW64) AppleWebKit/537.36 (KHTML, like Gecko) Chrome/81.0.4044.138 Safari/537.36 OPR/68.0.3618.125"
188.11.87.79 - - [06/Jun/2020:07:24:23 +0000] "GET /gdr/missive/ajax HTTP/1.0" 200 707 "https://www.shenteon.com/gdr/bacheca/thread/show/4251" "Mozilla/5.0 (Windows NT 6.1; WOW64) AppleWebKit/537.36 (KHTML, like Gecko) Chrome/81.0.4044.138 Safari/537.36 OPR/68.0.3618.125"
151.73.208.26 - - [06/Jun/2020:07:24:24 +0000] "GET /gdr/missive/ajax HTTP/1.0" 200 707 "https://www.shenteon.com/gdr/location/mappa" "Mozilla/5.0 (Windows NT 10.0; Win64; x64) AppleWebKit/537.36 (KHTML, like Gecko) Chrome/83.0.4103.97 Safari/537.36"
151.73.208.26 - - [06/Jun/2020:07:24:24 +0000] "GET /gdr/presenti/show-in-and-out HTTP/1.0" 200 660 "https://www.shenteon.com/gdr/location/mappa" "Mozilla/5.0 (Windows NT 10.0; Win64; x64) AppleWebKit/537.36 (KHTML, like Gecko) Chrome/83.0.4103.97 Safari/537.36"
188.11.87.79 - - [06/Jun/2020:07:24:25 +0000] "GET /gdr/missive/ajax HTTP/1.0" 200 707 "https://www.shenteon.com/gdr/avatar" "Mozilla/5.0 (Windows NT 6.1; WOW64) AppleWebKit/537.36 (KHTML, like Gecko) Chrome/81.0.4044.138 Safari/537.36 OPR/68.0.3618.125"
195.32.43.159 - - [06/Jun/2020:07:24:26 +0000] "GET /logout HTTP/1.0" 302 929 "https://www.shenteon.com/gdr/presenti/index" "Mozilla/5.0 (Linux; Android 7.0; HUAWEI VNS-L31) AppleWebKit/537.36 (KHTML, like Gecko) Chrome/83.0.4103.96 Mobile Safari/537.36"
195.32.43.159 - - [06/Jun/2020:07:24:28 +0000] "GET /logout HTTP/1.0" 302 929 "https://www.shenteon.com/gdr/presenti/index" "Mozilla/5.0 (Linux; Android 7.0; HUAWEI VNS-L31) AppleWebKit/537.36 (KHTML, like Gecko) Chrome/83.0.4103.96 Mobile Safari/537.36"
195.32.43.159 - - [06/Jun/2020:07:24:28 +0000] "GET /login HTTP/1.0" 200 3494 "https://www.shenteon.com/gdr/presenti/index" "Mozilla/5.0 (Linux; Android 7.0; HUAWEI VNS-L31) AppleWebKit/537.36 (KHTML, like Gecko) Chrome/83.0.4103.96 Mobile Safari/537.36"
62.221.168.91 - - [06/Jun/2020:07:24:29 +0000] "GET /gdr/missive/ajax HTTP/1.0" 200 707 "https://www.shenteon.com/gdr/presenti/index" "Mozilla/5.0 (Windows NT 10.0; Win64; x64; rv:77.0) Gecko/20100101 Firefox/77.0"
195.32.43.159 - - [06/Jun/2020:07:24:30 +0000] "POST /login_check HTTP/1.0" 302 934 "https://www.shenteon.com/login" "Mozilla/5.0 (Linux; Android 7.0; HUAWEI VNS-L31) AppleWebKit/537.36 (KHTML, like Gecko) Chrome/83.0.4103.96 Mobile Safari/537.36"
195.32.43.159 - - [06/Jun/2020:07:24:31 +0000] "GET /utente/scegli-personaggio.html HTTP/1.0" 200 3327 "https://www.shenteon.com/login" "Mozilla/5.0 (Linux; Android 7.0; HUAWEI VNS-L31) AppleWebKit/537.36 (KHTML, like Gecko) Chrome/83.0.4103.96 Mobile Safari/537.36"
188.11.87.79 - - [06/Jun/2020:07:24:30 +0000] "GET /gdr/missive/ajax HTTP/1.0" 200 707 "https://www.shenteon.com/gdr/mercato/lista/mercato/1/livello/0/categoria/10?page=2" "Mozilla/5.0 (Windows NT 6.1; WOW64) AppleWebKit/537.36 (KHTML, like Gecko) Chrome/81.0.4044.138 Safari/537.36 OPR/68.0.3618.125"
195.32.43.159 - - [06/Jun/2020:07:24:33 +0000] "GET /utente/scegli-personaggio/1897 HTTP/1.0" 302 746 "https://www.shenteon.com/utente/scegli-personaggio.html" "Mozilla/5.0 (Linux; Android 7.0; HUAWEI VNS-L31) AppleWebKit/537.36 (KHTML, like Gecko) Chrome/83.0.4103.96 Mobile Safari/537.36"
195.32.43.159 - - [06/Jun/2020:07:24:33 +0000] "GET /gdr/ HTTP/1.0" 302 846 "https://www.shenteon.com/utente/scegli-personaggio.html" "Mozilla/5.0 (Linux; Android 7.0; HUAWEI VNS-L31) AppleWebKit/537.36 (KHTML, like Gecko) Chrome/83.0.4103.96 Mobile Safari/537.36"
195.32.43.159 - - [06/Jun/2020:07:24:34 +0000] "GET /gdr/location/posizione/2 HTTP/1.0" 302 816 "https://www.shenteon.com/utente/scegli-personaggio.html" "Mozilla/5.0 (Linux; Android 7.0; HUAWEI VNS-L31) AppleWebKit/537.36 (KHTML, like Gecko) Chrome/83.0.4103.96 Mobile Safari/537.36"
195.32.43.159 - - [06/Jun/2020:07:24:34 +0000] "GET /gdr/location/mappa HTTP/1.0" 200 4204 "https://www.shenteon.com/utente/scegli-personaggio.html" "Mozilla/5.0 (Linux; Android 7.0; HUAWEI VNS-L31) AppleWebKit/537.36 (KHTML, like Gecko) Chrome/83.0.4103.96 Mobile Safari/537.36"
195.32.43.159 - - [06/Jun/2020:07:24:34 +0000] "GET /uploads/location/52473842e1ff1_VISTA_TEON_GIORNO_NOTTE_NEBBIA.jpg HTTP/1.0" 200 534 "https://www.shenteon.com/gdr/location/mappa" "Mozilla/5.0 (Linux; Android 7.0; HUAWEI VNS-L31) AppleWebKit/537.36 (KHTML, like Gecko) Chrome/83.0.4103.96 Mobile Safari/537.36"
195.32.43.159 - - [06/Jun/2020:07:24:34 +0000] "GET /uploads/meteo/54b2ae58b8560_TEMPO_NEBBIA_GIORNO_NOTTE.png HTTP/1.0" 200 525 "https://www.shenteon.com/gdr/location/mappa" "Mozilla/5.0 (Linux; Android 7.0; HUAWEI VNS-L31) AppleWebKit/537.36 (KHTML, like Gecko) Chrome/83.0.4103.96 Mobile Safari/537.36"
195.32.43.159 - - [06/Jun/2020:07:24:34 +0000] "GET /uploads/meteo/54b2b10b53c70_LUNA_ROSSA_PIENA.png HTTP/1.0" 200 516 "https://www.shenteon.com/gdr/location/mappa" "Mozilla/5.0 (Linux; Android 7.0; HUAWEI VNS-L31) AppleWebKit/537.36 (KHTML, like Gecko) Chrome/83.0.4103.96 Mobile Safari/537.36"
195.32.43.159 - - [06/Jun/2020:07:24:34 +0000] "GET /js/routing?callback=fos.Router.setData HTTP/1.0" 200 1163 "https://www.shenteon.com/gdr/location/mappa" "Mozilla/5.0 (Linux; Android 7.0; HUAWEI VNS-L31) AppleWebKit/537.36 (KHTML, like Gecko) Chrome/83.0.4103.96 Mobile Safari/537.36"
195.32.43.159 - - [06/Jun/2020:07:24:35 +0000] "GET /gdr/marque/show HTTP/1.0" 200 894 "https://www.shenteon.com/gdr/location/mappa" "Mozilla/5.0 (Linux; Android 7.0; HUAWEI VNS-L31) AppleWebKit/537.36 (KHTML, like Gecko) Chrome/83.0.4103.96 Mobile Safari/537.36"
195.32.43.159 - - [06/Jun/2020:07:24:39 +0000] "GET /gdr/presenti/index HTTP/1.0" 200 4111 "https://www.shenteon.com/gdr/location/mappa" "Mozilla/5.0 (Linux; Android 7.0; HUAWEI VNS-L31) AppleWebKit/537.36 (KHTML, like Gecko) Chrome/83.0.4103.96 Mobile Safari/537.36"
195.32.43.159 - - [06/Jun/2020:07:24:41 +0000] "GET /js/routing?callback=fos.Router.setData HTTP/1.0" 200 1163 "https://www.shenteon.com/gdr/presenti/index" "Mozilla/5.0 (Linux; Android 7.0; HUAWEI VNS-L31) AppleWebKit/537.36 (KHTML, like Gecko) Chrome/83.0.4103.96 Mobile Safari/537.36"
188.11.87.79 - - [06/Jun/2020:07:24:43 +0000] "GET /gdr/missive/ajax HTTP/1.0" 200 707 "https://www.shenteon.com/gdr/bacheca/thread/show/4251" "Mozilla/5.0 (Windows NT 6.1; WOW64) AppleWebKit/537.36 (KHTML, like Gecko) Chrome/81.0.4044.138 Safari/537.36 OPR/68.0.3618.125"
151.73.208.26 - - [06/Jun/2020:07:24:44 +0000] "GET /gdr/missive/ajax HTTP/1.0" 200 707 "https://www.shenteon.com/gdr/location/mappa" "Mozilla/5.0 (Windows NT 10.0; Win64; x64) AppleWebKit/537.36 (KHTML, like Gecko) Chrome/83.0.4103.97 Safari/537.36"
188.11.87.79 - - [06/Jun/2020:07:24:45 +0000] "GET /gdr/missive/ajax HTTP/1.0" 200 707 "https://www.shenteon.com/gdr/avatar" "Mozilla/5.0 (Windows NT 6.1; WOW64) AppleWebKit/537.36 (KHTML, like Gecko) Chrome/81.0.4044.138 Safari/537.36 OPR/68.0.3618.125"
195.32.43.159 - - [06/Jun/2020:07:24:49 +0000] "GET /logout HTTP/1.0" 302 784 "https://www.shenteon.com/gdr/presenti/index" "Mozilla/5.0 (Linux; Android 7.0; HUAWEI VNS-L31) AppleWebKit/537.36 (KHTML, like Gecko) Chrome/83.0.4103.96 Mobile Safari/537.36"
195.32.43.159 - - [06/Jun/2020:07:24:49 +0000] "GET / HTTP/1.0" 200 4405 "https://www.shenteon.com/gdr/presenti/index" "Mozilla/5.0 (Linux; Android 7.0; HUAWEI VNS-L31) AppleWebKit/537.36 (KHTML, like Gecko) Chrome/83.0.4103.96 Mobile Safari/537.36"
195.32.43.159 - - [06/Jun/2020:07:24:49 +0000] "GET /bundles/gdrsite/images/home/teon-giorno-nebbia.jpg?v1.0.65 HTTP/1.0" 200 519 "https://www.shenteon.com/" "Mozilla/5.0 (Linux; Android 7.0; HUAWEI VNS-L31) AppleWebKit/537.36 (KHTML, like Gecko) Chrome/83.0.4103.96 Mobile Safari/537.36"
62.221.168.91 - - [06/Jun/2020:07:24:49 +0000] "GET /gdr/missive/ajax HTTP/1.0" 200 707 "https://www.shenteon.com/gdr/presenti/index" "Mozilla/5.0 (Windows NT 10.0; Win64; x64; rv:77.0) Gecko/20100101 Firefox/77.0"
62.221.168.91 - - [06/Jun/2020:07:24:49 +0000] "GET /gdr/presenti/show-in-and-out HTTP/1.0" 200 763 "https://www.shenteon.com/gdr/presenti/index" "Mozilla/5.0 (Windows NT 10.0; Win64; x64; rv:77.0) Gecko/20100101 Firefox/77.0"
188.11.87.79 - - [06/Jun/2020:07:24:50 +0000] "GET /gdr/presenti/show-in-and-out HTTP/1.0" 200 763 "https://www.shenteon.com/gdr/mercato/lista/mercato/1/livello/0/categoria/10?page=2" "Mozilla/5.0 (Windows NT 6.1; WOW64) AppleWebKit/537.36 (KHTML, like Gecko) Chrome/81.0.4044.138 Safari/537.36 OPR/68.0.3618.125"
188.11.87.79 - - [06/Jun/2020:07:24:50 +0000] "GET /gdr/missive/ajax HTTP/1.0" 200 707 "https://www.shenteon.com/gdr/mercato/lista/mercato/1/livello/0/categoria/10?page=2" "Mozilla/5.0 (Windows NT 6.1; WOW64) AppleWebKit/537.36 (KHTML, like Gecko) Chrome/81.0.4044.138 Safari/537.36 OPR/68.0.3618.125"
188.11.87.79 - - [06/Jun/2020:07:25:03 +0000] "GET /gdr/missive/ajax HTTP/1.0" 200 707 "https://www.shenteon.com/gdr/bacheca/thread/show/4251" "Mozilla/5.0 (Windows NT 6.1; WOW64) AppleWebKit/537.36 (KHTML, like Gecko) Chrome/81.0.4044.138 Safari/537.36 OPR/68.0.3618.125"
151.73.208.26 - - [06/Jun/2020:07:25:04 +0000] "GET /gdr/missive/ajax HTTP/1.0" 200 707 "https://www.shenteon.com/gdr/location/mappa" "Mozilla/5.0 (Windows NT 10.0; Win64; x64) AppleWebKit/537.36 (KHTML, like Gecko) Chrome/83.0.4103.97 Safari/537.36"
188.11.87.79 - - [06/Jun/2020:07:25:05 +0000] "GET /gdr/missive/ajax HTTP/1.0" 200 707 "https://www.shenteon.com/gdr/avatar" "Mozilla/5.0 (Windows NT 6.1; WOW64) AppleWebKit/537.36 (KHTML, like Gecko) Chrome/81.0.4044.138 Safari/537.36 OPR/68.0.3618.125"
62.221.168.91 - - [06/Jun/2020:07:25:09 +0000] "GET /gdr/missive/ajax HTTP/1.0" 200 707 "https://www.shenteon.com/gdr/presenti/index" "Mozilla/5.0 (Windows NT 10.0; Win64; x64; rv:77.0) Gecko/20100101 Firefox/77.0"
188.11.87.79 - - [06/Jun/2020:07:25:10 +0000] "GET /gdr/missive/ajax HTTP/1.0" 200 707 "https://www.shenteon.com/gdr/mercato/lista/mercato/1/livello/0/categoria/10?page=2" "Mozilla/5.0 (Windows NT 6.1; WOW64) AppleWebKit/537.36 (KHTML, like Gecko) Chrome/81.0.4044.138 Safari/537.36 OPR/68.0.3618.125"
188.11.87.79 - - [06/Jun/2020:07:25:23 +0000] "GET /gdr/missive/ajax HTTP/1.0" 200 707 "https://www.shenteon.com/gdr/bacheca/thread/show/4251" "Mozilla/5.0 (Windows NT 6.1; WOW64) AppleWebKit/537.36 (KHTML, like Gecko) Chrome/81.0.4044.138 Safari/537.36 OPR/68.0.3618.125"
151.73.208.26 - - [06/Jun/2020:07:25:24 +0000] "GET /gdr/missive/ajax HTTP/1.0" 200 707 "https://www.shenteon.com/gdr/location/mappa" "Mozilla/5.0 (Windows NT 10.0; Win64; x64) AppleWebKit/537.36 (KHTML, like Gecko) Chrome/83.0.4103.97 Safari/537.36"
188.11.87.79 - - [06/Jun/2020:07:25:25 +0000] "GET /gdr/missive/ajax HTTP/1.0" 200 707 "https://www.shenteon.com/gdr/avatar" "Mozilla/5.0 (Windows NT 6.1; WOW64) AppleWebKit/537.36 (KHTML, like Gecko) Chrome/81.0.4044.138 Safari/537.36 OPR/68.0.3618.125"
62.221.168.91 - - [06/Jun/2020:07:25:29 +0000] "GET /gdr/missive/ajax HTTP/1.0" 200 707 "https://www.shenteon.com/gdr/presenti/index" "Mozilla/5.0 (Windows NT 10.0; Win64; x64; rv:77.0) Gecko/20100101 Firefox/77.0"
188.11.87.79 - - [06/Jun/2020:07:25:30 +0000] "GET /gdr/missive/ajax HTTP/1.0" 200 707 "https://www.shenteon.com/gdr/mercato/lista/mercato/1/livello/0/categoria/10?page=2" "Mozilla/5.0 (Windows NT 6.1; WOW64) AppleWebKit/537.36 (KHTML, like Gecko) Chrome/81.0.4044.138 Safari/537.36 OPR/68.0.3618.125"
188.11.87.79 - - [06/Jun/2020:07:25:43 +0000] "GET /gdr/missive/ajax HTTP/1.0" 200 707 "https://www.shenteon.com/gdr/bacheca/thread/show/4251" "Mozilla/5.0 (Windows NT 6.1; WOW64) AppleWebKit/537.36 (KHTML, like Gecko) Chrome/81.0.4044.138 Safari/537.36 OPR/68.0.3618.125"
151.73.208.26 - - [06/Jun/2020:07:25:44 +0000] "GET /gdr/missive/ajax HTTP/1.0" 200 707 "https://www.shenteon.com/gdr/location/mappa" "Mozilla/5.0 (Windows NT 10.0; Win64; x64) AppleWebKit/537.36 (KHTML, like Gecko) Chrome/83.0.4103.97 Safari/537.36"
188.11.87.79 - - [06/Jun/2020:07:25:45 +0000] "GET /gdr/missive/ajax HTTP/1.0" 200 707 "https://www.shenteon.com/gdr/avatar" "Mozilla/5.0 (Windows NT 6.1; WOW64) AppleWebKit/537.36 (KHTML, like Gecko) Chrome/81.0.4044.138 Safari/537.36 OPR/68.0.3618.125"
62.221.168.91 - - [06/Jun/2020:07:25:49 +0000] "GET /gdr/missive/ajax HTTP/1.0" 200 707 "https://www.shenteon.com/gdr/presenti/index" "Mozilla/5.0 (Windows NT 10.0; Win64; x64; rv:77.0) Gecko/20100101 Firefox/77.0"
188.11.87.79 - - [06/Jun/2020:07:25:50 +0000] "GET /gdr/missive/ajax HTTP/1.0" 200 707 "https://www.shenteon.com/gdr/mercato/lista/mercato/1/livello/0/categoria/10?page=2" "Mozilla/5.0 (Windows NT 6.1; WOW64) AppleWebKit/537.36 (KHTML, like Gecko) Chrome/81.0.4044.138 Safari/537.36 OPR/68.0.3618.125"
188.11.87.79 - - [06/Jun/2020:07:26:03 +0000] "GET /gdr/missive/ajax HTTP/1.0" 200 707 "https://www.shenteon.com/gdr/bacheca/thread/show/4251" "Mozilla/5.0 (Windows NT 6.1; WOW64) AppleWebKit/537.36 (KHTML, like Gecko) Chrome/81.0.4044.138 Safari/537.36 OPR/68.0.3618.125"
188.11.87.79 - - [06/Jun/2020:07:26:03 +0000] "GET /gdr/meteo/show HTTP/1.0" 200 799 "https://www.shenteon.com/gdr/bacheca/thread/show/4251" "Mozilla/5.0 (Windows NT 6.1; WOW64) AppleWebKit/537.36 (KHTML, like Gecko) Chrome/81.0.4044.138 Safari/537.36 OPR/68.0.3618.125"
188.11.87.79 - - [06/Jun/2020:07:26:03 +0000] "GET /gdr/meteo/date HTTP/1.0" 200 603 "https://www.shenteon.com/gdr/bacheca/thread/show/4251" "Mozilla/5.0 (Windows NT 6.1; WOW64) AppleWebKit/537.36 (KHTML, like Gecko) Chrome/81.0.4044.138 Safari/537.36 OPR/68.0.3618.125"
188.11.87.79 - - [06/Jun/2020:07:26:03 +0000] "GET /gdr/marque/show HTTP/1.0" 200 894 "https://www.shenteon.com/gdr/bacheca/thread/show/4251" "Mozilla/5.0 (Windows NT 6.1; WOW64) AppleWebKit/537.36 (KHTML, like Gecko) Chrome/81.0.4044.138 Safari/537.36 OPR/68.0.3618.125"
151.73.208.26 - - [06/Jun/2020:07:26:04 +0000] "GET /gdr/missive/ajax HTTP/1.0" 200 707 "https://www.shenteon.com/gdr/location/mappa" "Mozilla/5.0 (Windows NT 10.0; Win64; x64) AppleWebKit/537.36 (KHTML, like Gecko) Chrome/83.0.4103.97 Safari/537.36"
188.11.87.79 - - [06/Jun/2020:07:26:03 +0000] "GET /gdr/presenti/show-in-and-out HTTP/1.0" 200 763 "https://www.shenteon.com/gdr/bacheca/thread/show/4251" "Mozilla/5.0 (Windows NT 6.1; WOW64) AppleWebKit/537.36 (KHTML, like Gecko) Chrome/81.0.4044.138 Safari/537.36 OPR/68.0.3618.125"
188.11.87.79 - - [06/Jun/2020:07:26:05 +0000] "GET /gdr/missive/ajax HTTP/1.0" 200 707 "https://www.shenteon.com/gdr/avatar" "Mozilla/5.0 (Windows NT 6.1; WOW64) AppleWebKit/537.36 (KHTML, like Gecko) Chrome/81.0.4044.138 Safari/537.36 OPR/68.0.3618.125"
188.11.87.79 - - [06/Jun/2020:07:26:06 +0000] "GET /gdr/presenti/show-in-and-out HTTP/1.0" 200 763 "https://www.shenteon.com/gdr/avatar" "Mozilla/5.0 (Windows NT 6.1; WOW64) AppleWebKit/537.36 (KHTML, like Gecko) Chrome/81.0.4044.138 Safari/537.36 OPR/68.0.3618.125"
62.221.168.91 - - [06/Jun/2020:07:26:09 +0000] "GET /gdr/missive/ajax HTTP/1.0" 200 707 "https://www.shenteon.com/gdr/presenti/index" "Mozilla/5.0 (Windows NT 10.0; Win64; x64; rv:77.0) Gecko/20100101 Firefox/77.0"
188.11.87.79 - - [06/Jun/2020:07:26:10 +0000] "GET /gdr/missive/ajax HTTP/1.0" 200 707 "https://www.shenteon.com/gdr/mercato/lista/mercato/1/livello/0/categoria/10?page=2" "Mozilla/5.0 (Windows NT 6.1; WOW64) AppleWebKit/537.36 (KHTML, like Gecko) Chrome/81.0.4044.138 Safari/537.36 OPR/68.0.3618.125"
188.11.87.79 - - [06/Jun/2020:07:26:23 +0000] "GET /gdr/missive/ajax HTTP/1.0" 200 707 "https://www.shenteon.com/gdr/bacheca/thread/show/4251" "Mozilla/5.0 (Windows NT 6.1; WOW64) AppleWebKit/537.36 (KHTML, like Gecko) Chrome/81.0.4044.138 Safari/537.36 OPR/68.0.3618.125"
151.73.208.26 - - [06/Jun/2020:07:26:24 +0000] "GET /gdr/missive/ajax HTTP/1.0" 200 707 "https://www.shenteon.com/gdr/location/mappa" "Mozilla/5.0 (Windows NT 10.0; Win64; x64) AppleWebKit/537.36 (KHTML, like Gecko) Chrome/83.0.4103.97 Safari/537.36"
151.73.208.26 - - [06/Jun/2020:07:26:24 +0000] "GET /gdr/presenti/show-in-and-out HTTP/1.0" 200 763 "https://www.shenteon.com/gdr/location/mappa" "Mozilla/5.0 (Windows NT 10.0; Win64; x64) AppleWebKit/537.36 (KHTML, like Gecko) Chrome/83.0.4103.97 Safari/537.36"
188.11.87.79 - - [06/Jun/2020:07:26:25 +0000] "GET /gdr/missive/ajax HTTP/1.0" 200 707 "https://www.shenteon.com/gdr/avatar" "Mozilla/5.0 (Windows NT 6.1; WOW64) AppleWebKit/537.36 (KHTML, like Gecko) Chrome/81.0.4044.138 Safari/537.36 OPR/68.0.3618.125"
62.221.168.91 - - [06/Jun/2020:07:26:29 +0000] "GET /gdr/missive/ajax HTTP/1.0" 200 707 "https://www.shenteon.com/gdr/presenti/index" "Mozilla/5.0 (Windows NT 10.0; Win64; x64; rv:77.0) Gecko/20100101 Firefox/77.0"
188.11.87.79 - - [06/Jun/2020:07:26:30 +0000] "GET /gdr/missive/ajax HTTP/1.0" 200 707 "https://www.shenteon.com/gdr/mercato/lista/mercato/1/livello/0/categoria/10?page=2" "Mozilla/5.0 (Windows NT 6.1; WOW64) AppleWebKit/537.36 (KHTML, like Gecko) Chrome/81.0.4044.138 Safari/537.36 OPR/68.0.3618.125"
188.11.87.79 - - [06/Jun/2020:07:26:43 +0000] "GET /gdr/missive/ajax HTTP/1.0" 200 3805 "https://www.shenteon.com/gdr/bacheca/thread/show/4251" "Mozilla/5.0 (Windows NT 6.1; WOW64) AppleWebKit/537.36 (KHTML, like Gecko) Chrome/81.0.4044.138 Safari/537.36 OPR/68.0.3618.125"
151.73.208.26 - - [06/Jun/2020:07:26:44 +0000] "GET /gdr/missive/ajax HTTP/1.0" 200 707 "https://www.shenteon.com/gdr/location/mappa" "Mozilla/5.0 (Windows NT 10.0; Win64; x64) AppleWebKit/537.36 (KHTML, like Gecko) Chrome/83.0.4103.97 Safari/537.36"
188.11.87.79 - - [06/Jun/2020:07:26:45 +0000] "GET /gdr/missive/ajax HTTP/1.0" 200 707 "https://www.shenteon.com/gdr/avatar" "Mozilla/5.0 (Windows NT 6.1; WOW64) AppleWebKit/537.36 (KHTML, like Gecko) Chrome/81.0.4044.138 Safari/537.36 OPR/68.0.3618.125"
62.221.168.91 - - [06/Jun/2020:07:26:49 +0000] "GET /gdr/presenti/show-in-and-out HTTP/1.0" 200 763 "https://www.shenteon.com/gdr/presenti/index" "Mozilla/5.0 (Windows NT 10.0; Win64; x64; rv:77.0) Gecko/20100101 Firefox/77.0"
62.221.168.91 - - [06/Jun/2020:07:26:49 +0000] "GET /gdr/missive/ajax HTTP/1.0" 200 707 "https://www.shenteon.com/gdr/presenti/index" "Mozilla/5.0 (Windows NT 10.0; Win64; x64; rv:77.0) Gecko/20100101 Firefox/77.0"
188.11.87.79 - - [06/Jun/2020:07:26:50 +0000] "GET /gdr/missive/ajax HTTP/1.0" 200 707 "https://www.shenteon.com/gdr/mercato/lista/mercato/1/livello/0/categoria/10?page=2" "Mozilla/5.0 (Windows NT 6.1; WOW64) AppleWebKit/537.36 (KHTML, like Gecko) Chrome/81.0.4044.138 Safari/537.36 OPR/68.0.3618.125"
188.11.87.79 - - [06/Jun/2020:07:26:50 +0000] "GET /gdr/meteo/show HTTP/1.0" 200 799 "https://www.shenteon.com/gdr/mercato/lista/mercato/1/livello/0/categoria/10?page=2" "Mozilla/5.0 (Windows NT 6.1; WOW64) AppleWebKit/537.36 (KHTML, like Gecko) Chrome/81.0.4044.138 Safari/537.36 OPR/68.0.3618.125"
188.11.87.79 - - [06/Jun/2020:07:26:50 +0000] "GET /gdr/meteo/date HTTP/1.0" 200 603 "https://www.shenteon.com/gdr/mercato/lista/mercato/1/livello/0/categoria/10?page=2" "Mozilla/5.0 (Windows NT 6.1; WOW64) AppleWebKit/537.36 (KHTML, like Gecko) Chrome/81.0.4044.138 Safari/537.36 OPR/68.0.3618.125"
188.11.87.79 - - [06/Jun/2020:07:26:50 +0000] "GET /gdr/presenti/show-in-and-out HTTP/1.0" 200 763 "https://www.shenteon.com/gdr/mercato/lista/mercato/1/livello/0/categoria/10?page=2" "Mozilla/5.0 (Windows NT 6.1; WOW64) AppleWebKit/537.36 (KHTML, like Gecko) Chrome/81.0.4044.138 Safari/537.36 OPR/68.0.3618.125"
188.11.87.79 - - [06/Jun/2020:07:27:03 +0000] "GET /gdr/missive/ajax HTTP/1.0" 200 707 "https://www.shenteon.com/gdr/bacheca/thread/show/4251" "Mozilla/5.0 (Windows NT 6.1; WOW64) AppleWebKit/537.36 (KHTML, like Gecko) Chrome/81.0.4044.138 Safari/537.36 OPR/68.0.3618.125"
151.73.208.26 - - [06/Jun/2020:07:27:04 +0000] "GET /gdr/missive/ajax HTTP/1.0" 200 707 "https://www.shenteon.com/gdr/location/mappa" "Mozilla/5.0 (Windows NT 10.0; Win64; x64) AppleWebKit/537.36 (KHTML, like Gecko) Chrome/83.0.4103.97 Safari/537.36"
188.11.87.79 - - [06/Jun/2020:07:27:05 +0000] "GET /gdr/meteo/show HTTP/1.0" 200 799 "https://www.shenteon.com/gdr/avatar" "Mozilla/5.0 (Windows NT 6.1; WOW64) AppleWebKit/537.36 (KHTML, like Gecko) Chrome/81.0.4044.138 Safari/537.36 OPR/68.0.3618.125"
188.11.87.79 - - [06/Jun/2020:07:27:05 +0000] "GET /gdr/missive/ajax HTTP/1.0" 200 707 "https://www.shenteon.com/gdr/avatar" "Mozilla/5.0 (Windows NT 6.1; WOW64) AppleWebKit/537.36 (KHTML, like Gecko) Chrome/81.0.4044.138 Safari/537.36 OPR/68.0.3618.125"
188.11.87.79 - - [06/Jun/2020:07:27:05 +0000] "GET /gdr/meteo/date HTTP/1.0" 200 603 "https://www.shenteon.com/gdr/avatar" "Mozilla/5.0 (Windows NT 6.1; WOW64) AppleWebKit/537.36 (KHTML, like Gecko) Chrome/81.0.4044.138 Safari/537.36 OPR/68.0.3618.125"
62.221.168.91 - - [06/Jun/2020:07:27:09 +0000] "GET /gdr/missive/ajax HTTP/1.0" 200 707 "https://www.shenteon.com/gdr/presenti/index" "Mozilla/5.0 (Windows NT 10.0; Win64; x64; rv:77.0) Gecko/20100101 Firefox/77.0"
188.11.87.79 - - [06/Jun/2020:07:27:10 +0000] "GET /gdr/missive/ajax HTTP/1.0" 200 707 "https://www.shenteon.com/gdr/mercato/lista/mercato/1/livello/0/categoria/10?page=2" "Mozilla/5.0 (Windows NT 6.1; WOW64) AppleWebKit/537.36 (KHTML, like Gecko) Chrome/81.0.4044.138 Safari/537.36 OPR/68.0.3618.125"
188.11.87.79 - - [06/Jun/2020:07:27:23 +0000] "GET /gdr/missive/ajax HTTP/1.0" 200 707 "https://www.shenteon.com/gdr/bacheca/thread/show/4251" "Mozilla/5.0 (Windows NT 6.1; WOW64) AppleWebKit/537.36 (KHTML, like Gecko) Chrome/81.0.4044.138 Safari/537.36 OPR/68.0.3618.125"
151.73.208.26 - - [06/Jun/2020:07:27:24 +0000] "GET /gdr/missive/ajax HTTP/1.0" 200 707 "https://www.shenteon.com/gdr/location/mappa" "Mozilla/5.0 (Windows NT 10.0; Win64; x64) AppleWebKit/537.36 (KHTML, like Gecko) Chrome/83.0.4103.97 Safari/537.36"
188.11.87.79 - - [06/Jun/2020:07:27:25 +0000] "GET /gdr/missive/ajax HTTP/1.0" 200 707 "https://www.shenteon.com/gdr/avatar" "Mozilla/5.0 (Windows NT 6.1; WOW64) AppleWebKit/537.36 (KHTML, like Gecko) Chrome/81.0.4044.138 Safari/537.36 OPR/68.0.3618.125"
62.221.168.91 - - [06/Jun/2020:07:27:29 +0000] "GET /gdr/missive/ajax HTTP/1.0" 200 707 "https://www.shenteon.com/gdr/presenti/index" "Mozilla/5.0 (Windows NT 10.0; Win64; x64; rv:77.0) Gecko/20100101 Firefox/77.0"
188.11.87.79 - - [06/Jun/2020:07:27:30 +0000] "GET /gdr/missive/ajax HTTP/1.0" 200 707 "https://www.shenteon.com/gdr/mercato/lista/mercato/1/livello/0/categoria/10?page=2" "Mozilla/5.0 (Windows NT 6.1; WOW64) AppleWebKit/537.36 (KHTML, like Gecko) Chrome/81.0.4044.138 Safari/537.36 OPR/68.0.3618.125"
188.11.87.79 - - [06/Jun/2020:07:27:43 +0000] "GET /gdr/missive/ajax HTTP/1.0" 200 707 "https://www.shenteon.com/gdr/bacheca/thread/show/4251" "Mozilla/5.0 (Windows NT 6.1; WOW64) AppleWebKit/537.36 (KHTML, like Gecko) Chrome/81.0.4044.138 Safari/537.36 OPR/68.0.3618.125"
151.73.208.26 - - [06/Jun/2020:07:27:44 +0000] "GET /gdr/missive/ajax HTTP/1.0" 200 707 "https://www.shenteon.com/gdr/location/mappa" "Mozilla/5.0 (Windows NT 10.0; Win64; x64) AppleWebKit/537.36 (KHTML, like Gecko) Chrome/83.0.4103.97 Safari/537.36"
188.11.87.79 - - [06/Jun/2020:07:27:45 +0000] "GET /gdr/missive/ajax HTTP/1.0" 200 707 "https://www.shenteon.com/gdr/avatar" "Mozilla/5.0 (Windows NT 6.1; WOW64) AppleWebKit/537.36 (KHTML, like Gecko) Chrome/81.0.4044.138 Safari/537.36 OPR/68.0.3618.125"
62.221.168.91 - - [06/Jun/2020:07:27:49 +0000] "GET /gdr/meteo/show HTTP/1.0" 200 799 "https://www.shenteon.com/gdr/presenti/index" "Mozilla/5.0 (Windows NT 10.0; Win64; x64; rv:77.0) Gecko/20100101 Firefox/77.0"
62.221.168.91 - - [06/Jun/2020:07:27:49 +0000] "GET /gdr/meteo/date HTTP/1.0" 200 603 "https://www.shenteon.com/gdr/presenti/index" "Mozilla/5.0 (Windows NT 10.0; Win64; x64; rv:77.0) Gecko/20100101 Firefox/77.0"
62.221.168.91 - - [06/Jun/2020:07:27:49 +0000] "GET /gdr/missive/ajax HTTP/1.0" 200 707 "https://www.shenteon.com/gdr/presenti/index" "Mozilla/5.0 (Windows NT 10.0; Win64; x64; rv:77.0) Gecko/20100101 Firefox/77.0"
188.11.87.79 - - [06/Jun/2020:07:27:50 +0000] "GET /gdr/missive/ajax HTTP/1.0" 200 707 "https://www.shenteon.com/gdr/mercato/lista/mercato/1/livello/0/categoria/10?page=2" "Mozilla/5.0 (Windows NT 6.1; WOW64) AppleWebKit/537.36 (KHTML, like Gecko) Chrome/81.0.4044.138 Safari/537.36 OPR/68.0.3618.125"
62.221.168.91 - - [06/Jun/2020:07:27:49 +0000] "GET /gdr/marque/show HTTP/1.0" 200 894 "https://www.shenteon.com/gdr/presenti/index" "Mozilla/5.0 (Windows NT 10.0; Win64; x64; rv:77.0) Gecko/20100101 Firefox/77.0"
62.221.168.91 - - [06/Jun/2020:07:27:55 +0000] "GET /gdr/presenti/index HTTP/1.0" 200 4021 "https://www.shenteon.com/gdr/presenti/index" "Mozilla/5.0 (Windows NT 10.0; Win64; x64; rv:77.0) Gecko/20100101 Firefox/77.0"
62.221.168.91 - - [06/Jun/2020:07:27:56 +0000] "GET /js/routing?callback=fos.Router.setData HTTP/1.0" 200 1163 "https://www.shenteon.com/gdr/presenti/index" "Mozilla/5.0 (Windows NT 10.0; Win64; x64; rv:77.0) Gecko/20100101 Firefox/77.0"
188.11.87.79 - - [06/Jun/2020:07:28:03 +0000] "GET /gdr/missive/ajax HTTP/1.0" 200 707 "https://www.shenteon.com/gdr/bacheca/thread/show/4251" "Mozilla/5.0 (Windows NT 6.1; WOW64) AppleWebKit/537.36 (KHTML, like Gecko) Chrome/81.0.4044.138 Safari/537.36 OPR/68.0.3618.125"
188.11.87.79 - - [06/Jun/2020:07:28:03 +0000] "GET /gdr/presenti/show-in-and-out HTTP/1.0" 200 763 "https://www.shenteon.com/gdr/bacheca/thread/show/4251" "Mozilla/5.0 (Windows NT 6.1; WOW64) AppleWebKit/537.36 (KHTML, like Gecko) Chrome/81.0.4044.138 Safari/537.36 OPR/68.0.3618.125"
62.221.168.91 - - [06/Jun/2020:07:28:04 +0000] "GET /gdr/presenti/index HTTP/1.0" 200 4021 "https://www.shenteon.com/gdr/presenti/index" "Mozilla/5.0 (Windows NT 10.0; Win64; x64; rv:77.0) Gecko/20100101 Firefox/77.0"
151.73.208.26 - - [06/Jun/2020:07:28:04 +0000] "GET /gdr/missive/ajax HTTP/1.0" 200 707 "https://www.shenteon.com/gdr/location/mappa" "Mozilla/5.0 (Windows NT 10.0; Win64; x64) AppleWebKit/537.36 (KHTML, like Gecko) Chrome/83.0.4103.97 Safari/537.36"
62.221.168.91 - - [06/Jun/2020:07:28:04 +0000] "GET /js/routing?callback=fos.Router.setData HTTP/1.0" 200 1163 "https://www.shenteon.com/gdr/presenti/index" "Mozilla/5.0 (Windows NT 10.0; Win64; x64; rv:77.0) Gecko/20100101 Firefox/77.0"
188.11.87.79 - - [06/Jun/2020:07:28:05 +0000] "GET /gdr/presenti/show-in-and-out HTTP/1.0" 200 763 "https://www.shenteon.com/gdr/avatar" "Mozilla/5.0 (Windows NT 6.1; WOW64) AppleWebKit/537.36 (KHTML, like Gecko) Chrome/81.0.4044.138 Safari/537.36 OPR/68.0.3618.125"
188.11.87.79 - - [06/Jun/2020:07:28:05 +0000] "GET /gdr/missive/ajax HTTP/1.0" 200 707 "https://www.shenteon.com/gdr/avatar" "Mozilla/5.0 (Windows NT 6.1; WOW64) AppleWebKit/537.36 (KHTML, like Gecko) Chrome/81.0.4044.138 Safari/537.36 OPR/68.0.3618.125"
188.11.87.79 - - [06/Jun/2020:07:28:10 +0000] "GET /gdr/missive/ajax HTTP/1.0" 200 707 "https://www.shenteon.com/gdr/mercato/lista/mercato/1/livello/0/categoria/10?page=2" "Mozilla/5.0 (Windows NT 6.1; WOW64) AppleWebKit/537.36 (KHTML, like Gecko) Chrome/81.0.4044.138 Safari/537.36 OPR/68.0.3618.125"
62.221.168.91 - - [06/Jun/2020:07:28:23 +0000] "GET /gdr/editti/visualizza HTTP/1.0" 200 6578 "https://www.shenteon.com/gdr/presenti/index" "Mozilla/5.0 (Windows NT 10.0; Win64; x64; rv:77.0) Gecko/20100101 Firefox/77.0"
188.11.87.79 - - [06/Jun/2020:07:28:23 +0000] "GET /gdr/missive/ajax HTTP/1.0" 200 707 "https://www.shenteon.com/gdr/bacheca/thread/show/4251" "Mozilla/5.0 (Windows NT 6.1; WOW64) AppleWebKit/537.36 (KHTML, like Gecko) Chrome/81.0.4044.138 Safari/537.36 OPR/68.0.3618.125"
62.221.168.91 - - [06/Jun/2020:07:28:24 +0000] "GET /js/routing?callback=fos.Router.setData HTTP/1.0" 200 1163 "https://www.shenteon.com/gdr/editti/visualizza" "Mozilla/5.0 (Windows NT 10.0; Win64; x64; rv:77.0) Gecko/20100101 Firefox/77.0"
151.73.208.26 - - [06/Jun/2020:07:28:24 +0000] "GET /gdr/missive/ajax HTTP/1.0" 200 707 "https://www.shenteon.com/gdr/location/mappa" "Mozilla/5.0 (Windows NT 10.0; Win64; x64) AppleWebKit/537.36 (KHTML, like Gecko) Chrome/83.0.4103.97 Safari/537.36"
151.73.208.26 - - [06/Jun/2020:07:28:24 +0000] "GET /gdr/presenti/show-in-and-out HTTP/1.0" 200 763 "https://www.shenteon.com/gdr/location/mappa" "Mozilla/5.0 (Windows NT 10.0; Win64; x64) AppleWebKit/537.36 (KHTML, like Gecko) Chrome/83.0.4103.97 Safari/537.36"
151.73.208.26 - - [06/Jun/2020:07:28:24 +0000] "GET /gdr/meteo/show HTTP/1.0" 200 799 "https://www.shenteon.com/gdr/location/mappa" "Mozilla/5.0 (Windows NT 10.0; Win64; x64) AppleWebKit/537.36 (KHTML, like Gecko) Chrome/83.0.4103.97 Safari/537.36"
151.73.208.26 - - [06/Jun/2020:07:28:24 +0000] "GET /gdr/marque/show HTTP/1.0" 200 894 "https://www.shenteon.com/gdr/location/mappa" "Mozilla/5.0 (Windows NT 10.0; Win64; x64) AppleWebKit/537.36 (KHTML, like Gecko) Chrome/83.0.4103.97 Safari/537.36"
188.11.87.79 - - [06/Jun/2020:07:28:25 +0000] "GET /gdr/missive/ajax HTTP/1.0" 200 707 "https://www.shenteon.com/gdr/avatar" "Mozilla/5.0 (Windows NT 6.1; WOW64) AppleWebKit/537.36 (KHTML, like Gecko) Chrome/81.0.4044.138 Safari/537.36 OPR/68.0.3618.125"
151.73.208.26 - - [06/Jun/2020:07:28:24 +0000] "GET /gdr/meteo/date HTTP/1.0" 200 603 "https://www.shenteon.com/gdr/location/mappa" "Mozilla/5.0 (Windows NT 10.0; Win64; x64) AppleWebKit/537.36 (KHTML, like Gecko) Chrome/83.0.4103.97 Safari/537.36"
188.11.87.79 - - [06/Jun/2020:07:28:30 +0000] "GET /gdr/missive/ajax HTTP/1.0" 200 707 "https://www.shenteon.com/gdr/mercato/lista/mercato/1/livello/0/categoria/10?page=2" "Mozilla/5.0 (Windows NT 6.1; WOW64) AppleWebKit/537.36 (KHTML, like Gecko) Chrome/81.0.4044.138 Safari/537.36 OPR/68.0.3618.125"
188.11.87.79 - - [06/Jun/2020:07:28:43 +0000] "GET /gdr/missive/ajax HTTP/1.0" 200 707 "https://www.shenteon.com/gdr/bacheca/thread/show/4251" "Mozilla/5.0 (Windows NT 6.1; WOW64) AppleWebKit/537.36 (KHTML, like Gecko) Chrome/81.0.4044.138 Safari/537.36 OPR/68.0.3618.125"
62.221.168.91 - - [06/Jun/2020:07:28:44 +0000] "GET /gdr/missive/ajax HTTP/1.0" 200 707 "https://www.shenteon.com/gdr/editti/visualizza" "Mozilla/5.0 (Windows NT 10.0; Win64; x64; rv:77.0) Gecko/20100101 Firefox/77.0"
151.73.208.26 - - [06/Jun/2020:07:28:44 +0000] "GET /gdr/missive/ajax HTTP/1.0" 200 707 "https://www.shenteon.com/gdr/location/mappa" "Mozilla/5.0 (Windows NT 10.0; Win64; x64) AppleWebKit/537.36 (KHTML, like Gecko) Chrome/83.0.4103.97 Safari/537.36"
188.11.87.79 - - [06/Jun/2020:07:28:45 +0000] "GET /gdr/missive/ajax HTTP/1.0" 200 707 "https://www.shenteon.com/gdr/avatar" "Mozilla/5.0 (Windows NT 6.1; WOW64) AppleWebKit/537.36 (KHTML, like Gecko) Chrome/81.0.4044.138 Safari/537.36 OPR/68.0.3618.125"
188.11.87.79 - - [06/Jun/2020:07:28:50 +0000] "GET /gdr/missive/ajax HTTP/1.0" 200 707 "https://www.shenteon.com/gdr/mercato/lista/mercato/1/livello/0/categoria/10?page=2" "Mozilla/5.0 (Windows NT 6.1; WOW64) AppleWebKit/537.36 (KHTML, like Gecko) Chrome/81.0.4044.138 Safari/537.36 OPR/68.0.3618.125"
188.11.87.79 - - [06/Jun/2020:07:28:50 +0000] "GET /gdr/presenti/show-in-and-out HTTP/1.0" 200 763 "https://www.shenteon.com/gdr/mercato/lista/mercato/1/livello/0/categoria/10?page=2" "Mozilla/5.0 (Windows NT 6.1; WOW64) AppleWebKit/537.36 (KHTML, like Gecko) Chrome/81.0.4044.138 Safari/537.36 OPR/68.0.3618.125"
188.11.87.79 - - [06/Jun/2020:07:29:03 +0000] "GET /gdr/missive/ajax HTTP/1.0" 200 707 "https://www.shenteon.com/gdr/bacheca/thread/show/4251" "Mozilla/5.0 (Windows NT 6.1; WOW64) AppleWebKit/537.36 (KHTML, like Gecko) Chrome/81.0.4044.138 Safari/537.36 OPR/68.0.3618.125"
62.221.168.91 - - [06/Jun/2020:07:29:04 +0000] "GET /gdr/missive/ajax HTTP/1.0" 200 707 "https://www.shenteon.com/gdr/editti/visualizza" "Mozilla/5.0 (Windows NT 10.0; Win64; x64; rv:77.0) Gecko/20100101 Firefox/77.0"
188.11.87.79 - - [06/Jun/2020:07:29:05 +0000] "GET /gdr/missive/ajax HTTP/1.0" 200 707 "https://www.shenteon.com/gdr/avatar" "Mozilla/5.0 (Windows NT 6.1; WOW64) AppleWebKit/537.36 (KHTML, like Gecko) Chrome/81.0.4044.138 Safari/537.36 OPR/68.0.3618.125"
151.73.208.26 - - [06/Jun/2020:07:29:04 +0000] "GET /gdr/missive/ajax HTTP/1.0" 200 707 "https://www.shenteon.com/gdr/location/mappa" "Mozilla/5.0 (Windows NT 10.0; Win64; x64) AppleWebKit/537.36 (KHTML, like Gecko) Chrome/83.0.4103.97 Safari/537.36"
188.11.87.79 - - [06/Jun/2020:07:29:10 +0000] "GET /gdr/missive/ajax HTTP/1.0" 200 707 "https://www.shenteon.com/gdr/mercato/lista/mercato/1/livello/0/categoria/10?page=2" "Mozilla/5.0 (Windows NT 6.1; WOW64) AppleWebKit/537.36 (KHTML, like Gecko) Chrome/81.0.4044.138 Safari/537.36 OPR/68.0.3618.125"
188.11.87.79 - - [06/Jun/2020:07:29:23 +0000] "GET /gdr/missive/ajax HTTP/1.0" 200 707 "https://www.shenteon.com/gdr/bacheca/thread/show/4251" "Mozilla/5.0 (Windows NT 6.1; WOW64) AppleWebKit/537.36 (KHTML, like Gecko) Chrome/81.0.4044.138 Safari/537.36 OPR/68.0.3618.125"
62.221.168.91 - - [06/Jun/2020:07:29:24 +0000] "GET /gdr/missive/ajax HTTP/1.0" 200 707 "https://www.shenteon.com/gdr/editti/visualizza" "Mozilla/5.0 (Windows NT 10.0; Win64; x64; rv:77.0) Gecko/20100101 Firefox/77.0"
151.73.208.26 - - [06/Jun/2020:07:29:24 +0000] "GET /gdr/missive/ajax HTTP/1.0" 200 707 "https://www.shenteon.com/gdr/location/mappa" "Mozilla/5.0 (Windows NT 10.0; Win64; x64) AppleWebKit/537.36 (KHTML, like Gecko) Chrome/83.0.4103.97 Safari/537.36"
188.11.87.79 - - [06/Jun/2020:07:29:25 +0000] "GET /gdr/missive/ajax HTTP/1.0" 200 707 "https://www.shenteon.com/gdr/avatar" "Mozilla/5.0 (Windows NT 6.1; WOW64) AppleWebKit/537.36 (KHTML, like Gecko) Chrome/81.0.4044.138 Safari/537.36 OPR/68.0.3618.125"
188.11.87.79 - - [06/Jun/2020:07:29:31 +0000] "GET /gdr/missive/ajax HTTP/1.0" 200 707 "https://www.shenteon.com/gdr/mercato/lista/mercato/1/livello/0/categoria/10?page=2" "Mozilla/5.0 (Windows NT 6.1; WOW64) AppleWebKit/537.36 (KHTML, like Gecko) Chrome/81.0.4044.138 Safari/537.36 OPR/68.0.3618.125"
188.11.87.79 - - [06/Jun/2020:07:29:43 +0000] "GET /gdr/missive/ajax HTTP/1.0" 200 707 "https://www.shenteon.com/gdr/bacheca/thread/show/4251" "Mozilla/5.0 (Windows NT 6.1; WOW64) AppleWebKit/537.36 (KHTML, like Gecko) Chrome/81.0.4044.138 Safari/537.36 OPR/68.0.3618.125"
62.221.168.91 - - [06/Jun/2020:07:29:44 +0000] "GET /gdr/missive/ajax HTTP/1.0" 200 707 "https://www.shenteon.com/gdr/editti/visualizza" "Mozilla/5.0 (Windows NT 10.0; Win64; x64; rv:77.0) Gecko/20100101 Firefox/77.0"
188.11.87.79 - - [06/Jun/2020:07:29:45 +0000] "GET /gdr/missive/ajax HTTP/1.0" 200 707 "https://www.shenteon.com/gdr/avatar" "Mozilla/5.0 (Windows NT 6.1; WOW64) AppleWebKit/537.36 (KHTML, like Gecko) Chrome/81.0.4044.138 Safari/537.36 OPR/68.0.3618.125"
151.73.208.26 - - [06/Jun/2020:07:29:44 +0000] "GET /gdr/missive/ajax HTTP/1.0" 200 707 "https://www.shenteon.com/gdr/location/mappa" "Mozilla/5.0 (Windows NT 10.0; Win64; x64) AppleWebKit/537.36 (KHTML, like Gecko) Chrome/83.0.4103.97 Safari/537.36"
188.11.87.79 - - [06/Jun/2020:07:29:50 +0000] "GET /gdr/missive/ajax HTTP/1.0" 200 707 "https://www.shenteon.com/gdr/mercato/lista/mercato/1/livello/0/categoria/10?page=2" "Mozilla/5.0 (Windows NT 6.1; WOW64) AppleWebKit/537.36 (KHTML, like Gecko) Chrome/81.0.4044.138 Safari/537.36 OPR/68.0.3618.125"
46.165.252.196 - - [06/Jun/2020:07:30:01 +0000] "GET /cron/meteo/check HTTP/1.0" 200 565 "-" "Wget/1.14 (linux-gnu)"
188.11.87.79 - - [06/Jun/2020:07:30:03 +0000] "GET /gdr/missive/ajax HTTP/1.0" 200 707 "https://www.shenteon.com/gdr/bacheca/thread/show/4251" "Mozilla/5.0 (Windows NT 6.1; WOW64) AppleWebKit/537.36 (KHTML, like Gecko) Chrome/81.0.4044.138 Safari/537.36 OPR/68.0.3618.125"
188.11.87.79 - - [06/Jun/2020:07:30:03 +0000] "GET /gdr/presenti/show-in-and-out HTTP/1.0" 200 660 "https://www.shenteon.com/gdr/bacheca/thread/show/4251" "Mozilla/5.0 (Windows NT 6.1; WOW64) AppleWebKit/537.36 (KHTML, like Gecko) Chrome/81.0.4044.138 Safari/537.36 OPR/68.0.3618.125"
62.221.168.91 - - [06/Jun/2020:07:30:04 +0000] "GET /gdr/missive/ajax HTTP/1.0" 200 707 "https://www.shenteon.com/gdr/editti/visualizza" "Mozilla/5.0 (Windows NT 10.0; Win64; x64; rv:77.0) Gecko/20100101 Firefox/77.0"
151.73.208.26 - - [06/Jun/2020:07:30:04 +0000] "GET /gdr/missive/ajax HTTP/1.0" 200 707 "https://www.shenteon.com/gdr/location/mappa" "Mozilla/5.0 (Windows NT 10.0; Win64; x64) AppleWebKit/537.36 (KHTML, like Gecko) Chrome/83.0.4103.97 Safari/537.36"
188.11.87.79 - - [06/Jun/2020:07:30:05 +0000] "GET /gdr/missive/ajax HTTP/1.0" 200 707 "https://www.shenteon.com/gdr/avatar" "Mozilla/5.0 (Windows NT 6.1; WOW64) AppleWebKit/537.36 (KHTML, like Gecko) Chrome/81.0.4044.138 Safari/537.36 OPR/68.0.3618.125"
188.11.87.79 - - [06/Jun/2020:07:30:05 +0000] "GET /gdr/presenti/show-in-and-out HTTP/1.0" 200 660 "https://www.shenteon.com/gdr/avatar" "Mozilla/5.0 (Windows NT 6.1; WOW64) AppleWebKit/537.36 (KHTML, like Gecko) Chrome/81.0.4044.138 Safari/537.36 OPR/68.0.3618.125"
188.11.87.79 - - [06/Jun/2020:07:30:10 +0000] "GET /gdr/missive/ajax HTTP/1.0" 200 707 "https://www.shenteon.com/gdr/mercato/lista/mercato/1/livello/0/categoria/10?page=2" "Mozilla/5.0 (Windows NT 6.1; WOW64) AppleWebKit/537.36 (KHTML, like Gecko) Chrome/81.0.4044.138 Safari/537.36 OPR/68.0.3618.125"
188.11.87.79 - - [06/Jun/2020:07:30:23 +0000] "GET /gdr/missive/ajax HTTP/1.0" 200 707 "https://www.shenteon.com/gdr/bacheca/thread/show/4251" "Mozilla/5.0 (Windows NT 6.1; WOW64) AppleWebKit/537.36 (KHTML, like Gecko) Chrome/81.0.4044.138 Safari/537.36 OPR/68.0.3618.125"
62.221.168.91 - - [06/Jun/2020:07:30:24 +0000] "GET /gdr/presenti/show-in-and-out HTTP/1.0" 200 660 "https://www.shenteon.com/gdr/editti/visualizza" "Mozilla/5.0 (Windows NT 10.0; Win64; x64; rv:77.0) Gecko/20100101 Firefox/77.0"
62.221.168.91 - - [06/Jun/2020:07:30:24 +0000] "GET /gdr/missive/ajax HTTP/1.0" 200 707 "https://www.shenteon.com/gdr/editti/visualizza" "Mozilla/5.0 (Windows NT 10.0; Win64; x64; rv:77.0) Gecko/20100101 Firefox/77.0"
188.11.87.79 - - [06/Jun/2020:07:30:25 +0000] "GET /gdr/missive/ajax HTTP/1.0" 200 707 "https://www.shenteon.com/gdr/avatar" "Mozilla/5.0 (Windows NT 6.1; WOW64) AppleWebKit/537.36 (KHTML, like Gecko) Chrome/81.0.4044.138 Safari/537.36 OPR/68.0.3618.125"
151.73.208.26 - - [06/Jun/2020:07:30:24 +0000] "GET /gdr/missive/ajax HTTP/1.0" 200 707 "https://www.shenteon.com/gdr/location/mappa" "Mozilla/5.0 (Windows NT 10.0; Win64; x64) AppleWebKit/537.36 (KHTML, like Gecko) Chrome/83.0.4103.97 Safari/537.36"
151.73.208.26 - - [06/Jun/2020:07:30:24 +0000] "GET /gdr/presenti/show-in-and-out HTTP/1.0" 200 660 "https://www.shenteon.com/gdr/location/mappa" "Mozilla/5.0 (Windows NT 10.0; Win64; x64) AppleWebKit/537.36 (KHTML, like Gecko) Chrome/83.0.4103.97 Safari/537.36"
188.11.87.79 - - [06/Jun/2020:07:30:30 +0000] "GET /gdr/missive/ajax HTTP/1.0" 200 707 "https://www.shenteon.com/gdr/mercato/lista/mercato/1/livello/0/categoria/10?page=2" "Mozilla/5.0 (Windows NT 6.1; WOW64) AppleWebKit/537.36 (KHTML, like Gecko) Chrome/81.0.4044.138 Safari/537.36 OPR/68.0.3618.125"
188.11.87.79 - - [06/Jun/2020:07:30:43 +0000] "GET /gdr/missive/ajax HTTP/1.0" 200 707 "https://www.shenteon.com/gdr/bacheca/thread/show/4251" "Mozilla/5.0 (Windows NT 6.1; WOW64) AppleWebKit/537.36 (KHTML, like Gecko) Chrome/81.0.4044.138 Safari/537.36 OPR/68.0.3618.125"
62.221.168.91 - - [06/Jun/2020:07:30:44 +0000] "GET /gdr/missive/ajax HTTP/1.0" 200 707 "https://www.shenteon.com/gdr/editti/visualizza" "Mozilla/5.0 (Windows NT 10.0; Win64; x64; rv:77.0) Gecko/20100101 Firefox/77.0"
151.73.208.26 - - [06/Jun/2020:07:30:44 +0000] "GET /gdr/missive/ajax HTTP/1.0" 200 707 "https://www.shenteon.com/gdr/location/mappa" "Mozilla/5.0 (Windows NT 10.0; Win64; x64) AppleWebKit/537.36 (KHTML, like Gecko) Chrome/83.0.4103.97 Safari/537.36"
188.11.87.79 - - [06/Jun/2020:07:30:45 +0000] "GET /gdr/missive/ajax HTTP/1.0" 200 707 "https://www.shenteon.com/gdr/avatar" "Mozilla/5.0 (Windows NT 6.1; WOW64) AppleWebKit/537.36 (KHTML, like Gecko) Chrome/81.0.4044.138 Safari/537.36 OPR/68.0.3618.125"
188.11.87.79 - - [06/Jun/2020:07:30:50 +0000] "GET /gdr/presenti/show-in-and-out HTTP/1.0" 200 660 "https://www.shenteon.com/gdr/mercato/lista/mercato/1/livello/0/categoria/10?page=2" "Mozilla/5.0 (Windows NT 6.1; WOW64) AppleWebKit/537.36 (KHTML, like Gecko) Chrome/81.0.4044.138 Safari/537.36 OPR/68.0.3618.125"
188.11.87.79 - - [06/Jun/2020:07:30:50 +0000] "GET /gdr/missive/ajax HTTP/1.0" 200 707 "https://www.shenteon.com/gdr/mercato/lista/mercato/1/livello/0/categoria/10?page=2" "Mozilla/5.0 (Windows NT 6.1; WOW64) AppleWebKit/537.36 (KHTML, like Gecko) Chrome/81.0.4044.138 Safari/537.36 OPR/68.0.3618.125"
188.11.87.79 - - [06/Jun/2020:07:31:03 +0000] "GET /gdr/meteo/show HTTP/1.0" 200 799 "https://www.shenteon.com/gdr/bacheca/thread/show/4251" "Mozilla/5.0 (Windows NT 6.1; WOW64) AppleWebKit/537.36 (KHTML, like Gecko) Chrome/81.0.4044.138 Safari/537.36 OPR/68.0.3618.125"
188.11.87.79 - - [06/Jun/2020:07:31:03 +0000] "GET /gdr/missive/ajax HTTP/1.0" 200 707 "https://www.shenteon.com/gdr/bacheca/thread/show/4251" "Mozilla/5.0 (Windows NT 6.1; WOW64) AppleWebKit/537.36 (KHTML, like Gecko) Chrome/81.0.4044.138 Safari/537.36 OPR/68.0.3618.125"
62.221.168.91 - - [06/Jun/2020:07:31:04 +0000] "GET /gdr/missive/ajax HTTP/1.0" 200 707 "https://www.shenteon.com/gdr/editti/visualizza" "Mozilla/5.0 (Windows NT 10.0; Win64; x64; rv:77.0) Gecko/20100101 Firefox/77.0"
151.73.208.26 - - [06/Jun/2020:07:31:04 +0000] "GET /gdr/missive/ajax HTTP/1.0" 200 707 "https://www.shenteon.com/gdr/location/mappa" "Mozilla/5.0 (Windows NT 10.0; Win64; x64) AppleWebKit/537.36 (KHTML, like Gecko) Chrome/83.0.4103.97 Safari/537.36"
188.11.87.79 - - [06/Jun/2020:07:31:03 +0000] "GET /gdr/meteo/date HTTP/1.0" 200 603 "https://www.shenteon.com/gdr/bacheca/thread/show/4251" "Mozilla/5.0 (Windows NT 6.1; WOW64) AppleWebKit/537.36 (KHTML, like Gecko) Chrome/81.0.4044.138 Safari/537.36 OPR/68.0.3618.125"
188.11.87.79 - - [06/Jun/2020:07:31:03 +0000] "GET /gdr/marque/show HTTP/1.0" 200 894 "https://www.shenteon.com/gdr/bacheca/thread/show/4251" "Mozilla/5.0 (Windows NT 6.1; WOW64) AppleWebKit/537.36 (KHTML, like Gecko) Chrome/81.0.4044.138 Safari/537.36 OPR/68.0.3618.125"
188.11.87.79 - - [06/Jun/2020:07:31:05 +0000] "GET /gdr/missive/ajax HTTP/1.0" 200 707 "https://www.shenteon.com/gdr/avatar" "Mozilla/5.0 (Windows NT 6.1; WOW64) AppleWebKit/537.36 (KHTML, like Gecko) Chrome/81.0.4044.138 Safari/537.36 OPR/68.0.3618.125"
188.11.87.79 - - [06/Jun/2020:07:31:10 +0000] "GET /gdr/missive/ajax HTTP/1.0" 200 707 "https://www.shenteon.com/gdr/mercato/lista/mercato/1/livello/0/categoria/10?page=2" "Mozilla/5.0 (Windows NT 6.1; WOW64) AppleWebKit/537.36 (KHTML, like Gecko) Chrome/81.0.4044.138 Safari/537.36 OPR/68.0.3618.125"
188.11.87.79 - - [06/Jun/2020:07:31:23 +0000] "GET /gdr/missive/ajax HTTP/1.0" 200 707 "https://www.shenteon.com/gdr/bacheca/thread/show/4251" "Mozilla/5.0 (Windows NT 6.1; WOW64) AppleWebKit/537.36 (KHTML, like Gecko) Chrome/81.0.4044.138 Safari/537.36 OPR/68.0.3618.125"
62.221.168.91 - - [06/Jun/2020:07:31:24 +0000] "GET /gdr/missive/ajax HTTP/1.0" 200 707 "https://www.shenteon.com/gdr/editti/visualizza" "Mozilla/5.0 (Windows NT 10.0; Win64; x64; rv:77.0) Gecko/20100101 Firefox/77.0"
151.73.208.26 - - [06/Jun/2020:07:31:24 +0000] "GET /gdr/missive/ajax HTTP/1.0" 200 707 "https://www.shenteon.com/gdr/location/mappa" "Mozilla/5.0 (Windows NT 10.0; Win64; x64) AppleWebKit/537.36 (KHTML, like Gecko) Chrome/83.0.4103.97 Safari/537.36"
188.11.87.79 - - [06/Jun/2020:07:31:25 +0000] "GET /gdr/missive/ajax HTTP/1.0" 200 707 "https://www.shenteon.com/gdr/avatar" "Mozilla/5.0 (Windows NT 6.1; WOW64) AppleWebKit/537.36 (KHTML, like Gecko) Chrome/81.0.4044.138 Safari/537.36 OPR/68.0.3618.125"
188.11.87.79 - - [06/Jun/2020:07:31:30 +0000] "GET /gdr/missive/ajax HTTP/1.0" 200 707 "https://www.shenteon.com/gdr/mercato/lista/mercato/1/livello/0/categoria/10?page=2" "Mozilla/5.0 (Windows NT 6.1; WOW64) AppleWebKit/537.36 (KHTML, like Gecko) Chrome/81.0.4044.138 Safari/537.36 OPR/68.0.3618.125"
188.11.87.79 - - [06/Jun/2020:07:31:43 +0000] "GET /gdr/missive/ajax HTTP/1.0" 200 707 "https://www.shenteon.com/gdr/bacheca/thread/show/4251" "Mozilla/5.0 (Windows NT 6.1; WOW64) AppleWebKit/537.36 (KHTML, like Gecko) Chrome/81.0.4044.138 Safari/537.36 OPR/68.0.3618.125"
62.221.168.91 - - [06/Jun/2020:07:31:44 +0000] "GET /gdr/missive/ajax HTTP/1.0" 200 3805 "https://www.shenteon.com/gdr/editti/visualizza" "Mozilla/5.0 (Windows NT 10.0; Win64; x64; rv:77.0) Gecko/20100101 Firefox/77.0"
188.11.87.79 - - [06/Jun/2020:07:31:45 +0000] "GET /gdr/missive/ajax HTTP/1.0" 200 707 "https://www.shenteon.com/gdr/avatar" "Mozilla/5.0 (Windows NT 6.1; WOW64) AppleWebKit/537.36 (KHTML, like Gecko) Chrome/81.0.4044.138 Safari/537.36 OPR/68.0.3618.125"
151.73.208.26 - - [06/Jun/2020:07:31:44 +0000] "GET /gdr/missive/ajax HTTP/1.0" 200 707 "https://www.shenteon.com/gdr/location/mappa" "Mozilla/5.0 (Windows NT 10.0; Win64; x64) AppleWebKit/537.36 (KHTML, like Gecko) Chrome/83.0.4103.97 Safari/537.36"
188.11.87.79 - - [06/Jun/2020:07:31:50 +0000] "GET /gdr/meteo/date HTTP/1.0" 200 603 "https://www.shenteon.com/gdr/mercato/lista/mercato/1/livello/0/categoria/10?page=2" "Mozilla/5.0 (Windows NT 6.1; WOW64) AppleWebKit/537.36 (KHTML, like Gecko) Chrome/81.0.4044.138 Safari/537.36 OPR/68.0.3618.125"
188.11.87.79 - - [06/Jun/2020:07:31:50 +0000] "GET /gdr/meteo/show HTTP/1.0" 200 799 "https://www.shenteon.com/gdr/mercato/lista/mercato/1/livello/0/categoria/10?page=2" "Mozilla/5.0 (Windows NT 6.1; WOW64) AppleWebKit/537.36 (KHTML, like Gecko) Chrome/81.0.4044.138 Safari/537.36 OPR/68.0.3618.125"
188.11.87.79 - - [06/Jun/2020:07:31:50 +0000] "GET /gdr/missive/ajax HTTP/1.0" 200 707 "https://www.shenteon.com/gdr/mercato/lista/mercato/1/livello/0/categoria/10?page=2" "Mozilla/5.0 (Windows NT 6.1; WOW64) AppleWebKit/537.36 (KHTML, like Gecko) Chrome/81.0.4044.138 Safari/537.36 OPR/68.0.3618.125"
188.11.87.79 - - [06/Jun/2020:07:32:03 +0000] "GET /gdr/missive/ajax HTTP/1.0" 200 707 "https://www.shenteon.com/gdr/bacheca/thread/show/4251" "Mozilla/5.0 (Windows NT 6.1; WOW64) AppleWebKit/537.36 (KHTML, like Gecko) Chrome/81.0.4044.138 Safari/537.36 OPR/68.0.3618.125"
188.11.87.79 - - [06/Jun/2020:07:32:03 +0000] "GET /gdr/presenti/show-in-and-out HTTP/1.0" 200 660 "https://www.shenteon.com/gdr/bacheca/thread/show/4251" "Mozilla/5.0 (Windows NT 6.1; WOW64) AppleWebKit/537.36 (KHTML, like Gecko) Chrome/81.0.4044.138 Safari/537.36 OPR/68.0.3618.125"
62.221.168.91 - - [06/Jun/2020:07:32:04 +0000] "GET /gdr/missive/ajax HTTP/1.0" 200 707 "https://www.shenteon.com/gdr/editti/visualizza" "Mozilla/5.0 (Windows NT 10.0; Win64; x64; rv:77.0) Gecko/20100101 Firefox/77.0"
151.73.208.26 - - [06/Jun/2020:07:32:04 +0000] "GET /gdr/missive/ajax HTTP/1.0" 200 707 "https://www.shenteon.com/gdr/location/mappa" "Mozilla/5.0 (Windows NT 10.0; Win64; x64) AppleWebKit/537.36 (KHTML, like Gecko) Chrome/83.0.4103.97 Safari/537.36"
188.11.87.79 - - [06/Jun/2020:07:32:05 +0000] "GET /gdr/missive/ajax HTTP/1.0" 200 707 "https://www.shenteon.com/gdr/avatar" "Mozilla/5.0 (Windows NT 6.1; WOW64) AppleWebKit/537.36 (KHTML, like Gecko) Chrome/81.0.4044.138 Safari/537.36 OPR/68.0.3618.125"
188.11.87.79 - - [06/Jun/2020:07:32:05 +0000] "GET /gdr/meteo/show HTTP/1.0" 200 799 "https://www.shenteon.com/gdr/avatar" "Mozilla/5.0 (Windows NT 6.1; WOW64) AppleWebKit/537.36 (KHTML, like Gecko) Chrome/81.0.4044.138 Safari/537.36 OPR/68.0.3618.125"
188.11.87.79 - - [06/Jun/2020:07:32:05 +0000] "GET /gdr/presenti/show-in-and-out HTTP/1.0" 200 660 "https://www.shenteon.com/gdr/avatar" "Mozilla/5.0 (Windows NT 6.1; WOW64) AppleWebKit/537.36 (KHTML, like Gecko) Chrome/81.0.4044.138 Safari/537.36 OPR/68.0.3618.125"
188.11.87.79 - - [06/Jun/2020:07:32:05 +0000] "GET /gdr/meteo/date HTTP/1.0" 200 603 "https://www.shenteon.com/gdr/avatar" "Mozilla/5.0 (Windows NT 6.1; WOW64) AppleWebKit/537.36 (KHTML, like Gecko) Chrome/81.0.4044.138 Safari/537.36 OPR/68.0.3618.125"
188.11.87.79 - - [06/Jun/2020:07:32:06 +0000] "GET /app_adm.php/admin/gdr/items/item/create HTTP/1.0" 200 11492 "https://www.shenteon.com/app_adm.php/admin/gdr/items/item/5541/edit" "Mozilla/5.0 (Windows NT 6.1; WOW64) AppleWebKit/537.36 (KHTML, like Gecko) Chrome/81.0.4044.138 Safari/537.36 OPR/68.0.3618.125"
188.11.87.79 - - [06/Jun/2020:07:32:10 +0000] "GET /gdr/missive/ajax HTTP/1.0" 200 707 "https://www.shenteon.com/gdr/mercato/lista/mercato/1/livello/0/categoria/10?page=2" "Mozilla/5.0 (Windows NT 6.1; WOW64) AppleWebKit/537.36 (KHTML, like Gecko) Chrome/81.0.4044.138 Safari/537.36 OPR/68.0.3618.125"
188.11.87.79 - - [06/Jun/2020:07:32:23 +0000] "GET /gdr/missive/ajax HTTP/1.0" 200 707 "https://www.shenteon.com/gdr/bacheca/thread/show/4251" "Mozilla/5.0 (Windows NT 6.1; WOW64) AppleWebKit/537.36 (KHTML, like Gecko) Chrome/81.0.4044.138 Safari/537.36 OPR/68.0.3618.125"
62.221.168.91 - - [06/Jun/2020:07:32:24 +0000] "GET /gdr/missive/ajax HTTP/1.0" 200 707 "https://www.shenteon.com/gdr/editti/visualizza" "Mozilla/5.0 (Windows NT 10.0; Win64; x64; rv:77.0) Gecko/20100101 Firefox/77.0"
62.221.168.91 - - [06/Jun/2020:07:32:24 +0000] "GET /gdr/presenti/show-in-and-out HTTP/1.0" 200 660 "https://www.shenteon.com/gdr/editti/visualizza" "Mozilla/5.0 (Windows NT 10.0; Win64; x64; rv:77.0) Gecko/20100101 Firefox/77.0"
