188.11.87.79 - - [06/Jun/2020:06:53:53 +0000] "GET /uploads/race/523a2c49d0d36.gif HTTP/1.0" 200 498 "https://www.shenteon.com/gdr/bacheca/index" "Mozilla/5.0 (Windows NT 6.1; WOW64) AppleWebKit/537.36 (KHTML, like Gecko) Chrome/81.0.4044.138 Safari/537.36 OPR/68.0.3618.125"
188.11.87.79 - - [06/Jun/2020:06:53:52 +0000] "GET /gdr/missive/ajax HTTP/1.0" 200 707 "https://www.shenteon.com/gdr/bacheca/index" "Mozilla/5.0 (Windows NT 6.1; WOW64) AppleWebKit/537.36 (KHTML, like Gecko) Chrome/81.0.4044.138 Safari/537.36 OPR/68.0.3618.125"
78.15.74.17 - - [06/Jun/2020:06:53:54 +0000] "GET /gdr/erario/index/2?page=3 HTTP/1.0" 200 3864 "https://www.shenteon.com/gdr/erario/index/2?page=2" "Mozilla/5.0 (Linux; Android 9; Redmi Note 8T) AppleWebKit/537.36 (KHTML, like Gecko) Chrome/83.0.4103.96 Mobile Safari/537.36"
62.221.168.91 - - [06/Jun/2020:06:53:59 +0000] "GET /gdr/missive/ajax HTTP/1.0" 200 707 "https://www.shenteon.com/gdr/editti/visualizza" "Mozilla/5.0 (Windows NT 10.0; Win64; x64; rv:77.0) Gecko/20100101 Firefox/77.0"
78.15.74.17 - - [06/Jun/2020:06:54:10 +0000] "GET /gdr/avatar HTTP/1.0" 200 4522 "https://www.shenteon.com/gdr/erario/index/2?page=3" "Mozilla/5.0 (Linux; Android 9; Redmi Note 8T) AppleWebKit/537.36 (KHTML, like Gecko) Chrome/83.0.4103.96 Mobile Safari/537.36"
188.11.87.79 - - [06/Jun/2020:06:54:12 +0000] "GET /gdr/missive/ajax HTTP/1.0" 200 707 "https://www.shenteon.com/gdr/bacheca/index" "Mozilla/5.0 (Windows NT 6.1; WOW64) AppleWebKit/537.36 (KHTML, like Gecko) Chrome/81.0.4044.138 Safari/537.36 OPR/68.0.3618.125"
62.221.168.91 - - [06/Jun/2020:06:54:19 +0000] "GET /gdr/meteo/date HTTP/1.0" 200 603 "https://www.shenteon.com/gdr/editti/visualizza" "Mozilla/5.0 (Windows NT 10.0; Win64; x64; rv:77.0) Gecko/20100101 Firefox/77.0"
62.221.168.91 - - [06/Jun/2020:06:54:19 +0000] "GET /gdr/meteo/show HTTP/1.0" 200 799 "https://www.shenteon.com/gdr/editti/visualizza" "Mozilla/5.0 (Windows NT 10.0; Win64; x64; rv:77.0) Gecko/20100101 Firefox/77.0"
62.221.168.91 - - [06/Jun/2020:06:54:19 +0000] "GET /gdr/marque/show HTTP/1.0" 200 894 "https://www.shenteon.com/gdr/editti/visualizza" "Mozilla/5.0 (Windows NT 10.0; Win64; x64; rv:77.0) Gecko/20100101 Firefox/77.0"
62.221.168.91 - - [06/Jun/2020:06:54:19 +0000] "GET /gdr/presenti/show-in-and-out HTTP/1.0" 200 775 "https://www.shenteon.com/gdr/editti/visualizza" "Mozilla/5.0 (Windows NT 10.0; Win64; x64; rv:77.0) Gecko/20100101 Firefox/77.0"
62.221.168.91 - - [06/Jun/2020:06:54:19 +0000] "GET /gdr/missive/ajax HTTP/1.0" 200 707 "https://www.shenteon.com/gdr/editti/visualizza" "Mozilla/5.0 (Windows NT 10.0; Win64; x64; rv:77.0) Gecko/20100101 Firefox/77.0"
78.15.74.17 - - [06/Jun/2020:06:54:30 +0000] "GET /gdr/missive/ajax HTTP/1.0" 200 707 "https://www.shenteon.com/gdr/avatar" "Mozilla/5.0 (Linux; Android 9; Redmi Note 8T) AppleWebKit/537.36 (KHTML, like Gecko) Chrome/83.0.4103.96 Mobile Safari/537.36"
188.11.87.79 - - [06/Jun/2020:06:54:32 +0000] "GET /gdr/missive/ajax HTTP/1.0" 200 707 "https://www.shenteon.com/gdr/bacheca/index" "Mozilla/5.0 (Windows NT 6.1; WOW64) AppleWebKit/537.36 (KHTML, like Gecko) Chrome/81.0.4044.138 Safari/537.36 OPR/68.0.3618.125"
62.221.168.91 - - [06/Jun/2020:06:54:39 +0000] "GET /gdr/missive/ajax HTTP/1.0" 200 707 "https://www.shenteon.com/gdr/editti/visualizza" "Mozilla/5.0 (Windows NT 10.0; Win64; x64; rv:77.0) Gecko/20100101 Firefox/77.0"
78.15.74.17 - - [06/Jun/2020:06:54:43 +0000] "GET /gdr/avatar/combattimento/index HTTP/1.0" 200 1556 "https://www.shenteon.com/gdr/avatar" "Mozilla/5.0 (Linux; Android 9; Redmi Note 8T) AppleWebKit/537.36 (KHTML, like Gecko) Chrome/83.0.4103.96 Mobile Safari/537.36"
78.15.74.17 - - [06/Jun/2020:06:54:44 +0000] "GET /bundles/gdrgame/images/fight/Avanzamento_0.png?v1.0.65 HTTP/1.0" 200 514 "https://www.shenteon.com/gdr/avatar" "Mozilla/5.0 (Linux; Android 9; Redmi Note 8T) AppleWebKit/537.36 (KHTML, like Gecko) Chrome/83.0.4103.96 Mobile Safari/537.36"
78.15.74.17 - - [06/Jun/2020:06:54:44 +0000] "GET /bundles/gdrgame/images/fight/Avanzamento_1.png?v1.0.65 HTTP/1.0" 200 514 "https://www.shenteon.com/gdr/avatar" "Mozilla/5.0 (Linux; Android 9; Redmi Note 8T) AppleWebKit/537.36 (KHTML, like Gecko) Chrome/83.0.4103.96 Mobile Safari/537.36"
78.15.74.17 - - [06/Jun/2020:06:54:50 +0000] "GET /gdr/missive/ajax HTTP/1.0" 200 707 "https://www.shenteon.com/gdr/avatar" "Mozilla/5.0 (Linux; Android 9; Redmi Note 8T) AppleWebKit/537.36 (KHTML, like Gecko) Chrome/83.0.4103.96 Mobile Safari/537.36"
188.11.87.79 - - [06/Jun/2020:06:54:52 +0000] "GET /gdr/missive/ajax HTTP/1.0" 200 707 "https://www.shenteon.com/gdr/bacheca/index" "Mozilla/5.0 (Windows NT 6.1; WOW64) AppleWebKit/537.36 (KHTML, like Gecko) Chrome/81.0.4044.138 Safari/537.36 OPR/68.0.3618.125"
188.11.87.79 - - [06/Jun/2020:06:54:52 +0000] "GET /gdr/meteo/show HTTP/1.0" 200 799 "https://www.shenteon.com/gdr/bacheca/index" "Mozilla/5.0 (Windows NT 6.1; WOW64) AppleWebKit/537.36 (KHTML, like Gecko) Chrome/81.0.4044.138 Safari/537.36 OPR/68.0.3618.125"
188.11.87.79 - - [06/Jun/2020:06:54:52 +0000] "GET /gdr/marque/show HTTP/1.0" 200 894 "https://www.shenteon.com/gdr/bacheca/index" "Mozilla/5.0 (Windows NT 6.1; WOW64) AppleWebKit/537.36 (KHTML, like Gecko) Chrome/81.0.4044.138 Safari/537.36 OPR/68.0.3618.125"
188.11.87.79 - - [06/Jun/2020:06:54:52 +0000] "GET /gdr/meteo/date HTTP/1.0" 200 603 "https://www.shenteon.com/gdr/bacheca/index" "Mozilla/5.0 (Windows NT 6.1; WOW64) AppleWebKit/537.36 (KHTML, like Gecko) Chrome/81.0.4044.138 Safari/537.36 OPR/68.0.3618.125"
62.221.168.91 - - [06/Jun/2020:06:54:59 +0000] "GET /gdr/missive/ajax HTTP/1.0" 200 707 "https://www.shenteon.com/gdr/editti/visualizza" "Mozilla/5.0 (Windows NT 10.0; Win64; x64; rv:77.0) Gecko/20100101 Firefox/77.0"
78.15.74.17 - - [06/Jun/2020:06:55:11 +0000] "GET /gdr/missive/ajax HTTP/1.0" 200 707 "https://www.shenteon.com/gdr/avatar" "Mozilla/5.0 (Linux; Android 9; Redmi Note 8T) AppleWebKit/537.36 (KHTML, like Gecko) Chrome/83.0.4103.96 Mobile Safari/537.36"
188.11.87.79 - - [06/Jun/2020:06:55:12 +0000] "GET /gdr/missive/ajax HTTP/1.0" 200 707 "https://www.shenteon.com/gdr/bacheca/index" "Mozilla/5.0 (Windows NT 6.1; WOW64) AppleWebKit/537.36 (KHTML, like Gecko) Chrome/81.0.4044.138 Safari/537.36 OPR/68.0.3618.125"
62.221.168.91 - - [06/Jun/2020:06:55:19 +0000] "GET /gdr/missive/ajax HTTP/1.0" 200 707 "https://www.shenteon.com/gdr/editti/visualizza" "Mozilla/5.0 (Windows NT 10.0; Win64; x64; rv:77.0) Gecko/20100101 Firefox/77.0"
78.15.74.17 - - [06/Jun/2020:06:55:31 +0000] "GET /gdr/missive/ajax HTTP/1.0" 200 707 "https://www.shenteon.com/gdr/avatar" "Mozilla/5.0 (Linux; Android 9; Redmi Note 8T) AppleWebKit/537.36 (KHTML, like Gecko) Chrome/83.0.4103.96 Mobile Safari/537.36"
188.11.87.79 - - [06/Jun/2020:06:55:32 +0000] "GET /gdr/missive/ajax HTTP/1.0" 200 707 "https://www.shenteon.com/gdr/bacheca/index" "Mozilla/5.0 (Windows NT 6.1; WOW64) AppleWebKit/537.36 (KHTML, like Gecko) Chrome/81.0.4044.138 Safari/537.36 OPR/68.0.3618.125"
62.221.168.91 - - [06/Jun/2020:06:55:39 +0000] "GET /gdr/missive/ajax HTTP/1.0" 200 707 "https://www.shenteon.com/gdr/editti/visualizza" "Mozilla/5.0 (Windows NT 10.0; Win64; x64; rv:77.0) Gecko/20100101 Firefox/77.0"
188.11.87.79 - - [06/Jun/2020:06:55:52 +0000] "GET /gdr/missive/ajax HTTP/1.0" 200 707 "https://www.shenteon.com/gdr/bacheca/index" "Mozilla/5.0 (Windows NT 6.1; WOW64) AppleWebKit/537.36 (KHTML, like Gecko) Chrome/81.0.4044.138 Safari/537.36 OPR/68.0.3618.125"
188.11.87.79 - - [06/Jun/2020:06:55:52 +0000] "GET /gdr/presenti/show-in-and-out HTTP/1.0" 200 775 "https://www.shenteon.com/gdr/bacheca/index" "Mozilla/5.0 (Windows NT 6.1; WOW64) AppleWebKit/537.36 (KHTML, like Gecko) Chrome/81.0.4044.138 Safari/537.36 OPR/68.0.3618.125"
188.11.87.79 - - [06/Jun/2020:06:55:56 +0000] "GET /gdr/bacheca/threads/categoria/23 HTTP/1.0" 200 4305 "https://www.shenteon.com/gdr/bacheca/index" "Mozilla/5.0 (Windows NT 6.1; WOW64) AppleWebKit/537.36 (KHTML, like Gecko) Chrome/81.0.4044.138 Safari/537.36 OPR/68.0.3618.125"
188.11.87.79 - - [06/Jun/2020:06:55:57 +0000] "GET /js/routing?callback=fos.Router.setData HTTP/1.0" 200 1163 "https://www.shenteon.com/gdr/bacheca/threads/categoria/23" "Mozilla/5.0 (Windows NT 6.1; WOW64) AppleWebKit/537.36 (KHTML, like Gecko) Chrome/81.0.4044.138 Safari/537.36 OPR/68.0.3618.125"
62.221.168.91 - - [06/Jun/2020:06:55:59 +0000] "GET /gdr/missive/ajax HTTP/1.0" 200 707 "https://www.shenteon.com/gdr/editti/visualizza" "Mozilla/5.0 (Windows NT 10.0; Win64; x64; rv:77.0) Gecko/20100101 Firefox/77.0"
188.11.87.79 - - [06/Jun/2020:06:56:02 +0000] "GET /gdr/bacheca/thread/show/4251 HTTP/1.0" 200 10270 "https://www.shenteon.com/gdr/bacheca/threads/categoria/23" "Mozilla/5.0 (Windows NT 6.1; WOW64) AppleWebKit/537.36 (KHTML, like Gecko) Chrome/81.0.4044.138 Safari/537.36 OPR/68.0.3618.125"
188.11.87.79 - - [06/Jun/2020:06:56:03 +0000] "GET /js/routing?callback=fos.Router.setData HTTP/1.0" 200 1163 "https://www.shenteon.com/gdr/bacheca/thread/show/4251" "Mozilla/5.0 (Windows NT 6.1; WOW64) AppleWebKit/537.36 (KHTML, like Gecko) Chrome/81.0.4044.138 Safari/537.36 OPR/68.0.3618.125"
62.221.168.91 - - [06/Jun/2020:06:56:19 +0000] "GET /gdr/presenti/show-in-and-out HTTP/1.0" 200 3873 "https://www.shenteon.com/gdr/editti/visualizza" "Mozilla/5.0 (Windows NT 10.0; Win64; x64; rv:77.0) Gecko/20100101 Firefox/77.0"
62.221.168.91 - - [06/Jun/2020:06:56:19 +0000] "GET /gdr/missive/ajax HTTP/1.0" 200 707 "https://www.shenteon.com/gdr/editti/visualizza" "Mozilla/5.0 (Windows NT 10.0; Win64; x64; rv:77.0) Gecko/20100101 Firefox/77.0"
188.11.87.79 - - [06/Jun/2020:06:56:23 +0000] "GET /gdr/missive/ajax HTTP/1.0" 200 707 "https://www.shenteon.com/gdr/bacheca/thread/show/4251" "Mozilla/5.0 (Windows NT 6.1; WOW64) AppleWebKit/537.36 (KHTML, like Gecko) Chrome/81.0.4044.138 Safari/537.36 OPR/68.0.3618.125"
188.11.87.79 - - [06/Jun/2020:06:56:26 +0000] "GET /gdr/mercato/ HTTP/1.0" 200 3982 "https://www.shenteon.com/gdr/bacheca/thread/show/4251" "Mozilla/5.0 (Windows NT 6.1; WOW64) AppleWebKit/537.36 (KHTML, like Gecko) Chrome/81.0.4044.138 Safari/537.36 OPR/68.0.3618.125"
188.11.87.79 - - [06/Jun/2020:06:56:27 +0000] "GET /js/routing?callback=fos.Router.setData HTTP/1.0" 200 1163 "https://www.shenteon.com/gdr/mercato/" "Mozilla/5.0 (Windows NT 6.1; WOW64) AppleWebKit/537.36 (KHTML, like Gecko) Chrome/81.0.4044.138 Safari/537.36 OPR/68.0.3618.125"
188.11.87.79 - - [06/Jun/2020:06:56:29 +0000] "GET /gdr/mercato/lista/mercato/1/livello/0/categoria HTTP/1.0" 200 4956 "https://www.shenteon.com/gdr/mercato/" "Mozilla/5.0 (Windows NT 6.1; WOW64) AppleWebKit/537.36 (KHTML, like Gecko) Chrome/81.0.4044.138 Safari/537.36 OPR/68.0.3618.125"
188.11.87.79 - - [06/Jun/2020:06:56:29 +0000] "GET /js/routing?callback=fos.Router.setData HTTP/1.0" 200 1163 "https://www.shenteon.com/gdr/mercato/lista/mercato/1/livello/0/categoria" "Mozilla/5.0 (Windows NT 6.1; WOW64) AppleWebKit/537.36 (KHTML, like Gecko) Chrome/81.0.4044.138 Safari/537.36 OPR/68.0.3618.125"
188.11.87.79 - - [06/Jun/2020:06:56:32 +0000] "GET /gdr/mercato/lista/mercato/1/livello/0/categoria/10 HTTP/1.0" 200 5793 "https://www.shenteon.com/gdr/mercato/lista/mercato/1/livello/0/categoria" "Mozilla/5.0 (Windows NT 6.1; WOW64) AppleWebKit/537.36 (KHTML, like Gecko) Chrome/81.0.4044.138 Safari/537.36 OPR/68.0.3618.125"
188.11.87.79 - - [06/Jun/2020:06:56:33 +0000] "GET /uploads/items/5246c58a2023a.jpeg HTTP/1.0" 200 501 "https://www.shenteon.com/gdr/mercato/lista/mercato/1/livello/0/categoria/10" "Mozilla/5.0 (Windows NT 6.1; WOW64) AppleWebKit/537.36 (KHTML, like Gecko) Chrome/81.0.4044.138 Safari/537.36 OPR/68.0.3618.125"
188.11.87.79 - - [06/Jun/2020:06:56:33 +0000] "GET /uploads/items/5236d902ce9fb.png HTTP/1.0" 200 499 "https://www.shenteon.com/gdr/mercato/lista/mercato/1/livello/0/categoria/10" "Mozilla/5.0 (Windows NT 6.1; WOW64) AppleWebKit/537.36 (KHTML, like Gecko) Chrome/81.0.4044.138 Safari/537.36 OPR/68.0.3618.125"
188.11.87.79 - - [06/Jun/2020:06:56:33 +0000] "GET /uploads/items/5236d8d42ec3a.png HTTP/1.0" 200 499 "https://www.shenteon.com/gdr/mercato/lista/mercato/1/livello/0/categoria/10" "Mozilla/5.0 (Windows NT 6.1; WOW64) AppleWebKit/537.36 (KHTML, like Gecko) Chrome/81.0.4044.138 Safari/537.36 OPR/68.0.3618.125"
188.11.87.79 - - [06/Jun/2020:06:56:33 +0000] "GET /uploads/items/5246c57a21735.jpeg HTTP/1.0" 200 501 "https://www.shenteon.com/gdr/mercato/lista/mercato/1/livello/0/categoria/10" "Mozilla/5.0 (Windows NT 6.1; WOW64) AppleWebKit/537.36 (KHTML, like Gecko) Chrome/81.0.4044.138 Safari/537.36 OPR/68.0.3618.125"
188.11.87.79 - - [06/Jun/2020:06:56:33 +0000] "GET /uploads/items/5246c52e98303.jpeg HTTP/1.0" 200 501 "https://www.shenteon.com/gdr/mercato/lista/mercato/1/livello/0/categoria/10" "Mozilla/5.0 (Windows NT 6.1; WOW64) AppleWebKit/537.36 (KHTML, like Gecko) Chrome/81.0.4044.138 Safari/537.36 OPR/68.0.3618.125"
188.11.87.79 - - [06/Jun/2020:06:56:33 +0000] "GET /uploads/items/5236d7e69a45e.png HTTP/1.0" 200 499 "https://www.shenteon.com/gdr/mercato/lista/mercato/1/livello/0/categoria/10" "Mozilla/5.0 (Windows NT 6.1; WOW64) AppleWebKit/537.36 (KHTML, like Gecko) Chrome/81.0.4044.138 Safari/537.36 OPR/68.0.3618.125"
188.11.87.79 - - [06/Jun/2020:06:56:33 +0000] "GET /uploads/items/5246c53e5c760.jpeg HTTP/1.0" 200 501 "https://www.shenteon.com/gdr/mercato/lista/mercato/1/livello/0/categoria/10" "Mozilla/5.0 (Windows NT 6.1; WOW64) AppleWebKit/537.36 (KHTML, like Gecko) Chrome/81.0.4044.138 Safari/537.36 OPR/68.0.3618.125"
188.11.87.79 - - [06/Jun/2020:06:56:33 +0000] "GET /uploads/items/529136d688d9e.jpeg HTTP/1.0" 200 501 "https://www.shenteon.com/gdr/mercato/lista/mercato/1/livello/0/categoria/10" "Mozilla/5.0 (Windows NT 6.1; WOW64) AppleWebKit/537.36 (KHTML, like Gecko) Chrome/81.0.4044.138 Safari/537.36 OPR/68.0.3618.125"
188.11.87.79 - - [06/Jun/2020:06:56:33 +0000] "GET /uploads/items/5294bd23919be.jpeg HTTP/1.0" 200 501 "https://www.shenteon.com/gdr/mercato/lista/mercato/1/livello/0/categoria/10" "Mozilla/5.0 (Windows NT 6.1; WOW64) AppleWebKit/537.36 (KHTML, like Gecko) Chrome/81.0.4044.138 Safari/537.36 OPR/68.0.3618.125"
188.11.87.79 - - [06/Jun/2020:06:56:33 +0000] "GET /uploads/items/554f54ca00155.png HTTP/1.0" 200 499 "https://www.shenteon.com/gdr/mercato/lista/mercato/1/livello/0/categoria/10" "Mozilla/5.0 (Windows NT 6.1; WOW64) AppleWebKit/537.36 (KHTML, like Gecko) Chrome/81.0.4044.138 Safari/537.36 OPR/68.0.3618.125"
188.11.87.79 - - [06/Jun/2020:06:56:33 +0000] "GET /uploads/items/554f537ec4ae4.png HTTP/1.0" 200 499 "https://www.shenteon.com/gdr/mercato/lista/mercato/1/livello/0/categoria/10" "Mozilla/5.0 (Windows NT 6.1; WOW64) AppleWebKit/537.36 (KHTML, like Gecko) Chrome/81.0.4044.138 Safari/537.36 OPR/68.0.3618.125"
188.11.87.79 - - [06/Jun/2020:06:56:33 +0000] "GET /uploads/items/5236d8360e2ac.png HTTP/1.0" 200 499 "https://www.shenteon.com/gdr/mercato/lista/mercato/1/livello/0/categoria/10" "Mozilla/5.0 (Windows NT 6.1; WOW64) AppleWebKit/537.36 (KHTML, like Gecko) Chrome/81.0.4044.138 Safari/537.36 OPR/68.0.3618.125"
188.11.87.79 - - [06/Jun/2020:06:56:33 +0000] "GET /js/routing?callback=fos.Router.setData HTTP/1.0" 200 1163 "https://www.shenteon.com/gdr/mercato/lista/mercato/1/livello/0/categoria/10" "Mozilla/5.0 (Windows NT 6.1; WOW64) AppleWebKit/537.36 (KHTML, like Gecko) Chrome/81.0.4044.138 Safari/537.36 OPR/68.0.3618.125"
188.11.87.79 - - [06/Jun/2020:06:56:33 +0000] "GET /uploads/items/554f5114b6429.png HTTP/1.0" 200 499 "https://www.shenteon.com/gdr/mercato/lista/mercato/1/livello/0/categoria/10" "Mozilla/5.0 (Windows NT 6.1; WOW64) AppleWebKit/537.36 (KHTML, like Gecko) Chrome/81.0.4044.138 Safari/537.36 OPR/68.0.3618.125"
188.11.87.79 - - [06/Jun/2020:06:56:33 +0000] "GET /uploads/items/529135f10a56a.jpeg HTTP/1.0" 200 501 "https://www.shenteon.com/gdr/mercato/lista/mercato/1/livello/0/categoria/10" "Mozilla/5.0 (Windows NT 6.1; WOW64) AppleWebKit/537.36 (KHTML, like Gecko) Chrome/81.0.4044.138 Safari/537.36 OPR/68.0.3618.125"
188.11.87.79 - - [06/Jun/2020:06:56:33 +0000] "GET /uploads/items/53c04dd36ed16.png HTTP/1.0" 200 499 "https://www.shenteon.com/gdr/mercato/lista/mercato/1/livello/0/categoria/10" "Mozilla/5.0 (Windows NT 6.1; WOW64) AppleWebKit/537.36 (KHTML, like Gecko) Chrome/81.0.4044.138 Safari/537.36 OPR/68.0.3618.125"
188.11.87.79 - - [06/Jun/2020:06:56:33 +0000] "GET /uploads/items/5246c518712d7.jpeg HTTP/1.0" 200 501 "https://www.shenteon.com/gdr/mercato/lista/mercato/1/livello/0/categoria/10" "Mozilla/5.0 (Windows NT 6.1; WOW64) AppleWebKit/537.36 (KHTML, like Gecko) Chrome/81.0.4044.138 Safari/537.36 OPR/68.0.3618.125"
188.11.87.79 - - [06/Jun/2020:06:56:33 +0000] "GET /uploads/items/53c04dd36eaea.jpg HTTP/1.0" 200 500 "https://www.shenteon.com/gdr/mercato/lista/mercato/1/livello/0/categoria/10" "Mozilla/5.0 (Windows NT 6.1; WOW64) AppleWebKit/537.36 (KHTML, like Gecko) Chrome/81.0.4044.138 Safari/537.36 OPR/68.0.3618.125"
188.11.87.79 - - [06/Jun/2020:06:56:33 +0000] "GET /uploads/items/5236d773394a3.png HTTP/1.0" 200 499 "https://www.shenteon.com/gdr/mercato/lista/mercato/1/livello/0/categoria/10" "Mozilla/5.0 (Windows NT 6.1; WOW64) AppleWebKit/537.36 (KHTML, like Gecko) Chrome/81.0.4044.138 Safari/537.36 OPR/68.0.3618.125"
188.11.87.79 - - [06/Jun/2020:06:56:33 +0000] "GET /uploads/items/5236d66d233bd.png HTTP/1.0" 200 499 "https://www.shenteon.com/gdr/mercato/lista/mercato/1/livello/0/categoria/10" "Mozilla/5.0 (Windows NT 6.1; WOW64) AppleWebKit/537.36 (KHTML, like Gecko) Chrome/81.0.4044.138 Safari/537.36 OPR/68.0.3618.125"
188.11.87.79 - - [06/Jun/2020:06:56:33 +0000] "GET /uploads/items/5246c4efb0e5c.jpeg HTTP/1.0" 200 501 "https://www.shenteon.com/gdr/mercato/lista/mercato/1/livello/0/categoria/10" "Mozilla/5.0 (Windows NT 6.1; WOW64) AppleWebKit/537.36 (KHTML, like Gecko) Chrome/81.0.4044.138 Safari/537.36 OPR/68.0.3618.125"
188.11.87.79 - - [06/Jun/2020:06:56:33 +0000] "GET /uploads/items/52d69e46bdb10.png HTTP/1.0" 200 499 "https://www.shenteon.com/gdr/mercato/lista/mercato/1/livello/0/categoria/10" "Mozilla/5.0 (Windows NT 6.1; WOW64) AppleWebKit/537.36 (KHTML, like Gecko) Chrome/81.0.4044.138 Safari/537.36 OPR/68.0.3618.125"
188.11.87.79 - - [06/Jun/2020:06:56:33 +0000] "GET /uploads/items/52d69e46bdcb7.png HTTP/1.0" 200 499 "https://www.shenteon.com/gdr/mercato/lista/mercato/1/livello/0/categoria/10" "Mozilla/5.0 (Windows NT 6.1; WOW64) AppleWebKit/537.36 (KHTML, like Gecko) Chrome/81.0.4044.138 Safari/537.36 OPR/68.0.3618.125"
188.11.87.79 - - [06/Jun/2020:06:56:33 +0000] "GET /uploads/items/5246c4c9df1e8.jpeg HTTP/1.0" 200 501 "https://www.shenteon.com/gdr/mercato/lista/mercato/1/livello/0/categoria/10" "Mozilla/5.0 (Windows NT 6.1; WOW64) AppleWebKit/537.36 (KHTML, like Gecko) Chrome/81.0.4044.138 Safari/537.36 OPR/68.0.3618.125"
188.11.87.79 - - [06/Jun/2020:06:56:33 +0000] "GET /uploads/items/5236d5a3a8d6a.png HTTP/1.0" 200 499 "https://www.shenteon.com/gdr/mercato/lista/mercato/1/livello/0/categoria/10" "Mozilla/5.0 (Windows NT 6.1; WOW64) AppleWebKit/537.36 (KHTML, like Gecko) Chrome/81.0.4044.138 Safari/537.36 OPR/68.0.3618.125"
188.11.87.79 - - [06/Jun/2020:06:56:33 +0000] "GET /uploads/items/53c04c5aa2723.jpg HTTP/1.0" 200 500 "https://www.shenteon.com/gdr/mercato/lista/mercato/1/livello/0/categoria/10" "Mozilla/5.0 (Windows NT 6.1; WOW64) AppleWebKit/537.36 (KHTML, like Gecko) Chrome/81.0.4044.138 Safari/537.36 OPR/68.0.3618.125"
188.11.87.79 - - [06/Jun/2020:06:56:33 +0000] "GET /uploads/items/53c04bac62d9d.jpg HTTP/1.0" 200 500 "https://www.shenteon.com/gdr/mercato/lista/mercato/1/livello/0/categoria/10" "Mozilla/5.0 (Windows NT 6.1; WOW64) AppleWebKit/537.36 (KHTML, like Gecko) Chrome/81.0.4044.138 Safari/537.36 OPR/68.0.3618.125"
188.11.87.79 - - [06/Jun/2020:06:56:33 +0000] "GET /uploads/items/53c04c5aa2915.png HTTP/1.0" 200 499 "https://www.shenteon.com/gdr/mercato/lista/mercato/1/livello/0/categoria/10" "Mozilla/5.0 (Windows NT 6.1; WOW64) AppleWebKit/537.36 (KHTML, like Gecko) Chrome/81.0.4044.138 Safari/537.36 OPR/68.0.3618.125"
188.11.87.79 - - [06/Jun/2020:06:56:33 +0000] "GET /uploads/items/53c04bac62fb2.png HTTP/1.0" 200 499 "https://www.shenteon.com/gdr/mercato/lista/mercato/1/livello/0/categoria/10" "Mozilla/5.0 (Windows NT 6.1; WOW64) AppleWebKit/537.36 (KHTML, like Gecko) Chrome/81.0.4044.138 Safari/537.36 OPR/68.0.3618.125"
188.11.87.79 - - [06/Jun/2020:06:56:33 +0000] "GET /uploads/items/53c04d115726f.jpg HTTP/1.0" 200 500 "https://www.shenteon.com/gdr/mercato/lista/mercato/1/livello/0/categoria/10" "Mozilla/5.0 (Windows NT 6.1; WOW64) AppleWebKit/537.36 (KHTML, like Gecko) Chrome/81.0.4044.138 Safari/537.36 OPR/68.0.3618.125"
188.11.87.79 - - [06/Jun/2020:06:56:33 +0000] "GET /uploads/items/53c04d1157505.png HTTP/1.0" 200 499 "https://www.shenteon.com/gdr/mercato/lista/mercato/1/livello/0/categoria/10" "Mozilla/5.0 (Windows NT 6.1; WOW64) AppleWebKit/537.36 (KHTML, like Gecko) Chrome/81.0.4044.138 Safari/537.36 OPR/68.0.3618.125"
62.221.168.91 - - [06/Jun/2020:06:56:39 +0000] "GET /gdr/missive/ajax HTTP/1.0" 200 707 "https://www.shenteon.com/gdr/editti/visualizza" "Mozilla/5.0 (Windows NT 10.0; Win64; x64; rv:77.0) Gecko/20100101 Firefox/77.0"
188.11.87.79 - - [06/Jun/2020:06:56:43 +0000] "GET /gdr/missive/ajax HTTP/1.0" 200 707 "https://www.shenteon.com/gdr/bacheca/thread/show/4251" "Mozilla/5.0 (Windows NT 6.1; WOW64) AppleWebKit/537.36 (KHTML, like Gecko) Chrome/81.0.4044.138 Safari/537.36 OPR/68.0.3618.125"
188.11.87.79 - - [06/Jun/2020:06:56:48 +0000] "GET /gdr/mercato/lista/mercato/1/livello/0/categoria/10?page=2 HTTP/1.0" 200 6006 "https://www.shenteon.com/gdr/mercato/lista/mercato/1/livello/0/categoria/10" "Mozilla/5.0 (Windows NT 6.1; WOW64) AppleWebKit/537.36 (KHTML, like Gecko) Chrome/81.0.4044.138 Safari/537.36 OPR/68.0.3618.125"
188.11.87.79 - - [06/Jun/2020:06:56:49 +0000] "GET /uploads/items/542efa5f05da0.jpg HTTP/1.0" 200 500 "https://www.shenteon.com/gdr/mercato/lista/mercato/1/livello/0/categoria/10?page=2" "Mozilla/5.0 (Windows NT 6.1; WOW64) AppleWebKit/537.36 (KHTML, like Gecko) Chrome/81.0.4044.138 Safari/537.36 OPR/68.0.3618.125"
188.11.87.79 - - [06/Jun/2020:06:56:49 +0000] "GET /uploads/items/542efa5f06760.jpg HTTP/1.0" 200 500 "https://www.shenteon.com/gdr/mercato/lista/mercato/1/livello/0/categoria/10?page=2" "Mozilla/5.0 (Windows NT 6.1; WOW64) AppleWebKit/537.36 (KHTML, like Gecko) Chrome/81.0.4044.138 Safari/537.36 OPR/68.0.3618.125"
188.11.87.79 - - [06/Jun/2020:06:56:49 +0000] "GET /uploads/items/540e0bbbf1071.jpg HTTP/1.0" 200 500 "https://www.shenteon.com/gdr/mercato/lista/mercato/1/livello/0/categoria/10?page=2" "Mozilla/5.0 (Windows NT 6.1; WOW64) AppleWebKit/537.36 (KHTML, like Gecko) Chrome/81.0.4044.138 Safari/537.36 OPR/68.0.3618.125"
188.11.87.79 - - [06/Jun/2020:06:56:49 +0000] "GET /uploads/items/540e0bbbf1333.jpg HTTP/1.0" 200 500 "https://www.shenteon.com/gdr/mercato/lista/mercato/1/livello/0/categoria/10?page=2" "Mozilla/5.0 (Windows NT 6.1; WOW64) AppleWebKit/537.36 (KHTML, like Gecko) Chrome/81.0.4044.138 Safari/537.36 OPR/68.0.3618.125"
188.11.87.79 - - [06/Jun/2020:06:56:49 +0000] "GET /uploads/items/554f58907c38a.jpg HTTP/1.0" 200 500 "https://www.shenteon.com/gdr/mercato/lista/mercato/1/livello/0/categoria/10?page=2" "Mozilla/5.0 (Windows NT 6.1; WOW64) AppleWebKit/537.36 (KHTML, like Gecko) Chrome/81.0.4044.138 Safari/537.36 OPR/68.0.3618.125"
188.11.87.79 - - [06/Jun/2020:06:56:49 +0000] "GET /uploads/items/5236d4fce89ba.png HTTP/1.0" 200 499 "https://www.shenteon.com/gdr/mercato/lista/mercato/1/livello/0/categoria/10?page=2" "Mozilla/5.0 (Windows NT 6.1; WOW64) AppleWebKit/537.36 (KHTML, like Gecko) Chrome/81.0.4044.138 Safari/537.36 OPR/68.0.3618.125"
188.11.87.79 - - [06/Jun/2020:06:56:49 +0000] "GET /uploads/items/5246c4ad1bacf.jpeg HTTP/1.0" 200 501 "https://www.shenteon.com/gdr/mercato/lista/mercato/1/livello/0/categoria/10?page=2" "Mozilla/5.0 (Windows NT 6.1; WOW64) AppleWebKit/537.36 (KHTML, like Gecko) Chrome/81.0.4044.138 Safari/537.36 OPR/68.0.3618.125"
188.11.87.79 - - [06/Jun/2020:06:56:49 +0000] "GET /uploads/items/544914469f3e9.png HTTP/1.0" 200 499 "https://www.shenteon.com/gdr/mercato/lista/mercato/1/livello/0/categoria/10?page=2" "Mozilla/5.0 (Windows NT 6.1; WOW64) AppleWebKit/537.36 (KHTML, like Gecko) Chrome/81.0.4044.138 Safari/537.36 OPR/68.0.3618.125"
188.11.87.79 - - [06/Jun/2020:06:56:49 +0000] "GET /uploads/items/554f58907c6ed.png HTTP/1.0" 200 499 "https://www.shenteon.com/gdr/mercato/lista/mercato/1/livello/0/categoria/10?page=2" "Mozilla/5.0 (Windows NT 6.1; WOW64) AppleWebKit/537.36 (KHTML, like Gecko) Chrome/81.0.4044.138 Safari/537.36 OPR/68.0.3618.125"
188.11.87.79 - - [06/Jun/2020:06:56:49 +0000] "GET /uploads/items/5246c4961783e.jpeg HTTP/1.0" 200 501 "https://www.shenteon.com/gdr/mercato/lista/mercato/1/livello/0/categoria/10?page=2" "Mozilla/5.0 (Windows NT 6.1; WOW64) AppleWebKit/537.36 (KHTML, like Gecko) Chrome/81.0.4044.138 Safari/537.36 OPR/68.0.3618.125"
188.11.87.79 - - [06/Jun/2020:06:56:49 +0000] "GET /uploads/items/5246c47bd45c3.jpeg HTTP/1.0" 200 501 "https://www.shenteon.com/gdr/mercato/lista/mercato/1/livello/0/categoria/10?page=2" "Mozilla/5.0 (Windows NT 6.1; WOW64) AppleWebKit/537.36 (KHTML, like Gecko) Chrome/81.0.4044.138 Safari/537.36 OPR/68.0.3618.125"
188.11.87.79 - - [06/Jun/2020:06:56:49 +0000] "GET /uploads/items/54491470a9d50.png HTTP/1.0" 200 499 "https://www.shenteon.com/gdr/mercato/lista/mercato/1/livello/0/categoria/10?page=2" "Mozilla/5.0 (Windows NT 6.1; WOW64) AppleWebKit/537.36 (KHTML, like Gecko) Chrome/81.0.4044.138 Safari/537.36 OPR/68.0.3618.125"
188.11.87.79 - - [06/Jun/2020:06:56:49 +0000] "GET /js/routing?callback=fos.Router.setData HTTP/1.0" 200 1163 "https://www.shenteon.com/gdr/mercato/lista/mercato/1/livello/0/categoria/10?page=2" "Mozilla/5.0 (Windows NT 6.1; WOW64) AppleWebKit/537.36 (KHTML, like Gecko) Chrome/81.0.4044.138 Safari/537.36 OPR/68.0.3618.125"
188.11.87.79 - - [06/Jun/2020:06:56:50 +0000] "GET /uploads/items/5246c4729ea46.jpeg HTTP/1.0" 200 501 "https://www.shenteon.com/gdr/mercato/lista/mercato/1/livello/0/categoria/10?page=2" "Mozilla/5.0 (Windows NT 6.1; WOW64) AppleWebKit/537.36 (KHTML, like Gecko) Chrome/81.0.4044.138 Safari/537.36 OPR/68.0.3618.125"
188.11.87.79 - - [06/Jun/2020:06:56:50 +0000] "GET /uploads/items/5236d3b69efc0.png HTTP/1.0" 200 499 "https://www.shenteon.com/gdr/mercato/lista/mercato/1/livello/0/categoria/10?page=2" "Mozilla/5.0 (Windows NT 6.1; WOW64) AppleWebKit/537.36 (KHTML, like Gecko) Chrome/81.0.4044.138 Safari/537.36 OPR/68.0.3618.125"
188.11.87.79 - - [06/Jun/2020:06:56:50 +0000] "GET /uploads/items/542ef79d5f256.jpg HTTP/1.0" 200 500 "https://www.shenteon.com/gdr/mercato/lista/mercato/1/livello/0/categoria/10?page=2" "Mozilla/5.0 (Windows NT 6.1; WOW64) AppleWebKit/537.36 (KHTML, like Gecko) Chrome/81.0.4044.138 Safari/537.36 OPR/68.0.3618.125"
188.11.87.79 - - [06/Jun/2020:06:56:50 +0000] "GET /uploads/items/530deff414b0a.jpg HTTP/1.0" 200 500 "https://www.shenteon.com/gdr/mercato/lista/mercato/1/livello/0/categoria/10?page=2" "Mozilla/5.0 (Windows NT 6.1; WOW64) AppleWebKit/537.36 (KHTML, like Gecko) Chrome/81.0.4044.138 Safari/537.36 OPR/68.0.3618.125"
188.11.87.79 - - [06/Jun/2020:06:56:50 +0000] "GET /uploads/items/542ef79d5f4f2.jpg HTTP/1.0" 200 500 "https://www.shenteon.com/gdr/mercato/lista/mercato/1/livello/0/categoria/10?page=2" "Mozilla/5.0 (Windows NT 6.1; WOW64) AppleWebKit/537.36 (KHTML, like Gecko) Chrome/81.0.4044.138 Safari/537.36 OPR/68.0.3618.125"
188.11.87.79 - - [06/Jun/2020:06:56:50 +0000] "GET /uploads/items/530deff415430.jpg HTTP/1.0" 200 500 "https://www.shenteon.com/gdr/mercato/lista/mercato/1/livello/0/categoria/10?page=2" "Mozilla/5.0 (Windows NT 6.1; WOW64) AppleWebKit/537.36 (KHTML, like Gecko) Chrome/81.0.4044.138 Safari/537.36 OPR/68.0.3618.125"
188.11.87.79 - - [06/Jun/2020:06:56:50 +0000] "GET /uploads/items/530def0563b96.jpg HTTP/1.0" 200 500 "https://www.shenteon.com/gdr/mercato/lista/mercato/1/livello/0/categoria/10?page=2" "Mozilla/5.0 (Windows NT 6.1; WOW64) AppleWebKit/537.36 (KHTML, like Gecko) Chrome/81.0.4044.138 Safari/537.36 OPR/68.0.3618.125"
188.11.87.79 - - [06/Jun/2020:06:56:50 +0000] "GET /uploads/items/530def0563d1d.jpg HTTP/1.0" 200 500 "https://www.shenteon.com/gdr/mercato/lista/mercato/1/livello/0/categoria/10?page=2" "Mozilla/5.0 (Windows NT 6.1; WOW64) AppleWebKit/537.36 (KHTML, like Gecko) Chrome/81.0.4044.138 Safari/537.36 OPR/68.0.3618.125"
188.11.87.79 - - [06/Jun/2020:06:56:50 +0000] "GET /uploads/items/530dee8fa4308.jpg HTTP/1.0" 200 500 "https://www.shenteon.com/gdr/mercato/lista/mercato/1/livello/0/categoria/10?page=2" "Mozilla/5.0 (Windows NT 6.1; WOW64) AppleWebKit/537.36 (KHTML, like Gecko) Chrome/81.0.4044.138 Safari/537.36 OPR/68.0.3618.125"
188.11.87.79 - - [06/Jun/2020:06:56:50 +0000] "GET /uploads/items/530dee8fa4509.jpg HTTP/1.0" 200 500 "https://www.shenteon.com/gdr/mercato/lista/mercato/1/livello/0/categoria/10?page=2" "Mozilla/5.0 (Windows NT 6.1; WOW64) AppleWebKit/537.36 (KHTML, like Gecko) Chrome/81.0.4044.138 Safari/537.36 OPR/68.0.3618.125"
188.11.87.79 - - [06/Jun/2020:06:56:50 +0000] "GET /uploads/items/52f889d29272f.jpg HTTP/1.0" 200 500 "https://www.shenteon.com/gdr/mercato/lista/mercato/1/livello/0/categoria/10?page=2" "Mozilla/5.0 (Windows NT 6.1; WOW64) AppleWebKit/537.36 (KHTML, like Gecko) Chrome/81.0.4044.138 Safari/537.36 OPR/68.0.3618.125"
188.11.87.79 - - [06/Jun/2020:06:56:50 +0000] "GET /uploads/items/52f889d292db6.jpg HTTP/1.0" 200 500 "https://www.shenteon.com/gdr/mercato/lista/mercato/1/livello/0/categoria/10?page=2" "Mozilla/5.0 (Windows NT 6.1; WOW64) AppleWebKit/537.36 (KHTML, like Gecko) Chrome/81.0.4044.138 Safari/537.36 OPR/68.0.3618.125"
188.11.87.79 - - [06/Jun/2020:06:56:50 +0000] "GET /uploads/items/531071e636cd0.jpg HTTP/1.0" 200 500 "https://www.shenteon.com/gdr/mercato/lista/mercato/1/livello/0/categoria/10?page=2" "Mozilla/5.0 (Windows NT 6.1; WOW64) AppleWebKit/537.36 (KHTML, like Gecko) Chrome/81.0.4044.138 Safari/537.36 OPR/68.0.3618.125"
188.11.87.79 - - [06/Jun/2020:06:56:50 +0000] "GET /uploads/items/531071b08ab9f.jpg HTTP/1.0" 200 500 "https://www.shenteon.com/gdr/mercato/lista/mercato/1/livello/0/categoria/10?page=2" "Mozilla/5.0 (Windows NT 6.1; WOW64) AppleWebKit/537.36 (KHTML, like Gecko) Chrome/81.0.4044.138 Safari/537.36 OPR/68.0.3618.125"
188.11.87.79 - - [06/Jun/2020:06:56:50 +0000] "GET /uploads/items/531071e636dbb.jpg HTTP/1.0" 200 500 "https://www.shenteon.com/gdr/mercato/lista/mercato/1/livello/0/categoria/10?page=2" "Mozilla/5.0 (Windows NT 6.1; WOW64) AppleWebKit/537.36 (KHTML, like Gecko) Chrome/81.0.4044.138 Safari/537.36 OPR/68.0.3618.125"
188.11.87.79 - - [06/Jun/2020:06:56:50 +0000] "GET /uploads/items/531071b08acba.jpg HTTP/1.0" 200 500 "https://www.shenteon.com/gdr/mercato/lista/mercato/1/livello/0/categoria/10?page=2" "Mozilla/5.0 (Windows NT 6.1; WOW64) AppleWebKit/537.36 (KHTML, like Gecko) Chrome/81.0.4044.138 Safari/537.36 OPR/68.0.3618.125"
188.11.87.79 - - [06/Jun/2020:06:56:50 +0000] "GET /uploads/items/5317994aa87eb.jpg HTTP/1.0" 200 500 "https://www.shenteon.com/gdr/mercato/lista/mercato/1/livello/0/categoria/10?page=2" "Mozilla/5.0 (Windows NT 6.1; WOW64) AppleWebKit/537.36 (KHTML, like Gecko) Chrome/81.0.4044.138 Safari/537.36 OPR/68.0.3618.125"
188.11.87.79 - - [06/Jun/2020:06:56:50 +0000] "GET /uploads/items/5317994aa8cca.jpg HTTP/1.0" 200 500 "https://www.shenteon.com/gdr/mercato/lista/mercato/1/livello/0/categoria/10?page=2" "Mozilla/5.0 (Windows NT 6.1; WOW64) AppleWebKit/537.36 (KHTML, like Gecko) Chrome/81.0.4044.138 Safari/537.36 OPR/68.0.3618.125"
62.221.168.91 - - [06/Jun/2020:06:56:59 +0000] "GET /gdr/missive/ajax HTTP/1.0" 200 707 "https://www.shenteon.com/gdr/editti/visualizza" "Mozilla/5.0 (Windows NT 10.0; Win64; x64; rv:77.0) Gecko/20100101 Firefox/77.0"
188.11.87.79 - - [06/Jun/2020:06:57:03 +0000] "GET /gdr/missive/ajax HTTP/1.0" 200 707 "https://www.shenteon.com/gdr/bacheca/thread/show/4251" "Mozilla/5.0 (Windows NT 6.1; WOW64) AppleWebKit/537.36 (KHTML, like Gecko) Chrome/81.0.4044.138 Safari/537.36 OPR/68.0.3618.125"
188.11.87.79 - - [06/Jun/2020:06:57:10 +0000] "GET /gdr/missive/ajax HTTP/1.0" 200 707 "https://www.shenteon.com/gdr/mercato/lista/mercato/1/livello/0/categoria/10?page=2" "Mozilla/5.0 (Windows NT 6.1; WOW64) AppleWebKit/537.36 (KHTML, like Gecko) Chrome/81.0.4044.138 Safari/537.36 OPR/68.0.3618.125"
62.221.168.91 - - [06/Jun/2020:06:57:20 +0000] "GET /gdr/missive/ajax HTTP/1.0" 200 707 "https://www.shenteon.com/gdr/editti/visualizza" "Mozilla/5.0 (Windows NT 10.0; Win64; x64; rv:77.0) Gecko/20100101 Firefox/77.0"
188.11.87.79 - - [06/Jun/2020:06:57:23 +0000] "GET /gdr/missive/ajax HTTP/1.0" 200 707 "https://www.shenteon.com/gdr/bacheca/thread/show/4251" "Mozilla/5.0 (Windows NT 6.1; WOW64) AppleWebKit/537.36 (KHTML, like Gecko) Chrome/81.0.4044.138 Safari/537.36 OPR/68.0.3618.125"
188.11.87.79 - - [06/Jun/2020:06:57:30 +0000] "GET /gdr/missive/ajax HTTP/1.0" 200 707 "https://www.shenteon.com/gdr/mercato/lista/mercato/1/livello/0/categoria/10?page=2" "Mozilla/5.0 (Windows NT 6.1; WOW64) AppleWebKit/537.36 (KHTML, like Gecko) Chrome/81.0.4044.138 Safari/537.36 OPR/68.0.3618.125"
62.221.168.91 - - [06/Jun/2020:06:57:40 +0000] "GET /gdr/missive/ajax HTTP/1.0" 200 707 "https://www.shenteon.com/gdr/editti/visualizza" "Mozilla/5.0 (Windows NT 10.0; Win64; x64; rv:77.0) Gecko/20100101 Firefox/77.0"
188.11.87.79 - - [06/Jun/2020:06:57:43 +0000] "GET /gdr/missive/ajax HTTP/1.0" 200 707 "https://www.shenteon.com/gdr/bacheca/thread/show/4251" "Mozilla/5.0 (Windows NT 6.1; WOW64) AppleWebKit/537.36 (KHTML, like Gecko) Chrome/81.0.4044.138 Safari/537.36 OPR/68.0.3618.125"
188.11.87.79 - - [06/Jun/2020:06:57:50 +0000] "GET /gdr/missive/ajax HTTP/1.0" 200 707 "https://www.shenteon.com/gdr/mercato/lista/mercato/1/livello/0/categoria/10?page=2" "Mozilla/5.0 (Windows NT 6.1; WOW64) AppleWebKit/537.36 (KHTML, like Gecko) Chrome/81.0.4044.138 Safari/537.36 OPR/68.0.3618.125"
62.221.168.91 - - [06/Jun/2020:06:58:00 +0000] "GET /gdr/missive/ajax HTTP/1.0" 200 707 "https://www.shenteon.com/gdr/editti/visualizza" "Mozilla/5.0 (Windows NT 10.0; Win64; x64; rv:77.0) Gecko/20100101 Firefox/77.0"
188.11.87.79 - - [06/Jun/2020:06:58:03 +0000] "GET /gdr/missive/ajax HTTP/1.0" 200 707 "https://www.shenteon.com/gdr/bacheca/thread/show/4251" "Mozilla/5.0 (Windows NT 6.1; WOW64) AppleWebKit/537.36 (KHTML, like Gecko) Chrome/81.0.4044.138 Safari/537.36 OPR/68.0.3618.125"
188.11.87.79 - - [06/Jun/2020:06:58:03 +0000] "GET /gdr/presenti/show-in-and-out HTTP/1.0" 200 660 "https://www.shenteon.com/gdr/bacheca/thread/show/4251" "Mozilla/5.0 (Windows NT 6.1; WOW64) AppleWebKit/537.36 (KHTML, like Gecko) Chrome/81.0.4044.138 Safari/537.36 OPR/68.0.3618.125"
188.11.87.79 - - [06/Jun/2020:06:58:10 +0000] "GET /gdr/missive/ajax HTTP/1.0" 200 707 "https://www.shenteon.com/gdr/mercato/lista/mercato/1/livello/0/categoria/10?page=2" "Mozilla/5.0 (Windows NT 6.1; WOW64) AppleWebKit/537.36 (KHTML, like Gecko) Chrome/81.0.4044.138 Safari/537.36 OPR/68.0.3618.125"
62.221.168.91 - - [06/Jun/2020:06:58:20 +0000] "GET /gdr/missive/ajax HTTP/1.0" 200 707 "https://www.shenteon.com/gdr/editti/visualizza" "Mozilla/5.0 (Windows NT 10.0; Win64; x64; rv:77.0) Gecko/20100101 Firefox/77.0"
62.221.168.91 - - [06/Jun/2020:06:58:20 +0000] "GET /gdr/presenti/show-in-and-out HTTP/1.0" 200 660 "https://www.shenteon.com/gdr/editti/visualizza" "Mozilla/5.0 (Windows NT 10.0; Win64; x64; rv:77.0) Gecko/20100101 Firefox/77.0"
188.11.87.79 - - [06/Jun/2020:06:58:23 +0000] "GET /gdr/missive/ajax HTTP/1.0" 200 707 "https://www.shenteon.com/gdr/bacheca/thread/show/4251" "Mozilla/5.0 (Windows NT 6.1; WOW64) AppleWebKit/537.36 (KHTML, like Gecko) Chrome/81.0.4044.138 Safari/537.36 OPR/68.0.3618.125"
188.11.87.79 - - [06/Jun/2020:06:58:30 +0000] "GET /gdr/missive/ajax HTTP/1.0" 200 707 "https://www.shenteon.com/gdr/mercato/lista/mercato/1/livello/0/categoria/10?page=2" "Mozilla/5.0 (Windows NT 6.1; WOW64) AppleWebKit/537.36 (KHTML, like Gecko) Chrome/81.0.4044.138 Safari/537.36 OPR/68.0.3618.125"
62.221.168.91 - - [06/Jun/2020:06:58:40 +0000] "GET /gdr/missive/ajax HTTP/1.0" 200 707 "https://www.shenteon.com/gdr/editti/visualizza" "Mozilla/5.0 (Windows NT 10.0; Win64; x64; rv:77.0) Gecko/20100101 Firefox/77.0"
78.15.74.17 - - [06/Jun/2020:06:58:41 +0000] "GET /gdr/missive/ajax HTTP/1.0" 200 707 "https://www.shenteon.com/gdr/avatar" "Mozilla/5.0 (Linux; Android 9; Redmi Note 8T) AppleWebKit/537.36 (KHTML, like Gecko) Chrome/83.0.4103.96 Mobile Safari/537.36"
188.11.87.79 - - [06/Jun/2020:06:58:43 +0000] "GET /gdr/missive/ajax HTTP/1.0" 200 707 "https://www.shenteon.com/gdr/bacheca/thread/show/4251" "Mozilla/5.0 (Windows NT 6.1; WOW64) AppleWebKit/537.36 (KHTML, like Gecko) Chrome/81.0.4044.138 Safari/537.36 OPR/68.0.3618.125"
188.11.87.79 - - [06/Jun/2020:06:58:50 +0000] "GET /gdr/missive/ajax HTTP/1.0" 200 707 "https://www.shenteon.com/gdr/mercato/lista/mercato/1/livello/0/categoria/10?page=2" "Mozilla/5.0 (Windows NT 6.1; WOW64) AppleWebKit/537.36 (KHTML, like Gecko) Chrome/81.0.4044.138 Safari/537.36 OPR/68.0.3618.125"
188.11.87.79 - - [06/Jun/2020:06:58:50 +0000] "GET /gdr/presenti/show-in-and-out HTTP/1.0" 200 660 "https://www.shenteon.com/gdr/mercato/lista/mercato/1/livello/0/categoria/10?page=2" "Mozilla/5.0 (Windows NT 6.1; WOW64) AppleWebKit/537.36 (KHTML, like Gecko) Chrome/81.0.4044.138 Safari/537.36 OPR/68.0.3618.125"
62.221.168.91 - - [06/Jun/2020:06:59:00 +0000] "GET /gdr/missive/ajax HTTP/1.0" 200 707 "https://www.shenteon.com/gdr/editti/visualizza" "Mozilla/5.0 (Windows NT 10.0; Win64; x64; rv:77.0) Gecko/20100101 Firefox/77.0"
188.11.87.79 - - [06/Jun/2020:06:59:03 +0000] "GET /gdr/missive/ajax HTTP/1.0" 200 707 "https://www.shenteon.com/gdr/bacheca/thread/show/4251" "Mozilla/5.0 (Windows NT 6.1; WOW64) AppleWebKit/537.36 (KHTML, like Gecko) Chrome/81.0.4044.138 Safari/537.36 OPR/68.0.3618.125"
188.11.87.79 - - [06/Jun/2020:06:59:10 +0000] "GET /gdr/missive/ajax HTTP/1.0" 200 707 "https://www.shenteon.com/gdr/mercato/lista/mercato/1/livello/0/categoria/10?page=2" "Mozilla/5.0 (Windows NT 6.1; WOW64) AppleWebKit/537.36 (KHTML, like Gecko) Chrome/81.0.4044.138 Safari/537.36 OPR/68.0.3618.125"
62.221.168.91 - - [06/Jun/2020:06:59:20 +0000] "GET /gdr/meteo/show HTTP/1.0" 200 799 "https://www.shenteon.com/gdr/editti/visualizza" "Mozilla/5.0 (Windows NT 10.0; Win64; x64; rv:77.0) Gecko/20100101 Firefox/77.0"
62.221.168.91 - - [06/Jun/2020:06:59:21 +0000] "GET /gdr/missive/ajax HTTP/1.0" 200 707 "https://www.shenteon.com/gdr/editti/visualizza" "Mozilla/5.0 (Windows NT 10.0; Win64; x64; rv:77.0) Gecko/20100101 Firefox/77.0"
62.221.168.91 - - [06/Jun/2020:06:59:20 +0000] "GET /gdr/meteo/date HTTP/1.0" 200 603 "https://www.shenteon.com/gdr/editti/visualizza" "Mozilla/5.0 (Windows NT 10.0; Win64; x64; rv:77.0) Gecko/20100101 Firefox/77.0"
62.221.168.91 - - [06/Jun/2020:06:59:20 +0000] "GET /gdr/marque/show HTTP/1.0" 200 894 "https://www.shenteon.com/gdr/editti/visualizza" "Mozilla/5.0 (Windows NT 10.0; Win64; x64; rv:77.0) Gecko/20100101 Firefox/77.0"
188.11.87.79 - - [06/Jun/2020:06:59:23 +0000] "GET /gdr/missive/ajax HTTP/1.0" 200 707 "https://www.shenteon.com/gdr/bacheca/thread/show/4251" "Mozilla/5.0 (Windows NT 6.1; WOW64) AppleWebKit/537.36 (KHTML, like Gecko) Chrome/81.0.4044.138 Safari/537.36 OPR/68.0.3618.125"
188.11.87.79 - - [06/Jun/2020:06:59:30 +0000] "GET /gdr/missive/ajax HTTP/1.0" 200 707 "https://www.shenteon.com/gdr/mercato/lista/mercato/1/livello/0/categoria/10?page=2" "Mozilla/5.0 (Windows NT 6.1; WOW64) AppleWebKit/537.36 (KHTML, like Gecko) Chrome/81.0.4044.138 Safari/537.36 OPR/68.0.3618.125"
62.221.168.91 - - [06/Jun/2020:06:59:42 +0000] "GET /gdr/missive/ajax HTTP/1.0" 200 707 "https://www.shenteon.com/gdr/editti/visualizza" "Mozilla/5.0 (Windows NT 10.0; Win64; x64; rv:77.0) Gecko/20100101 Firefox/77.0"
188.11.87.79 - - [06/Jun/2020:06:59:43 +0000] "GET /gdr/missive/ajax HTTP/1.0" 200 707 "https://www.shenteon.com/gdr/bacheca/thread/show/4251" "Mozilla/5.0 (Windows NT 6.1; WOW64) AppleWebKit/537.36 (KHTML, like Gecko) Chrome/81.0.4044.138 Safari/537.36 OPR/68.0.3618.125"
188.11.87.79 - - [06/Jun/2020:06:59:50 +0000] "GET /gdr/missive/ajax HTTP/1.0" 200 707 "https://www.shenteon.com/gdr/mercato/lista/mercato/1/livello/0/categoria/10?page=2" "Mozilla/5.0 (Windows NT 6.1; WOW64) AppleWebKit/537.36 (KHTML, like Gecko) Chrome/81.0.4044.138 Safari/537.36 OPR/68.0.3618.125"
46.165.252.196 - - [06/Jun/2020:07:00:02 +0000] "GET /cron/meteo/check HTTP/1.0" 200 565 "-" "Wget/1.14 (linux-gnu)"
62.221.168.91 - - [06/Jun/2020:07:00:02 +0000] "GET /gdr/missive/ajax HTTP/1.0" 200 707 "https://www.shenteon.com/gdr/editti/visualizza" "Mozilla/5.0 (Windows NT 10.0; Win64; x64; rv:77.0) Gecko/20100101 Firefox/77.0"
188.11.87.79 - - [06/Jun/2020:07:00:03 +0000] "GET /gdr/missive/ajax HTTP/1.0" 200 707 "https://www.shenteon.com/gdr/bacheca/thread/show/4251" "Mozilla/5.0 (Windows NT 6.1; WOW64) AppleWebKit/537.36 (KHTML, like Gecko) Chrome/81.0.4044.138 Safari/537.36 OPR/68.0.3618.125"
188.11.87.79 - - [06/Jun/2020:07:00:03 +0000] "GET /gdr/presenti/show-in-and-out HTTP/1.0" 200 660 "https://www.shenteon.com/gdr/bacheca/thread/show/4251" "Mozilla/5.0 (Windows NT 6.1; WOW64) AppleWebKit/537.36 (KHTML, like Gecko) Chrome/81.0.4044.138 Safari/537.36 OPR/68.0.3618.125"
188.11.87.79 - - [06/Jun/2020:07:00:10 +0000] "GET /gdr/missive/ajax HTTP/1.0" 200 707 "https://www.shenteon.com/gdr/mercato/lista/mercato/1/livello/0/categoria/10?page=2" "Mozilla/5.0 (Windows NT 6.1; WOW64) AppleWebKit/537.36 (KHTML, like Gecko) Chrome/81.0.4044.138 Safari/537.36 OPR/68.0.3618.125"
62.221.168.91 - - [06/Jun/2020:07:00:20 +0000] "GET /gdr/presenti/show-in-and-out HTTP/1.0" 200 660 "https://www.shenteon.com/gdr/editti/visualizza" "Mozilla/5.0 (Windows NT 10.0; Win64; x64; rv:77.0) Gecko/20100101 Firefox/77.0"
62.221.168.91 - - [06/Jun/2020:07:00:22 +0000] "GET /gdr/missive/ajax HTTP/1.0" 200 707 "https://www.shenteon.com/gdr/editti/visualizza" "Mozilla/5.0 (Windows NT 10.0; Win64; x64; rv:77.0) Gecko/20100101 Firefox/77.0"
188.11.87.79 - - [06/Jun/2020:07:00:23 +0000] "GET /gdr/missive/ajax HTTP/1.0" 200 707 "https://www.shenteon.com/gdr/bacheca/thread/show/4251" "Mozilla/5.0 (Windows NT 6.1; WOW64) AppleWebKit/537.36 (KHTML, like Gecko) Chrome/81.0.4044.138 Safari/537.36 OPR/68.0.3618.125"
188.11.87.79 - - [06/Jun/2020:07:00:30 +0000] "GET /gdr/missive/ajax HTTP/1.0" 200 707 "https://www.shenteon.com/gdr/mercato/lista/mercato/1/livello/0/categoria/10?page=2" "Mozilla/5.0 (Windows NT 6.1; WOW64) AppleWebKit/537.36 (KHTML, like Gecko) Chrome/81.0.4044.138 Safari/537.36 OPR/68.0.3618.125"
62.221.168.91 - - [06/Jun/2020:07:00:42 +0000] "GET /gdr/missive/ajax HTTP/1.0" 200 707 "https://www.shenteon.com/gdr/editti/visualizza" "Mozilla/5.0 (Windows NT 10.0; Win64; x64; rv:77.0) Gecko/20100101 Firefox/77.0"
188.11.87.79 - - [06/Jun/2020:07:00:43 +0000] "GET /gdr/missive/ajax HTTP/1.0" 200 707 "https://www.shenteon.com/gdr/bacheca/thread/show/4251" "Mozilla/5.0 (Windows NT 6.1; WOW64) AppleWebKit/537.36 (KHTML, like Gecko) Chrome/81.0.4044.138 Safari/537.36 OPR/68.0.3618.125"
188.11.87.79 - - [06/Jun/2020:07:00:50 +0000] "GET /gdr/missive/ajax HTTP/1.0" 200 707 "https://www.shenteon.com/gdr/mercato/lista/mercato/1/livello/0/categoria/10?page=2" "Mozilla/5.0 (Windows NT 6.1; WOW64) AppleWebKit/537.36 (KHTML, like Gecko) Chrome/81.0.4044.138 Safari/537.36 OPR/68.0.3618.125"
188.11.87.79 - - [06/Jun/2020:07:00:50 +0000] "GET /gdr/presenti/show-in-and-out HTTP/1.0" 200 660 "https://www.shenteon.com/gdr/mercato/lista/mercato/1/livello/0/categoria/10?page=2" "Mozilla/5.0 (Windows NT 6.1; WOW64) AppleWebKit/537.36 (KHTML, like Gecko) Chrome/81.0.4044.138 Safari/537.36 OPR/68.0.3618.125"
62.221.168.91 - - [06/Jun/2020:07:01:02 +0000] "GET /gdr/missive/ajax HTTP/1.0" 200 707 "https://www.shenteon.com/gdr/editti/visualizza" "Mozilla/5.0 (Windows NT 10.0; Win64; x64; rv:77.0) Gecko/20100101 Firefox/77.0"
188.11.87.79 - - [06/Jun/2020:07:01:03 +0000] "GET /gdr/missive/ajax HTTP/1.0" 200 707 "https://www.shenteon.com/gdr/bacheca/thread/show/4251" "Mozilla/5.0 (Windows NT 6.1; WOW64) AppleWebKit/537.36 (KHTML, like Gecko) Chrome/81.0.4044.138 Safari/537.36 OPR/68.0.3618.125"
188.11.87.79 - - [06/Jun/2020:07:01:03 +0000] "GET /gdr/meteo/show HTTP/1.0" 200 799 "https://www.shenteon.com/gdr/bacheca/thread/show/4251" "Mozilla/5.0 (Windows NT 6.1; WOW64) AppleWebKit/537.36 (KHTML, like Gecko) Chrome/81.0.4044.138 Safari/537.36 OPR/68.0.3618.125"
188.11.87.79 - - [06/Jun/2020:07:01:03 +0000] "GET /gdr/marque/show HTTP/1.0" 200 894 "https://www.shenteon.com/gdr/bacheca/thread/show/4251" "Mozilla/5.0 (Windows NT 6.1; WOW64) AppleWebKit/537.36 (KHTML, like Gecko) Chrome/81.0.4044.138 Safari/537.36 OPR/68.0.3618.125"
188.11.87.79 - - [06/Jun/2020:07:01:03 +0000] "GET /gdr/meteo/date HTTP/1.0" 200 603 "https://www.shenteon.com/gdr/bacheca/thread/show/4251" "Mozilla/5.0 (Windows NT 6.1; WOW64) AppleWebKit/537.36 (KHTML, like Gecko) Chrome/81.0.4044.138 Safari/537.36 OPR/68.0.3618.125"
188.11.87.79 - - [06/Jun/2020:07:01:10 +0000] "GET /gdr/missive/ajax HTTP/1.0" 200 707 "https://www.shenteon.com/gdr/mercato/lista/mercato/1/livello/0/categoria/10?page=2" "Mozilla/5.0 (Windows NT 6.1; WOW64) AppleWebKit/537.36 (KHTML, like Gecko) Chrome/81.0.4044.138 Safari/537.36 OPR/68.0.3618.125"
62.221.168.91 - - [06/Jun/2020:07:01:22 +0000] "GET /gdr/missive/ajax HTTP/1.0" 200 3805 "https://www.shenteon.com/gdr/editti/visualizza" "Mozilla/5.0 (Windows NT 10.0; Win64; x64; rv:77.0) Gecko/20100101 Firefox/77.0"
188.11.87.79 - - [06/Jun/2020:07:01:23 +0000] "GET /gdr/missive/ajax HTTP/1.0" 200 707 "https://www.shenteon.com/gdr/bacheca/thread/show/4251" "Mozilla/5.0 (Windows NT 6.1; WOW64) AppleWebKit/537.36 (KHTML, like Gecko) Chrome/81.0.4044.138 Safari/537.36 OPR/68.0.3618.125"
188.11.87.79 - - [06/Jun/2020:07:01:30 +0000] "GET /gdr/missive/ajax HTTP/1.0" 200 707 "https://www.shenteon.com/gdr/mercato/lista/mercato/1/livello/0/categoria/10?page=2" "Mozilla/5.0 (Windows NT 6.1; WOW64) AppleWebKit/537.36 (KHTML, like Gecko) Chrome/81.0.4044.138 Safari/537.36 OPR/68.0.3618.125"
62.221.168.91 - - [06/Jun/2020:07:01:42 +0000] "GET /gdr/missive/ajax HTTP/1.0" 200 707 "https://www.shenteon.com/gdr/editti/visualizza" "Mozilla/5.0 (Windows NT 10.0; Win64; x64; rv:77.0) Gecko/20100101 Firefox/77.0"
188.11.87.79 - - [06/Jun/2020:07:01:43 +0000] "GET /gdr/missive/ajax HTTP/1.0" 200 707 "https://www.shenteon.com/gdr/bacheca/thread/show/4251" "Mozilla/5.0 (Windows NT 6.1; WOW64) AppleWebKit/537.36 (KHTML, like Gecko) Chrome/81.0.4044.138 Safari/537.36 OPR/68.0.3618.125"
188.11.87.79 - - [06/Jun/2020:07:01:50 +0000] "GET /gdr/missive/ajax HTTP/1.0" 200 707 "https://www.shenteon.com/gdr/mercato/lista/mercato/1/livello/0/categoria/10?page=2" "Mozilla/5.0 (Windows NT 6.1; WOW64) AppleWebKit/537.36 (KHTML, like Gecko) Chrome/81.0.4044.138 Safari/537.36 OPR/68.0.3618.125"
188.11.87.79 - - [06/Jun/2020:07:01:50 +0000] "GET /gdr/meteo/show HTTP/1.0" 200 799 "https://www.shenteon.com/gdr/mercato/lista/mercato/1/livello/0/categoria/10?page=2" "Mozilla/5.0 (Windows NT 6.1; WOW64) AppleWebKit/537.36 (KHTML, like Gecko) Chrome/81.0.4044.138 Safari/537.36 OPR/68.0.3618.125"
188.11.87.79 - - [06/Jun/2020:07:01:50 +0000] "GET /gdr/meteo/date HTTP/1.0" 200 603 "https://www.shenteon.com/gdr/mercato/lista/mercato/1/livello/0/categoria/10?page=2" "Mozilla/5.0 (Windows NT 6.1; WOW64) AppleWebKit/537.36 (KHTML, like Gecko) Chrome/81.0.4044.138 Safari/537.36 OPR/68.0.3618.125"
62.221.168.91 - - [06/Jun/2020:07:02:02 +0000] "GET /gdr/missive/ajax HTTP/1.0" 200 707 "https://www.shenteon.com/gdr/editti/visualizza" "Mozilla/5.0 (Windows NT 10.0; Win64; x64; rv:77.0) Gecko/20100101 Firefox/77.0"
188.11.87.79 - - [06/Jun/2020:07:02:03 +0000] "GET /gdr/presenti/show-in-and-out HTTP/1.0" 200 660 "https://www.shenteon.com/gdr/bacheca/thread/show/4251" "Mozilla/5.0 (Windows NT 6.1; WOW64) AppleWebKit/537.36 (KHTML, like Gecko) Chrome/81.0.4044.138 Safari/537.36 OPR/68.0.3618.125"
188.11.87.79 - - [06/Jun/2020:07:02:03 +0000] "GET /gdr/missive/ajax HTTP/1.0" 200 707 "https://www.shenteon.com/gdr/bacheca/thread/show/4251" "Mozilla/5.0 (Windows NT 6.1; WOW64) AppleWebKit/537.36 (KHTML, like Gecko) Chrome/81.0.4044.138 Safari/537.36 OPR/68.0.3618.125"
188.11.87.79 - - [06/Jun/2020:07:02:10 +0000] "GET /gdr/missive/ajax HTTP/1.0" 200 707 "https://www.shenteon.com/gdr/mercato/lista/mercato/1/livello/0/categoria/10?page=2" "Mozilla/5.0 (Windows NT 6.1; WOW64) AppleWebKit/537.36 (KHTML, like Gecko) Chrome/81.0.4044.138 Safari/537.36 OPR/68.0.3618.125"
62.221.168.91 - - [06/Jun/2020:07:02:20 +0000] "GET /gdr/presenti/show-in-and-out HTTP/1.0" 200 660 "https://www.shenteon.com/gdr/editti/visualizza" "Mozilla/5.0 (Windows NT 10.0; Win64; x64; rv:77.0) Gecko/20100101 Firefox/77.0"
62.221.168.91 - - [06/Jun/2020:07:02:22 +0000] "GET /gdr/missive/ajax HTTP/1.0" 200 707 "https://www.shenteon.com/gdr/editti/visualizza" "Mozilla/5.0 (Windows NT 10.0; Win64; x64; rv:77.0) Gecko/20100101 Firefox/77.0"
188.11.87.79 - - [06/Jun/2020:07:02:23 +0000] "GET /gdr/missive/ajax HTTP/1.0" 200 707 "https://www.shenteon.com/gdr/bacheca/thread/show/4251" "Mozilla/5.0 (Windows NT 6.1; WOW64) AppleWebKit/537.36 (KHTML, like Gecko) Chrome/81.0.4044.138 Safari/537.36 OPR/68.0.3618.125"
188.11.87.79 - - [06/Jun/2020:07:02:30 +0000] "GET /gdr/missive/ajax HTTP/1.0" 200 707 "https://www.shenteon.com/gdr/mercato/lista/mercato/1/livello/0/categoria/10?page=2" "Mozilla/5.0 (Windows NT 6.1; WOW64) AppleWebKit/537.36 (KHTML, like Gecko) Chrome/81.0.4044.138 Safari/537.36 OPR/68.0.3618.125"
62.221.168.91 - - [06/Jun/2020:07:02:42 +0000] "GET /gdr/missive/ajax HTTP/1.0" 200 707 "https://www.shenteon.com/gdr/editti/visualizza" "Mozilla/5.0 (Windows NT 10.0; Win64; x64; rv:77.0) Gecko/20100101 Firefox/77.0"
